Archive member included because of file (symbol)

.\CortexM0\ARM_GCC_493\Debug\AN91162 - Custom Profile.a(cyfitter_cfg.o)
                              .\CortexM0\ARM_GCC_493\Debug\Cm0Start.o (cyfitter_cfg)
.\CortexM0\ARM_GCC_493\Debug\AN91162 - Custom Profile.a(BLE.o)
                              .\CortexM0\ARM_GCC_493\Debug\main.o (CyBle_Start)
.\CortexM0\ARM_GCC_493\Debug\AN91162 - Custom Profile.a(BLE_gatt.o)
                              .\CortexM0\ARM_GCC_493\Debug\BLEProcess.o (cyBle_state)
.\CortexM0\ARM_GCC_493\Debug\AN91162 - Custom Profile.a(BLE_eventHandler.o)
                              .\CortexM0\ARM_GCC_493\Debug\BLEProcess.o (cyBle_connHandle)
.\CortexM0\ARM_GCC_493\Debug\AN91162 - Custom Profile.a(BLE_custom.o)
                              .\CortexM0\ARM_GCC_493\Debug\AN91162 - Custom Profile.a(BLE.o) (CyBle_CustomInit)
.\CortexM0\ARM_GCC_493\Debug\AN91162 - Custom Profile.a(PrISM_1.o)
                              .\CortexM0\ARM_GCC_493\Debug\main.o (PrISM_1_WritePulse0)
.\CortexM0\ARM_GCC_493\Debug\AN91162 - Custom Profile.a(PrISM_2.o)
                              .\CortexM0\ARM_GCC_493\Debug\main.o (PrISM_2_WritePulse0)
.\CortexM0\ARM_GCC_493\Debug\AN91162 - Custom Profile.a(RED.o)
                              .\CortexM0\ARM_GCC_493\Debug\main.o (RED_SetDriveMode)
.\CortexM0\ARM_GCC_493\Debug\AN91162 - Custom Profile.a(GREEN.o)
                              .\CortexM0\ARM_GCC_493\Debug\main.o (GREEN_SetDriveMode)
.\CortexM0\ARM_GCC_493\Debug\AN91162 - Custom Profile.a(BLUE.o)
                              .\CortexM0\ARM_GCC_493\Debug\main.o (BLUE_SetDriveMode)
.\CortexM0\ARM_GCC_493\Debug\AN91162 - Custom Profile.a(CyBootAsmGnu.o)
                              .\CortexM0\ARM_GCC_493\Debug\AN91162 - Custom Profile.a(cyfitter_cfg.o) (CyDelayCycles)
.\CortexM0\ARM_GCC_493\Debug\AN91162 - Custom Profile.a(CyLib.o)
                              .\CortexM0\ARM_GCC_493\Debug\AN91162 - Custom Profile.a(cyfitter_cfg.o) (CySysClkWriteImoFreq)
.\CortexM0\ARM_GCC_493\Debug\AN91162 - Custom Profile.a(CyLFClk.o)
                              .\CortexM0\ARM_GCC_493\Debug\AN91162 - Custom Profile.a(cyfitter_cfg.o) (CySysClkWcoStart)
C:\Program Files (x86)\Cypress\PSoC Creator\3.3\PSoC Creator\psoc\content\cycomponentlibrary\CyComponentLibrary.cylib\BLE_v2_20\Library\gccCyBLEStack_BLE_SOC_PERIPHERAL.a(CyBle.o)
                              .\CortexM0\ARM_GCC_493\Debug\main.o (CyBle_ProcessEvents)
C:\Program Files (x86)\Cypress\PSoC Creator\3.3\PSoC Creator\psoc\content\cycomponentlibrary\CyComponentLibrary.cylib\BLE_v2_20\Library\gccCyBLEStack_BLE_SOC_PERIPHERAL.a(CyBleStackMgrIP_Interface.o)
                              C:\Program Files (x86)\Cypress\PSoC Creator\3.3\PSoC Creator\psoc\content\cycomponentlibrary\CyComponentLibrary.cylib\BLE_v2_20\Library\gccCyBLEStack_BLE_SOC_PERIPHERAL.a(CyBle.o) (CyBleStackMgr_Init)
C:\Program Files (x86)\Cypress\PSoC Creator\3.3\PSoC Creator\psoc\content\cycomponentlibrary\CyComponentLibrary.cylib\BLE_v2_20\Library\gccCyBLEStack_BLE_SOC_PERIPHERAL.a(BT_os.o)
                              C:\Program Files (x86)\Cypress\PSoC Creator\3.3\PSoC Creator\psoc\content\cycomponentlibrary\CyComponentLibrary.cylib\BLE_v2_20\Library\gccCyBLEStack_BLE_SOC_PERIPHERAL.a(CyBleStackMgrIP_Interface.o) (cyBleStackMemoryConfig)
C:\Program Files (x86)\Cypress\PSoC Creator\3.3\PSoC Creator\psoc\content\cycomponentlibrary\CyComponentLibrary.cylib\BLE_v2_20\Library\gccCyBLEStack_BLE_SOC_PERIPHERAL.a(CyBleStackMgr_StackTaskHandler.o)
                              C:\Program Files (x86)\Cypress\PSoC Creator\3.3\PSoC Creator\psoc\content\cycomponentlibrary\CyComponentLibrary.cylib\BLE_v2_20\Library\gccCyBLEStack_BLE_SOC_PERIPHERAL.a(CyBleStackMgrIP_Interface.o) (CyBle_CreateBleStackTask)
C:\Program Files (x86)\Cypress\PSoC Creator\3.3\PSoC Creator\psoc\content\cycomponentlibrary\CyComponentLibrary.cylib\BLE_v2_20\Library\gccCyBLEStack_BLE_SOC_PERIPHERAL.a(transport_sf.o)
                              C:\Program Files (x86)\Cypress\PSoC Creator\3.3\PSoC Creator\psoc\content\cycomponentlibrary\CyComponentLibrary.cylib\BLE_v2_20\Library\gccCyBLEStack_BLE_SOC_PERIPHERAL.a(CyBleStackMgr_StackTaskHandler.o) (hci_soft_transport_notify_data_received)
C:\Program Files (x86)\Cypress\PSoC Creator\3.3\PSoC Creator\psoc\content\cycomponentlibrary\CyComponentLibrary.cylib\BLE_v2_20\Library\gccCyBLEStack_BLE_SOC_PERIPHERAL.a(CyBleStackMgr_PSoCHal.o)
                              C:\Program Files (x86)\Cypress\PSoC Creator\3.3\PSoC Creator\psoc\content\cycomponentlibrary\CyComponentLibrary.cylib\BLE_v2_20\Library\gccCyBLEStack_BLE_SOC_PERIPHERAL.a(CyBleStackMgrIP_Interface.o) (CyBleStackMgr_HalInit)
C:\Program Files (x86)\Cypress\PSoC Creator\3.3\PSoC Creator\psoc\content\cycomponentlibrary\CyComponentLibrary.cylib\BLE_v2_20\Library\gccCyBLEStack_BLE_SOC_PERIPHERAL.a(CyBleStackMgr_BleSSDriver.o)
[...]
Memory Configuration

Name             Origin             Length             Attributes
rom              0x00000000         0x00020000         xr
ram              0x20000000         0x00004000         xrw
*default*        0x00000000         0xffffffff

Linker script and memory map

LOAD c:/program files (x86)/cypress/psoc creator/3.3/psoc creator/import/gnu/arm/4.9.3/bin/../lib/gcc/arm-none-eabi/4.9.3/armv6-m/crti.o
LOAD c:/program files (x86)/cypress/psoc creator/3.3/psoc creator/import/gnu/arm/4.9.3/bin/../lib/gcc/arm-none-eabi/4.9.3/armv6-m/crtbegin.o
LOAD c:/program files (x86)/cypress/psoc creator/3.3/psoc creator/import/gnu/arm/4.9.3/bin/../lib/gcc/arm-none-eabi/4.9.3/../../../../arm-none-eabi/lib/armv6-m/crt0.o
START GROUP
LOAD .\CortexM0\ARM_GCC_493\Debug\main.o
LOAD .\CortexM0\ARM_GCC_493\Debug\led.o
LOAD .\CortexM0\ARM_GCC_493\Debug\BLEProcess.o
LOAD .\CortexM0\ARM_GCC_493\Debug\cymetadata.o
LOAD .\CortexM0\ARM_GCC_493\Debug\Cm0Start.o
LOAD .\CortexM0\ARM_GCC_493\Debug\AN91162 - Custom Profile.a
LOAD C:\Program Files (x86)\Cypress\PSoC Creator\3.3\PSoC Creator\psoc\content\cycomponentlibrary\CyComponentLibrary.cylib\BLE_v2_20\Library\gccCyBLEStack_BLE_SOC_PERIPHERAL.a
LOAD C:\Program Files (x86)\Cypress\PSoC Creator\3.3\PSoC Creator\psoc\content\cycomponentlibrary\CyComponentLibrary.cylib\CortexM0\ARM_GCC_493\Debug\CyComponentLibrary.a
END GROUP
START GROUP
LOAD c:/program files (x86)/cypress/psoc creator/3.3/psoc creator/import/gnu/arm/4.9.3/bin/../lib/gcc/arm-none-eabi/4.9.3/armv6-m\libgcc.a
LOAD c:/program files (x86)/cypress/psoc creator/3.3/psoc creator/import/gnu/arm/4.9.3/bin/../lib/gcc/arm-none-eabi/4.9.3/../../../../arm-none-eabi/lib/armv6-m\libg_nano.a
LOAD c:/program files (x86)/cypress/psoc creator/3.3/psoc creator/import/gnu/arm/4.9.3/bin/../lib/gcc/arm-none-eabi/4.9.3/../../../../arm-none-eabi/lib/armv6-m\libc_nano.a
END GROUP
START GROUP
LOAD c:/program files (x86)/cypress/psoc creator/3.3/psoc creator/import/gnu/arm/4.9.3/bin/../lib/gcc/arm-none-eabi/4.9.3/armv6-m\libgcc.a
LOAD c:/program files (x86)/cypress/psoc creator/3.3/psoc creator/import/gnu/arm/4.9.3/bin/../lib/gcc/arm-none-eabi/4.9.3/../../../../arm-none-eabi/lib/armv6-m\libc_nano.a
END GROUP
LOAD c:/program files (x86)/cypress/psoc creator/3.3/psoc creator/import/gnu/arm/4.9.3/bin/../lib/gcc/arm-none-eabi/4.9.3/armv6-m/crtend.o
LOAD c:/program files (x86)/cypress/psoc creator/3.3/psoc creator/import/gnu/arm/4.9.3/bin/../lib/gcc/arm-none-eabi/4.9.3/armv6-m/crtn.o
START GROUP
LOAD c:/program files (x86)/cypress/psoc creator/3.3/psoc creator/import/gnu/arm/4.9.3/bin/../lib/gcc/arm-none-eabi/4.9.3/armv6-m\libgcc.a
LOAD c:/program files (x86)/cypress/psoc creator/3.3/psoc creator/import/gnu/arm/4.9.3/bin/../lib/gcc/arm-none-eabi/4.9.3/../../../../arm-none-eabi/lib/armv6-m\libc.a
LOAD c:/program files (x86)/cypress/psoc creator/3.3/psoc creator/import/gnu/arm/4.9.3/bin/../lib/gcc/arm-none-eabi/4.9.3/../../../../arm-none-eabi/lib/armv6-m\libnosys.a
END GROUP
                0x00000000                CY_APPL_ORIGIN = 0x0
                0x00000080                CY_FLASH_ROW_SIZE = 0x80
                0x00000001                CY_APPL_NUM = 0x1
                0x00000001                CY_APPL_MAX = 0x1
                0x00000040                CY_METADATA_SIZE = 0x40
                0x00000000                CY_APPL_LOADABLE = 0x0
                0x00000000                CY_CHECKSUM_EXCLUDE_SIZE = ALIGN (0x0, CY_FLASH_ROW_SIZE)
                0x00000000                CY_APP_FOR_STACK_AND_COPIER = 0x0
                0x20001db0                PROVIDE (__cy_heap_start, _end)
                0x00000001                PROVIDE (__cy_region_num, ((__cy_regions_end - __cy_regions) / 0x10))
                0x20004000                PROVIDE (__cy_stack, (ORIGIN (ram) + 0x4000))
                0x20003800                PROVIDE (__cy_heap_end, (__cy_stack - 0x800))

.cybootloader   0x00000000        0x0
 *(.cybootloader)
                0x00000000                appl1_start = CY_APPL_ORIGIN?CY_APPL_ORIGIN:ALIGN (CY_FLASH_ROW_SIZE)
                0x0000ff80                appl2_start = (appl1_start + ALIGN ((((0x20000 - appl1_start) - (0x2 * CY_FLASH_ROW_SIZE)) / 0x2), CY_FLASH_ROW_SIZE))
                0x00000000                appl_start = (CY_APPL_NUM == 0x1)?appl1_start:appl2_start
                0x00000001                cy_project_type_bootloader = (appl_start == 0x0)?0x1:0x0
                0x00000000                cy_project_type_app_for_stack_and_copier = (CY_APP_FOR_STACK_AND_COPIER == 0x1)?0x1:0x0

.text           0x00000000     0x1298
 CREATE_OBJECT_SYMBOLS
                0x00000000                PROVIDE (__cy_interrupt_vector, RomVectors)
 *(.romvectors)
 .romvectors    0x00000000       0x10 .\CortexM0\ARM_GCC_493\Debug\Cm0Start.o
                0x00000000                RomVectors
                0x00000001                ASSERT ((. != __cy_interrupt_vector), No interrupt vector)
                0x00000001                ASSERT (CY_APPL_ORIGIN?(SIZEOF (.cybootloader) <= CY_APPL_ORIGIN):0x1, Wrong image location)
                0x00000010                PROVIDE (__cy_reset, Reset)
 *(.text.Reset)
 .text.Reset    0x00000010        0x8 .\CortexM0\ARM_GCC_493\Debug\Cm0Start.o
                0x00000010                Reset
                0x00000001                ASSERT ((. != __cy_reset), No reset code)
 *(.psocinit)
 .psocinit      0x00000018      0x1bc .\CortexM0\ARM_GCC_493\Debug\AN91162 - Custom Profile.a(cyfitter_cfg.o)
                0x000000e0                cyfitter_cfg
                0x000001d4                . = MAX (., 0x100)
 *(.text .text.* .gnu.linkonce.t.*)
 .text          0x000001d4       0x60 c:/program files (x86)/cypress/psoc creator/3.3/psoc creator/import/gnu/arm/4.9.3/bin/../lib/gcc/arm-none-eabi/4.9.3/armv6-m/crtbegin.o
 .text.InitializeSystem
                0x00000234       0x3c .\CortexM0\ARM_GCC_493\Debug\main.o
                0x00000234                InitializeSystem
 .text.main     0x00000270        0xc .\CortexM0\ARM_GCC_493\Debug\main.o
                0x00000270                main
 .text.UpdateRGBLED
                0x0000027c       0x48 .\CortexM0\ARM_GCC_493\Debug\led.o
                0x0000027c                UpdateRGBLED
 .text.UpdateRGBcharacteristic
                0x000002c4       0x20 .\CortexM0\ARM_GCC_493\Debug\BLEProcess.o
                0x000002c4                UpdateRGBcharacteristic
 .text.GeneralEventHandler
                0x000002e4       0xa4 .\CortexM0\ARM_GCC_493\Debug\BLEProcess.o
                0x000002e4                GeneralEventHandler
 .text.IntDefaultHandler
                0x00000388        0x4 .\CortexM0\ARM_GCC_493\Debug\Cm0Start.o
                0x00000388                IntDefaultHandler
 .text.Start_c  0x0000038c       0x48 .\CortexM0\ARM_GCC_493\Debug\Cm0Start.o
                0x0000038c                Start_c
 .text.initialize_psoc
                0x000003d4       0x54 .\CortexM0\ARM_GCC_493\Debug\Cm0Start.o
                0x000003d4                initialize_psoc
 .text.cfg_write_bytes32
                0x00000428       0x34 .\CortexM0\ARM_GCC_493\Debug\AN91162 - Custom Profile.a(cyfitter_cfg.o)
 .text.AnalogSetDefault
                0x0000045c       0x20 .\CortexM0\ARM_GCC_493\Debug\AN91162 - Custom Profile.a(cyfitter_cfg.o)
 .text.CYMEMZERO
                0x0000047c        0xc .\CortexM0\ARM_GCC_493\Debug\AN91162 - Custom Profile.a(cyfitter_cfg.o)
 .text.CyBle_ServiceInit
                0x00000488        0x8 .\CortexM0\ARM_GCC_493\Debug\AN91162 - Custom Profile.a(BLE.o)
                0x00000488                CyBle_ServiceInit
 .text.CyBle_Init
                0x00000490       0x24 .\CortexM0\ARM_GCC_493\Debug\AN91162 - Custom Profile.a(BLE.o)
                0x00000490                CyBle_Init
 .text.CyBle_Start
                0x000004b4       0x84 .\CortexM0\ARM_GCC_493\Debug\AN91162 - Custom Profile.a(BLE.o)
                0x000004b4                CyBle_Start
 .text.CyBle_GappStartAdvertisement
                0x00000538       0x8c .\CortexM0\ARM_GCC_493\Debug\AN91162 - Custom Profile.a(BLE.o)
                0x00000538                CyBle_GappStartAdvertisement
 .text.CyBle_ChangeAdDeviceAddress
                0x000005c4        0x4 .\CortexM0\ARM_GCC_493\Debug\AN91162 - Custom Profile.a(BLE.o)
                0x000005c4                CyBle_ChangeAdDeviceAddress
 .text.CyBle_Get16ByPtr
                0x000005c8        0xc .\CortexM0\ARM_GCC_493\Debug\AN91162 - Custom Profile.a(BLE.o)
                0x000005c8                CyBle_Get16ByPtr
 .text.CyBle_GattsWriteEventHandler
                0x000005d4       0x58 .\CortexM0\ARM_GCC_493\Debug\AN91162 - Custom Profile.a(BLE_gatt.o)
                0x000005d4                CyBle_GattsWriteEventHandler
 .text.CyBle_GattDisconnectEventHandler
                0x0000062c       0x10 .\CortexM0\ARM_GCC_493\Debug\AN91162 - Custom Profile.a(BLE_eventHandler.o)
 .text.CyBle_IsDeviceAddressValid
                0x0000063c       0x24 .\CortexM0\ARM_GCC_493\Debug\AN91162 - Custom Profile.a(BLE_eventHandler.o)
 .text.CyBle_WriteReqHandler
                0x00000660       0x38 .\CortexM0\ARM_GCC_493\Debug\AN91162 - Custom Profile.a(BLE_eventHandler.o)
 .text.CyBle_EventHandler
                0x00000698      0x1c0 .\CortexM0\ARM_GCC_493\Debug\AN91162 - Custom Profile.a(BLE_eventHandler.o)
                0x00000698                CyBle_EventHandler
 .text.CyBle_CustomInit
                0x00000858        0x4 .\CortexM0\ARM_GCC_493\Debug\AN91162 - Custom Profile.a(BLE_custom.o)
                0x00000858                CyBle_CustomInit
 .text.PrISM_1_Enable
                0x0000085c       0x10 .\CortexM0\ARM_GCC_493\Debug\AN91162 - Custom Profile.a(PrISM_1.o)
                0x0000085c                PrISM_1_Enable
 .text.PrISM_1_WriteSeed
                0x0000086c       0x18 .\CortexM0\ARM_GCC_493\Debug\AN91162 - Custom Profile.a(PrISM_1.o)
                0x0000086c                PrISM_1_WriteSeed
 .text.PrISM_1_WritePolynomial
                0x00000884        0xc .\CortexM0\ARM_GCC_493\Debug\AN91162 - Custom Profile.a(PrISM_1.o)
                0x00000884                PrISM_1_WritePolynomial
 .text.PrISM_1_WritePulse0
                0x00000890        0xc .\CortexM0\ARM_GCC_493\Debug\AN91162 - Custom Profile.a(PrISM_1.o)
                0x00000890                PrISM_1_WritePulse0
 .text.PrISM_1_WritePulse1
                0x0000089c        0xc .\CortexM0\ARM_GCC_493\Debug\AN91162 - Custom Profile.a(PrISM_1.o)
                0x0000089c                PrISM_1_WritePulse1
 .text.PrISM_1_Init
                0x000008a8       0x48 .\CortexM0\ARM_GCC_493\Debug\AN91162 - Custom Profile.a(PrISM_1.o)
                0x000008a8                PrISM_1_Init
 .text.PrISM_1_Start
                0x000008f0       0x20 .\CortexM0\ARM_GCC_493\Debug\AN91162 - Custom Profile.a(PrISM_1.o)
                0x000008f0                PrISM_1_Start
 .text.PrISM_2_Enable
                0x00000910       0x10 .\CortexM0\ARM_GCC_493\Debug\AN91162 - Custom Profile.a(PrISM_2.o)
                0x00000910                PrISM_2_Enable
 .text.PrISM_2_WriteSeed
                0x00000920       0x18 .\CortexM0\ARM_GCC_493\Debug\AN91162 - Custom Profile.a(PrISM_2.o)
                0x00000920                PrISM_2_WriteSeed
 .text.PrISM_2_WritePolynomial
                0x00000938        0xc .\CortexM0\ARM_GCC_493\Debug\AN91162 - Custom Profile.a(PrISM_2.o)
                0x00000938                PrISM_2_WritePolynomial
 .text.PrISM_2_WritePulse0
                0x00000944        0xc .\CortexM0\ARM_GCC_493\Debug\AN91162 - Custom Profile.a(PrISM_2.o)
                0x00000944                PrISM_2_WritePulse0
 .text.PrISM_2_WritePulse1
                0x00000950        0xc .\CortexM0\ARM_GCC_493\Debug\AN91162 - Custom Profile.a(PrISM_2.o)
                0x00000950                PrISM_2_WritePulse1
 .text.PrISM_2_Init
                0x0000095c       0x48 .\CortexM0\ARM_GCC_493\Debug\AN91162 - Custom Profile.a(PrISM_2.o)
                0x0000095c                PrISM_2_Init
 .text.PrISM_2_Start
                0x000009a4       0x20 .\CortexM0\ARM_GCC_493\Debug\AN91162 - Custom Profile.a(PrISM_2.o)
                0x000009a4                PrISM_2_Start
 .text.RED_SetDriveMode
                0x000009c4       0x18 .\CortexM0\ARM_GCC_493\Debug\AN91162 - Custom Profile.a(RED.o)
                0x000009c4                RED_SetDriveMode
 .text.GREEN_SetDriveMode
                0x000009dc       0x18 .\CortexM0\ARM_GCC_493\Debug\AN91162 - Custom Profile.a(GREEN.o)
                0x000009dc                GREEN_SetDriveMode
 .text.BLUE_SetDriveMode
                0x000009f4       0x18 .\CortexM0\ARM_GCC_493\Debug\AN91162 - Custom Profile.a(BLUE.o)
                0x000009f4                BLUE_SetDriveMode
 *fill*         0x00000a0c        0x4 
 .text          0x00000a10       0x20 .\CortexM0\ARM_GCC_493\Debug\AN91162 - Custom Profile.a(CyBootAsmGnu.o)
                0x00000a10                CyDelayCycles
                0x00000a22                CyEnterCriticalSection
                0x00000a2a                CyExitCriticalSection
 .text.CySysClkWriteImoFreq
                0x00000a30       0x64 .\CortexM0\ARM_GCC_493\Debug\AN91162 - Custom Profile.a(CyLib.o)
                0x00000a30                CySysClkWriteImoFreq
 .text.CySysClkEcoReadStatus
                0x00000a94       0x10 .\CortexM0\ARM_GCC_493\Debug\AN91162 - Custom Profile.a(CyLib.o)
                0x00000a94                CySysClkEcoReadStatus
 .text.CyIntEnable
                0x00000aa4       0x14 .\CortexM0\ARM_GCC_493\Debug\AN91162 - Custom Profile.a(CyLib.o)
                0x00000aa4                CyIntEnable
 .text.CyHalt   0x00000ab8        0x4 .\CortexM0\ARM_GCC_493\Debug\AN91162 - Custom Profile.a(CyLib.o)
                0x00000ab8                CyHalt
 .text.CyIntSetVector
                0x00000abc       0x24 .\CortexM0\ARM_GCC_493\Debug\AN91162 - Custom Profile.a(CyLib.o)
                0x00000abc                CyIntSetVector
 .text.CyDelayUs
                0x00000ae0       0x14 .\CortexM0\ARM_GCC_493\Debug\AN91162 - Custom Profile.a(CyLib.o)
                0x00000ae0                CyDelayUs
 .text.CySysClkEcoStart
                0x00000af4       0x54 .\CortexM0\ARM_GCC_493\Debug\AN91162 - Custom Profile.a(CyLib.o)
                0x00000af4                CySysClkEcoStart
 .text.CySysWdtLocked
                0x00000b48       0x14 .\CortexM0\ARM_GCC_493\Debug\AN91162 - Custom Profile.a(CyLFClk.o)
 .text.CySysClkWcoStart
                0x00000b5c       0x40 .\CortexM0\ARM_GCC_493\Debug\AN91162 - Custom Profile.a(CyLFClk.o)
                0x00000b5c                CySysClkWcoStart
 .text.CySysClkWcoSetPowerMode
                0x00000b9c       0x80 .\CortexM0\ARM_GCC_493\Debug\AN91162 - Custom Profile.a(CyLFClk.o)
                0x00000b9c                CySysClkWcoSetPowerMode
 .text.CySysWdtLock
                0x00000c1c       0x1c .\CortexM0\ARM_GCC_493\Debug\AN91162 - Custom Profile.a(CyLFClk.o)
                0x00000c1c                CySysWdtLock
 .text.CySysWdtUnlock
                0x00000c38       0x30 .\CortexM0\ARM_GCC_493\Debug\AN91162 - Custom Profile.a(CyLFClk.o)
                0x00000c38                CySysWdtUnlock
 .text.CySysWdtClearInterrupt
                0x00000c68       0x4c .\CortexM0\ARM_GCC_493\Debug\AN91162 - Custom Profile.a(CyLFClk.o)
                0x00000c68                CySysWdtClearInterrupt
 .text.CySysWdtIsr
                0x00000cb4       0xa4 .\CortexM0\ARM_GCC_493\Debug\AN91162 - Custom Profile.a(CyLFClk.o)
                0x00000cb4                CySysWdtIsr
 .text.CyBLE_Bless_LlRegWrite
                0x00000d58        0x4 .\CortexM0\ARM_GCC_493\Debug\AN91162 - Custom Profile.a(BLE_HAL_PVT.o)
                0x00000d58                CyBLE_Bless_LlRegWrite
 .text.CyBLE_Bless_RfRegWrite
                0x00000d5c        0x4 .\CortexM0\ARM_GCC_493\Debug\AN91162 - Custom Profile.a(BLE_HAL_PVT.o)
                0x00000d5c                CyBLE_Bless_RfRegWrite
 .text.CyBLE_BlessDeviceConfig
                0x00000d60       0xdc .\CortexM0\ARM_GCC_493\Debug\AN91162 - Custom Profile.a(BLE_HAL_PVT.o)
                0x00000d60                CyBLE_BlessDeviceConfig
 .text.CyBleHal_DelayUs
                0x00000e3c        0x8 .\CortexM0\ARM_GCC_493\Debug\AN91162 - Custom Profile.a(BLE_HAL_PVT.o)
                0x00000e3c                CyBleHal_DelayUs
 .text.CyBleHal_EnableGlobalInterrupts
                0x00000e44        0x8 .\CortexM0\ARM_GCC_493\Debug\AN91162 - Custom Profile.a(BLE_HAL_PVT.o)
                0x00000e44                CyBleHal_EnableGlobalInterrupts
 .text.CyBleHal_DisableGlobalInterrupts
                0x00000e4c        0x8 .\CortexM0\ARM_GCC_493\Debug\AN91162 - Custom Profile.a(BLE_HAL_PVT.o)
                0x00000e4c                CyBleHal_DisableGlobalInterrupts
 .text.CyBle_HalInit
                0x00000e54       0x18 .\CortexM0\ARM_GCC_493\Debug\AN91162 - Custom Profile.a(BLE_HAL_PVT.o)
                0x00000e54                CyBle_HalInit
 .text.CYBLE_BlessStart
                0x00000e6c       0x10 .\CortexM0\ARM_GCC_493\Debug\AN91162 - Custom Profile.a(BLE_HAL_PVT.o)
                0x00000e6c                CYBLE_BlessStart
 .text.BLE_bless_isr_SetVector
                0x00000e7c        0xc .\CortexM0\ARM_GCC_493\Debug\AN91162 - Custom Profile.a(BLE_bless_isr.o)
                0x00000e7c                BLE_bless_isr_SetVector
 .text.BLE_bless_isr_SetPriority
                0x00000e88       0x20 .\CortexM0\ARM_GCC_493\Debug\AN91162 - Custom Profile.a(BLE_bless_isr.o)
                0x00000e88                BLE_bless_isr_SetPriority
 .text.BLE_bless_isr_Enable
                0x00000ea8       0x10 .\CortexM0\ARM_GCC_493\Debug\AN91162 - Custom Profile.a(BLE_bless_isr.o)
                0x00000ea8                BLE_bless_isr_Enable
 .text.BLE_bless_isr_Disable
                0x00000eb8       0x10 .\CortexM0\ARM_GCC_493\Debug\AN91162 - Custom Profile.a(BLE_bless_isr.o)
                0x00000eb8                BLE_bless_isr_Disable
 .text.BLE_bless_isr_StartEx
                0x00000ec8       0x1c .\CortexM0\ARM_GCC_493\Debug\AN91162 - Custom Profile.a(BLE_bless_isr.o)
                0x00000ec8                BLE_bless_isr_StartEx
 .text.CySysPmSleep
                0x00000ee4       0x1c .\CortexM0\ARM_GCC_493\Debug\AN91162 - Custom Profile.a(cyPm.o)
                0x00000ee4                CySysPmSleep
 .text.CyBLE_Bless_Interrupt
                0x00000f00        0x8 .\CortexM0\ARM_GCC_493\Debug\AN91162 - Custom Profile.a(BLE_HAL_INT.o)
                0x00000f00                CyBLE_Bless_Interrupt
 .text          0x00000f08      0x120 c:/program files (x86)/cypress/psoc creator/3.3/psoc creator/import/gnu/arm/4.9.3/bin/../lib/gcc/arm-none-eabi/4.9.3/armv6-m\libgcc.a(_udivsi3.o)
                0x00000f08                __aeabi_uidiv
                0x00000f08                __udivsi3
                0x00001014                __aeabi_uidivmod
 .text          0x00001028      0x1e0 c:/program files (x86)/cypress/psoc creator/3.3/psoc creator/import/gnu/arm/4.9.3/bin/../lib/gcc/arm-none-eabi/4.9.3/armv6-m\libgcc.a(_divsi3.o)
                0x00001028                __divsi3
                0x00001028                __aeabi_idiv
                0x000011f4                __aeabi_idivmod
 .text          0x00001208        0x4 c:/program files (x86)/cypress/psoc creator/3.3/psoc creator/import/gnu/arm/4.9.3/bin/../lib/gcc/arm-none-eabi/4.9.3/armv6-m\libgcc.a(_dvmd_tls.o)
                0x00001208                __aeabi_idiv0
                0x00001208                __aeabi_ldiv0
 .text.__libc_init_array
                0x0000120c       0x4c c:/program files (x86)/cypress/psoc creator/3.3/psoc creator/import/gnu/arm/4.9.3/bin/../lib/gcc/arm-none-eabi/4.9.3/../../../../arm-none-eabi/lib/armv6-m\libg_nano.a(lib_a-init.o)
                0x0000120c                __libc_init_array
 .text.memcmp   0x00001258       0x1e c:/program files (x86)/cypress/psoc creator/3.3/psoc creator/import/gnu/arm/4.9.3/bin/../lib/gcc/arm-none-eabi/4.9.3/../../../../arm-none-eabi/lib/armv6-m\libg_nano.a(lib_a-memcmp.o)
                0x00001258                memcmp
 .text.memcpy   0x00001276       0x12 c:/program files (x86)/cypress/psoc creator/3.3/psoc creator/import/gnu/arm/4.9.3/bin/../lib/gcc/arm-none-eabi/4.9.3/../../../../arm-none-eabi/lib/armv6-m\libg_nano.a(lib_a-memcpy.o)
                0x00001276                memcpy
 .text.memset   0x00001288       0x10 c:/program files (x86)/cypress/psoc creator/3.3/psoc creator/import/gnu/arm/4.9.3/bin/../lib/gcc/arm-none-eabi/4.9.3/../../../../arm-none-eabi/lib/armv6-m\libg_nano.a(lib_a-memset.o)
                0x00001288                memset
 *(.plt)
 *(.gnu.warning)
 *(.glue_7t)
 .glue_7t       0x00000000        0x0 linker stubs
 *(.glue_7)
 .glue_7        0x00000000        0x0 linker stubs
 *(.vfp11_veneer)
 .vfp11_veneer  0x00000000        0x0 linker stubs
 *(.bootloader)
 *(.ARM.extab* .gnu.linkonce.armextab.*)
 *(.gcc_except_table)

.v4_bx          0x00001298        0x0
 .v4_bx         0x00000000        0x0 linker stubs

.iplt           0x00001298        0x0
 .iplt          0x00000000        0x0 c:/program files (x86)/cypress/psoc creator/3.3/psoc creator/import/gnu/arm/4.9.3/bin/../lib/gcc/arm-none-eabi/4.9.3/armv6-m/crtbegin.o

i.CyBle_ExitLPM
                0x00001298        0x8
 i.CyBle_ExitLPM
                0x00001298        0x8 C:\Program Files (x86)\Cypress\PSoC Creator\3.3\PSoC Creator\psoc\content\cycomponentlibrary\CyComponentLibrary.cylib\BLE_v2_20\Library\gccCyBLEStack_BLE_SOC_PERIPHERAL.a(CyBle.o)
                0x00001298                CyBle_ExitLPM

i.CyBle_ProcessEvents
                0x000012a0        0x8
 i.CyBle_ProcessEvents
                0x000012a0        0x8 C:\Program Files (x86)\Cypress\PSoC Creator\3.3\PSoC Creator\psoc\content\cycomponentlibrary\CyComponentLibrary.cylib\BLE_v2_20\Library\gccCyBLEStack_BLE_SOC_PERIPHERAL.a(CyBle.o)
                0x000012a0                CyBle_ProcessEvents

i.CyBle_SetDeviceAddress
                0x000012a8       0x24
 i.CyBle_SetDeviceAddress
                0x000012a8       0x24 C:\Program Files (x86)\Cypress\PSoC Creator\3.3\PSoC Creator\psoc\content\cycomponentlibrary\CyComponentLibrary.cylib\BLE_v2_20\Library\gccCyBLEStack_BLE_SOC_PERIPHERAL.a(CyBle.o)
                0x000012a8                CyBle_SetDeviceAddress

i.CyBle_StackInit
                0x000012cc       0xfc
 i.CyBle_StackInit
                0x000012cc       0xfc C:\Program Files (x86)\Cypress\PSoC Creator\3.3\PSoC Creator\psoc\content\cycomponentlibrary\CyComponentLibrary.cylib\BLE_v2_20\Library\gccCyBLEStack_BLE_SOC_PERIPHERAL.a(CyBle.o)
                0x000012cc                CyBle_StackInit

i.CyBle_StackValidateInputParams
                0x000013c8       0xf4
 i.CyBle_StackValidateInputParams
                0x000013c8       0xf4 C:\Program Files (x86)\Cypress\PSoC Creator\3.3\PSoC Creator\psoc\content\cycomponentlibrary\CyComponentLibrary.cylib\BLE_v2_20\Library\gccCyBLEStack_BLE_SOC_PERIPHERAL.a(CyBle.o)

i.__ARM_common_switch8
                0x000014bc       0x1a
 i.__ARM_common_switch8
                0x000014bc       0x1a C:\Program Files (x86)\Cypress\PSoC Creator\3.3\PSoC Creator\psoc\content\cycomponentlibrary\CyComponentLibrary.cylib\BLE_v2_20\Library\gccCyBLEStack_BLE_SOC_PERIPHERAL.a(CyBle.o)
                0x000014bc                __ARM_common_switch8

i.CyBleStackMgr_Init
                0x000014d8       0x9c
 i.CyBleStackMgr_Init
                0x000014d8       0x9c C:\Program Files (x86)\Cypress\PSoC Creator\3.3\PSoC Creator\psoc\content\cycomponentlibrary\CyComponentLibrary.cylib\BLE_v2_20\Library\gccCyBLEStack_BLE_SOC_PERIPHERAL.a(CyBleStackMgrIP_Interface.o)
                0x000014d8                CyBleStackMgr_Init

i.CyBleStackMgr_ProcessBleEvents
                0x00001574       0x14
 i.CyBleStackMgr_ProcessBleEvents
                0x00001574       0x14 C:\Program Files (x86)\Cypress\PSoC Creator\3.3\PSoC Creator\psoc\content\cycomponentlibrary\CyComponentLibrary.cylib\BLE_v2_20\Library\gccCyBLEStack_BLE_SOC_PERIPHERAL.a(CyBleStackMgrIP_Interface.o)
                0x00001574                CyBleStackMgr_ProcessBleEvents

i.CyBle_GetHeapMemory
                0x00001588       0x28
 i.CyBle_GetHeapMemory
                0x00001588       0x28 C:\Program Files (x86)\Cypress\PSoC Creator\3.3\PSoC Creator\psoc\content\cycomponentlibrary\CyComponentLibrary.cylib\BLE_v2_20\Library\gccCyBLEStack_BLE_SOC_PERIPHERAL.a(CyBleStackMgrIP_Interface.o)
                0x00001588                CyBle_GetHeapMemory

i.CyBle_GetNumAppBufferPools
                0x000015b0        0xc
 i.CyBle_GetNumAppBufferPools
                0x000015b0        0xc C:\Program Files (x86)\Cypress\PSoC Creator\3.3\PSoC Creator\psoc\content\cycomponentlibrary\CyComponentLibrary.cylib\BLE_v2_20\Library\gccCyBLEStack_BLE_SOC_PERIPHERAL.a(CyBleStackMgrIP_Interface.o)
                0x000015b0                CyBle_GetNumAppBufferPools

i.CyBle_HostStackBufferPoolInit
                0x000015bc       0xec
 i.CyBle_HostStackBufferPoolInit
                0x000015bc       0xec C:\Program Files (x86)\Cypress\PSoC Creator\3.3\PSoC Creator\psoc\content\cycomponentlibrary\CyComponentLibrary.cylib\BLE_v2_20\Library\gccCyBLEStack_BLE_SOC_PERIPHERAL.a(CyBleStackMgrIP_Interface.o)

i.ble_stack_idle_task_callback
                0x000016a8        0x2
 i.ble_stack_idle_task_callback
                0x000016a8        0x2 C:\Program Files (x86)\Cypress\PSoC Creator\3.3\PSoC Creator\psoc\content\cycomponentlibrary\CyComponentLibrary.cylib\BLE_v2_20\Library\gccCyBLEStack_BLE_SOC_PERIPHERAL.a(CyBleStackMgrIP_Interface.o)
                0x000016a8                ble_stack_idle_task_callback

i.BT_OSFreeBuf  0x000016ac       0x20
 i.BT_OSFreeBuf
                0x000016ac       0x20 C:\Program Files (x86)\Cypress\PSoC Creator\3.3\PSoC Creator\psoc\content\cycomponentlibrary\CyComponentLibrary.cylib\BLE_v2_20\Library\gccCyBLEStack_BLE_SOC_PERIPHERAL.a(BT_os.o)
                0x000016ac                BT_OSFreeBuf

i.BT_OSGetBuF   0x000016cc       0x34
 i.BT_OSGetBuF  0x000016cc       0x34 C:\Program Files (x86)\Cypress\PSoC Creator\3.3\PSoC Creator\psoc\content\cycomponentlibrary\CyComponentLibrary.cylib\BLE_v2_20\Library\gccCyBLEStack_BLE_SOC_PERIPHERAL.a(BT_os.o)
                0x000016cc                BT_OSGetBuF

i.BT_OSMemCreate
                0x00001700       0x3c
 i.BT_OSMemCreate
                0x00001700       0x3c C:\Program Files (x86)\Cypress\PSoC Creator\3.3\PSoC Creator\psoc\content\cycomponentlibrary\CyComponentLibrary.cylib\BLE_v2_20\Library\gccCyBLEStack_BLE_SOC_PERIPHERAL.a(BT_os.o)
                0x00001700                BT_OSMemCreate

i.BT_alloc_mem_ext
                0x0000173c       0x3c
 i.BT_alloc_mem_ext
                0x0000173c       0x3c C:\Program Files (x86)\Cypress\PSoC Creator\3.3\PSoC Creator\psoc\content\cycomponentlibrary\CyComponentLibrary.cylib\BLE_v2_20\Library\gccCyBLEStack_BLE_SOC_PERIPHERAL.a(BT_os.o)
                0x0000173c                BT_alloc_mem_ext

i.BT_free_mem   0x00001778        0xc
 i.BT_free_mem  0x00001778        0xc C:\Program Files (x86)\Cypress\PSoC Creator\3.3\PSoC Creator\psoc\content\cycomponentlibrary\CyComponentLibrary.cylib\BLE_v2_20\Library\gccCyBLEStack_BLE_SOC_PERIPHERAL.a(BT_os.o)
                0x00001778                BT_free_mem

i.bt_stack_create_buffer_pool
                0x00001784       0x30
 i.bt_stack_create_buffer_pool
                0x00001784       0x30 C:\Program Files (x86)\Cypress\PSoC Creator\3.3\PSoC Creator\psoc\content\cycomponentlibrary\CyComponentLibrary.cylib\BLE_v2_20\Library\gccCyBLEStack_BLE_SOC_PERIPHERAL.a(BT_os.o)
                0x00001784                bt_stack_create_buffer_pool

i.CyBle_CheckBleStackTaskStatus
                0x000017b4        0x4
 i.CyBle_CheckBleStackTaskStatus
                0x000017b4        0x4 C:\Program Files (x86)\Cypress\PSoC Creator\3.3\PSoC Creator\psoc\content\cycomponentlibrary\CyComponentLibrary.cylib\BLE_v2_20\Library\gccCyBLEStack_BLE_SOC_PERIPHERAL.a(CyBleStackMgr_StackTaskHandler.o)
                0x000017b4                CyBle_CheckBleStackTaskStatus

i.CyBle_CreateBleStackTask
                0x000017b8       0x2c
 i.CyBle_CreateBleStackTask
                0x000017b8       0x2c C:\Program Files (x86)\Cypress\PSoC Creator\3.3\PSoC Creator\psoc\content\cycomponentlibrary\CyComponentLibrary.cylib\BLE_v2_20\Library\gccCyBLEStack_BLE_SOC_PERIPHERAL.a(CyBleStackMgr_StackTaskHandler.o)
                0x000017b8                CyBle_CreateBleStackTask

i.CyBle_SignalBleStackTask
                0x000017e4       0x50
 i.CyBle_SignalBleStackTask
                0x000017e4       0x50 C:\Program Files (x86)\Cypress\PSoC Creator\3.3\PSoC Creator\psoc\content\cycomponentlibrary\CyComponentLibrary.cylib\BLE_v2_20\Library\gccCyBLEStack_BLE_SOC_PERIPHERAL.a(CyBleStackMgr_StackTaskHandler.o)
                0x000017e4                CyBle_SignalBleStackTask

i.CyBle_StackTaskHandler
                0x00001834       0x5c
 i.CyBle_StackTaskHandler
                0x00001834       0x5c C:\Program Files (x86)\Cypress\PSoC Creator\3.3\PSoC Creator\psoc\content\cycomponentlibrary\CyComponentLibrary.cylib\BLE_v2_20\Library\gccCyBLEStack_BLE_SOC_PERIPHERAL.a(CyBleStackMgr_StackTaskHandler.o)
                0x00001834                CyBle_StackTaskHandler

i.hci_soft_transport_notify_data_received
                0x00001890        0xc
 i.hci_soft_transport_notify_data_received
                0x00001890        0xc C:\Program Files (x86)\Cypress\PSoC Creator\3.3\PSoC Creator\psoc\content\cycomponentlibrary\CyComponentLibrary.cylib\BLE_v2_20\Library\gccCyBLEStack_BLE_SOC_PERIPHERAL.a(transport_sf.o)
                0x00001890                hci_soft_transport_notify_data_received

i.hci_soft_transport_rx_data
                0x0000189c       0x40
 i.hci_soft_transport_rx_data
                0x0000189c       0x40 C:\Program Files (x86)\Cypress\PSoC Creator\3.3\PSoC Creator\psoc\content\cycomponentlibrary\CyComponentLibrary.cylib\BLE_v2_20\Library\gccCyBLEStack_BLE_SOC_PERIPHERAL.a(transport_sf.o)
                0x0000189c                hci_soft_transport_rx_data

i.hci_transport_bt_init
                0x000018dc        0x2
 i.hci_transport_bt_init
                0x000018dc        0x2 C:\Program Files (x86)\Cypress\PSoC Creator\3.3\PSoC Creator\psoc\content\cycomponentlibrary\CyComponentLibrary.cylib\BLE_v2_20\Library\gccCyBLEStack_BLE_SOC_PERIPHERAL.a(transport_sf.o)
                0x000018dc                hci_transport_bt_init

i.hci_transport_init
                0x000018e0       0x10
 i.hci_transport_init
                0x000018e0       0x10 C:\Program Files (x86)\Cypress\PSoC Creator\3.3\PSoC Creator\psoc\content\cycomponentlibrary\CyComponentLibrary.cylib\BLE_v2_20\Library\gccCyBLEStack_BLE_SOC_PERIPHERAL.a(transport_sf.o)
                0x000018e0                hci_transport_init

i.hci_transport_write_data
                0x000018f0       0xd4
 i.hci_transport_write_data
                0x000018f0       0xd4 C:\Program Files (x86)\Cypress\PSoC Creator\3.3\PSoC Creator\psoc\content\cycomponentlibrary\CyComponentLibrary.cylib\BLE_v2_20\Library\gccCyBLEStack_BLE_SOC_PERIPHERAL.a(transport_sf.o)
                0x000018f0                hci_transport_write_data

i.pf_hci_soft_transport_write
                0x000019c4       0x44
 i.pf_hci_soft_transport_write
                0x000019c4       0x44 C:\Program Files (x86)\Cypress\PSoC Creator\3.3\PSoC Creator\psoc\content\cycomponentlibrary\CyComponentLibrary.cylib\BLE_v2_20\Library\gccCyBLEStack_BLE_SOC_PERIPHERAL.a(transport_sf.o)
                0x000019c4                pf_hci_soft_transport_write

i.pf_soft_hci_transport_init
                0x00001a08        0xc
 i.pf_soft_hci_transport_init
                0x00001a08        0xc C:\Program Files (x86)\Cypress\PSoC Creator\3.3\PSoC Creator\psoc\content\cycomponentlibrary\CyComponentLibrary.cylib\BLE_v2_20\Library\gccCyBLEStack_BLE_SOC_PERIPHERAL.a(transport_sf.o)
                0x00001a08                pf_soft_hci_transport_init

i.CyBleStackMgr_GetTime
                0x00001a14       0x14
 i.CyBleStackMgr_GetTime
                0x00001a14       0x14 C:\Program Files (x86)\Cypress\PSoC Creator\3.3\PSoC Creator\psoc\content\cycomponentlibrary\CyComponentLibrary.cylib\BLE_v2_20\Library\gccCyBLEStack_BLE_SOC_PERIPHERAL.a(CyBleStackMgr_PSoCHal.o)
                0x00001a14                CyBleStackMgr_GetTime

i.CyBleStackMgr_HalInit
                0x00001a28       0x24
 i.CyBleStackMgr_HalInit
                0x00001a28       0x24 C:\Program Files (x86)\Cypress\PSoC Creator\3.3\PSoC Creator\psoc\content\cycomponentlibrary\CyComponentLibrary.cylib\BLE_v2_20\Library\gccCyBLEStack_BLE_SOC_PERIPHERAL.a(CyBleStackMgr_PSoCHal.o)
                0x00001a28                CyBleStackMgr_HalInit

i.CyBleStackMgr_HalIntrEnable
                0x00001a4c        0x8
 i.CyBleStackMgr_HalIntrEnable
                0x00001a4c        0x8 C:\Program Files (x86)\Cypress\PSoC Creator\3.3\PSoC Creator\psoc\content\cycomponentlibrary\CyComponentLibrary.cylib\BLE_v2_20\Library\gccCyBLEStack_BLE_SOC_PERIPHERAL.a(CyBleStackMgr_PSoCHal.o)
                0x00001a4c                CyBleStackMgr_HalIntrEnable

i.CyBleStackMgr_HandleLinkLayerTick
                0x00001a54       0x5c
 i.CyBleStackMgr_HandleLinkLayerTick
                0x00001a54       0x5c C:\Program Files (x86)\Cypress\PSoC Creator\3.3\PSoC Creator\psoc\content\cycomponentlibrary\CyComponentLibrary.cylib\BLE_v2_20\Library\gccCyBLEStack_BLE_SOC_PERIPHERAL.a(CyBleStackMgr_PSoCHal.o)
                0x00001a54                CyBleStackMgr_HandleLinkLayerTick

i.CyBleStackMgr_HciPortInit
                0x00001ab0        0xc
 i.CyBleStackMgr_HciPortInit
                0x00001ab0        0xc C:\Program Files (x86)\Cypress\PSoC Creator\3.3\PSoC Creator\psoc\content\cycomponentlibrary\CyComponentLibrary.cylib\BLE_v2_20\Library\gccCyBLEStack_BLE_SOC_PERIPHERAL.a(CyBleStackMgr_PSoCHal.o)
                0x00001ab0                CyBleStackMgr_HciPortInit

i.CyBleStackMgr_HciPortReset
                0x00001abc        0x2
 i.CyBleStackMgr_HciPortReset
                0x00001abc        0x2 C:\Program Files (x86)\Cypress\PSoC Creator\3.3\PSoC Creator\psoc\content\cycomponentlibrary\CyComponentLibrary.cylib\BLE_v2_20\Library\gccCyBLEStack_BLE_SOC_PERIPHERAL.a(CyBleStackMgr_PSoCHal.o)
                0x00001abc                CyBleStackMgr_HciPortReset

i.CyBleStackMgr_HciPortWrite
                0x00001abe        0x8
 i.CyBleStackMgr_HciPortWrite
                0x00001abe        0x8 C:\Program Files (x86)\Cypress\PSoC Creator\3.3\PSoC Creator\psoc\content\cycomponentlibrary\CyComponentLibrary.cylib\BLE_v2_20\Library\gccCyBLEStack_BLE_SOC_PERIPHERAL.a(CyBleStackMgr_PSoCHal.o)
                0x00001abe                CyBleStackMgr_HciPortWrite

i.CyBleStackMgr_ResetLinkLayerTimerEntity
                0x00001ac8       0x14
 i.CyBleStackMgr_ResetLinkLayerTimerEntity
                0x00001ac8       0x14 C:\Program Files (x86)\Cypress\PSoC Creator\3.3\PSoC Creator\psoc\content\cycomponentlibrary\CyComponentLibrary.cylib\BLE_v2_20\Library\gccCyBLEStack_BLE_SOC_PERIPHERAL.a(CyBleStackMgr_PSoCHal.o)
                0x00001ac8                CyBleStackMgr_ResetLinkLayerTimerEntity

i.CyBleStackMgr_TimerStart
                0x00001adc       0x2c
 i.CyBleStackMgr_TimerStart
                0x00001adc       0x2c C:\Program Files (x86)\Cypress\PSoC Creator\3.3\PSoC Creator\psoc\content\cycomponentlibrary\CyComponentLibrary.cylib\BLE_v2_20\Library\gccCyBLEStack_BLE_SOC_PERIPHERAL.a(CyBleStackMgr_PSoCHal.o)
                0x00001adc                CyBleStackMgr_TimerStart

i.CyBleStackMgr_TimerStop
                0x00001b08       0x18
 i.CyBleStackMgr_TimerStop
                0x00001b08       0x18 C:\Program Files (x86)\Cypress\PSoC Creator\3.3\PSoC Creator\psoc\content\cycomponentlibrary\CyComponentLibrary.cylib\BLE_v2_20\Library\gccCyBLEStack_BLE_SOC_PERIPHERAL.a(CyBleStackMgr_PSoCHal.o)
                0x00001b08                CyBleStackMgr_TimerStop

i.CyBleStackMgr_isTimerRunning
                0x00001b20       0x10
 i.CyBleStackMgr_isTimerRunning
                0x00001b20       0x10 C:\Program Files (x86)\Cypress\PSoC Creator\3.3\PSoC Creator\psoc\content\cycomponentlibrary\CyComponentLibrary.cylib\BLE_v2_20\Library\gccCyBLEStack_BLE_SOC_PERIPHERAL.a(CyBleStackMgr_PSoCHal.o)
                0x00001b20                CyBleStackMgr_isTimerRunning

i.CyBleAtlantisRadioInit
                0x00001b30      0x110
 i.CyBleAtlantisRadioInit
                0x00001b30      0x110 C:\Program Files (x86)\Cypress\PSoC Creator\3.3\PSoC Creator\psoc\content\cycomponentlibrary\CyComponentLibrary.cylib\BLE_v2_20\Library\gccCyBLEStack_BLE_SOC_PERIPHERAL.a(CyBleStackMgr_BleSSDriver.o)

i.CyBleStackMgr_BleSSFifoRead
                0x00001c40       0x38
 i.CyBleStackMgr_BleSSFifoRead
                0x00001c40       0x38 C:\Program Files (x86)\Cypress\PSoC Creator\3.3\PSoC Creator\psoc\content\cycomponentlibrary\CyComponentLibrary.cylib\BLE_v2_20\Library\gccCyBLEStack_BLE_SOC_PERIPHERAL.a(CyBleStackMgr_BleSSDriver.o)
                0x00001c40                CyBleStackMgr_BleSSFifoRead

i.CyBleStackMgr_BleSSFifoWrite
                0x00001c78       0x30
 i.CyBleStackMgr_BleSSFifoWrite
                0x00001c78       0x30 C:\Program Files (x86)\Cypress\PSoC Creator\3.3\PSoC Creator\psoc\content\cycomponentlibrary\CyComponentLibrary.cylib\BLE_v2_20\Library\gccCyBLEStack_BLE_SOC_PERIPHERAL.a(CyBleStackMgr_BleSSDriver.o)
                0x00001c78                CyBleStackMgr_BleSSFifoWrite

i.CyBleStackMgr_BleSSInit
                0x00001ca8       0x50
 i.CyBleStackMgr_BleSSInit
                0x00001ca8       0x50 C:\Program Files (x86)\Cypress\PSoC Creator\3.3\PSoC Creator\psoc\content\cycomponentlibrary\CyComponentLibrary.cylib\BLE_v2_20\Library\gccCyBLEStack_BLE_SOC_PERIPHERAL.a(CyBleStackMgr_BleSSDriver.o)
                0x00001ca8                CyBleStackMgr_BleSSInit

i.CyBleStackMgr_BleSSMemRead
                0x00001cf8       0x26
 i.CyBleStackMgr_BleSSMemRead
                0x00001cf8       0x26 C:\Program Files (x86)\Cypress\PSoC Creator\3.3\PSoC Creator\psoc\content\cycomponentlibrary\CyComponentLibrary.cylib\BLE_v2_20\Library\gccCyBLEStack_BLE_SOC_PERIPHERAL.a(CyBleStackMgr_BleSSDriver.o)
                0x00001cf8                CyBleStackMgr_BleSSMemRead

i.CyBleStackMgr_BleSSMemWrite
                0x00001d20       0x34
 i.CyBleStackMgr_BleSSMemWrite
                0x00001d20       0x34 C:\Program Files (x86)\Cypress\PSoC Creator\3.3\PSoC Creator\psoc\content\cycomponentlibrary\CyComponentLibrary.cylib\BLE_v2_20\Library\gccCyBLEStack_BLE_SOC_PERIPHERAL.a(CyBleStackMgr_BleSSDriver.o)
                0x00001d20                CyBleStackMgr_BleSSMemWrite

i.CyBleStackMgr_BleSSRegRead
                0x00001d54        0xc
 i.CyBleStackMgr_BleSSRegRead
                0x00001d54        0xc C:\Program Files (x86)\Cypress\PSoC Creator\3.3\PSoC Creator\psoc\content\cycomponentlibrary\CyComponentLibrary.cylib\BLE_v2_20\Library\gccCyBLEStack_BLE_SOC_PERIPHERAL.a(CyBleStackMgr_BleSSDriver.o)
                0x00001d54                CyBleStackMgr_BleSSRegRead

i.CyBleStackMgr_BleSSRegWrite
                0x00001d60        0xc
 i.CyBleStackMgr_BleSSRegWrite
                0x00001d60        0xc C:\Program Files (x86)\Cypress\PSoC Creator\3.3\PSoC Creator\psoc\content\cycomponentlibrary\CyComponentLibrary.cylib\BLE_v2_20\Library\gccCyBLEStack_BLE_SOC_PERIPHERAL.a(CyBleStackMgr_BleSSDriver.o)
                0x00001d60                CyBleStackMgr_BleSSRegWrite

i.CyBleStackMgr_BleSSReset
                0x00001d6c       0x38
 i.CyBleStackMgr_BleSSReset
                0x00001d6c       0x38 C:\Program Files (x86)\Cypress\PSoC Creator\3.3\PSoC Creator\psoc\content\cycomponentlibrary\CyComponentLibrary.cylib\BLE_v2_20\Library\gccCyBLEStack_BLE_SOC_PERIPHERAL.a(CyBleStackMgr_BleSSDriver.o)
                0x00001d6c                CyBleStackMgr_BleSSReset

i.CyBleStackMgr_GenericIface
                0x00001da4       0x3c
 i.CyBleStackMgr_GenericIface
                0x00001da4       0x3c C:\Program Files (x86)\Cypress\PSoC Creator\3.3\PSoC Creator\psoc\content\cycomponentlibrary\CyComponentLibrary.cylib\BLE_v2_20\Library\gccCyBLEStack_BLE_SOC_PERIPHERAL.a(CyBleStackMgr_BleSSDriver.o)
                0x00001da4                CyBleStackMgr_GenericIface

i.CyBleStackMgr_HandleBleSSIntr
                0x00001de0       0x90
 i.CyBleStackMgr_HandleBleSSIntr
                0x00001de0       0x90 C:\Program Files (x86)\Cypress\PSoC Creator\3.3\PSoC Creator\psoc\content\cycomponentlibrary\CyComponentLibrary.cylib\BLE_v2_20\Library\gccCyBLEStack_BLE_SOC_PERIPHERAL.a(CyBleStackMgr_BleSSDriver.o)
                0x00001de0                CyBleStackMgr_HandleBleSSIntr

i.CyBleStackMgr_SetClockParam
                0x00001e70       0xb4
 i.CyBleStackMgr_SetClockParam
                0x00001e70       0xb4 C:\Program Files (x86)\Cypress\PSoC Creator\3.3\PSoC Creator\psoc\content\cycomponentlibrary\CyComponentLibrary.cylib\BLE_v2_20\Library\gccCyBLEStack_BLE_SOC_PERIPHERAL.a(CyBleStackMgr_BleSSDriver.o)

i.CyBle_ExitDsmMode
                0x00001f24       0x2c
 i.CyBle_ExitDsmMode
                0x00001f24       0x2c C:\Program Files (x86)\Cypress\PSoC Creator\3.3\PSoC Creator\psoc\content\cycomponentlibrary\CyComponentLibrary.cylib\BLE_v2_20\Library\gccCyBLEStack_BLE_SOC_PERIPHERAL.a(CyBleStackMgr_BleSSDriver.o)
                0x00001f24                CyBle_ExitDsmMode

i.CyBle_GetBleSsOperationalMode
                0x00001f50        0xc
 i.CyBle_GetBleSsOperationalMode
                0x00001f50        0xc C:\Program Files (x86)\Cypress\PSoC Creator\3.3\PSoC Creator\psoc\content\cycomponentlibrary\CyComponentLibrary.cylib\BLE_v2_20\Library\gccCyBLEStack_BLE_SOC_PERIPHERAL.a(CyBleStackMgr_BleSSDriver.o)
                0x00001f50                CyBle_GetBleSsOperationalMode

i.CyBle_GetLpMode
                0x00001f5c       0x26
 i.CyBle_GetLpMode
                0x00001f5c       0x26 C:\Program Files (x86)\Cypress\PSoC Creator\3.3\PSoC Creator\psoc\content\cycomponentlibrary\CyComponentLibrary.cylib\BLE_v2_20\Library\gccCyBLEStack_BLE_SOC_PERIPHERAL.a(CyBleStackMgr_BleSSDriver.o)
                0x00001f5c                CyBle_GetLpMode

i.CyBle_GetTxGainMode
                0x00001f84       0x2c
 i.CyBle_GetTxGainMode
                0x00001f84       0x2c C:\Program Files (x86)\Cypress\PSoC Creator\3.3\PSoC Creator\psoc\content\cycomponentlibrary\CyComponentLibrary.cylib\BLE_v2_20\Library\gccCyBLEStack_BLE_SOC_PERIPHERAL.a(CyBleStackMgr_BleSSDriver.o)
                0x00001f84                CyBle_GetTxGainMode

i.CyBle_SetBleSsOperationalMode
                0x00001fb0       0x20
 i.CyBle_SetBleSsOperationalMode
                0x00001fb0       0x20 C:\Program Files (x86)\Cypress\PSoC Creator\3.3\PSoC Creator\psoc\content\cycomponentlibrary\CyComponentLibrary.cylib\BLE_v2_20\Library\gccCyBLEStack_BLE_SOC_PERIPHERAL.a(CyBleStackMgr_BleSSDriver.o)
                0x00001fb0                CyBle_SetBleSsOperationalMode

i.CyBle_SetEventCloseState
                0x00001fd0        0xc
 i.CyBle_SetEventCloseState
                0x00001fd0        0xc C:\Program Files (x86)\Cypress\PSoC Creator\3.3\PSoC Creator\psoc\content\cycomponentlibrary\CyComponentLibrary.cylib\BLE_v2_20\Library\gccCyBLEStack_BLE_SOC_PERIPHERAL.a(CyBleStackMgr_BleSSDriver.o)
                0x00001fd0                CyBle_SetEventCloseState

i.CyBle_SetRxGainMode
                0x00001fdc       0x20
 i.CyBle_SetRxGainMode
                0x00001fdc       0x20 C:\Program Files (x86)\Cypress\PSoC Creator\3.3\PSoC Creator\psoc\content\cycomponentlibrary\CyComponentLibrary.cylib\BLE_v2_20\Library\gccCyBLEStack_BLE_SOC_PERIPHERAL.a(CyBleStackMgr_BleSSDriver.o)
                0x00001fdc                CyBle_SetRxGainMode

i.CyBle_SetTxGainMode
                0x00001ffc       0x38
 i.CyBle_SetTxGainMode
                0x00001ffc       0x38 C:\Program Files (x86)\Cypress\PSoC Creator\3.3\PSoC Creator\psoc\content\cycomponentlibrary\CyComponentLibrary.cylib\BLE_v2_20\Library\gccCyBLEStack_BLE_SOC_PERIPHERAL.a(CyBleStackMgr_BleSSDriver.o)
                0x00001ffc                CyBle_SetTxGainMode

i.pf_rf_get_abs_rssi
                0x00002034       0x24
 i.pf_rf_get_abs_rssi
                0x00002034       0x24 C:\Program Files (x86)\Cypress\PSoC Creator\3.3\PSoC Creator\psoc\content\cycomponentlibrary\CyComponentLibrary.cylib\BLE_v2_20\Library\gccCyBLEStack_BLE_SOC_PERIPHERAL.a(CyBleStackMgr_BleSSDriver.o)
                0x00002034                pf_rf_get_abs_rssi

i.BleStackFlashStorageInit
                0x00002058       0x74
 i.BleStackFlashStorageInit
                0x00002058       0x74 C:\Program Files (x86)\Cypress\PSoC Creator\3.3\PSoC Creator\psoc\content\cycomponentlibrary\CyComponentLibrary.cylib\BLE_v2_20\Library\gccCyBLEStack_BLE_SOC_PERIPHERAL.a(storage_pl.o)
                0x00002058                BleStackFlashStorageInit

i.BleStackWriteToFlashPending
                0x000020cc       0x24
 i.BleStackWriteToFlashPending
                0x000020cc       0x24 C:\Program Files (x86)\Cypress\PSoC Creator\3.3\PSoC Creator\psoc\content\cycomponentlibrary\CyComponentLibrary.cylib\BLE_v2_20\Library\gccCyBLEStack_BLE_SOC_PERIPHERAL.a(storage_pl.o)
                0x000020cc                BleStackWriteToFlashPending

i.BleStackWriteToFlashRam
                0x000020f0       0x70
 i.BleStackWriteToFlashRam
                0x000020f0       0x70 C:\Program Files (x86)\Cypress\PSoC Creator\3.3\PSoC Creator\psoc\content\cycomponentlibrary\CyComponentLibrary.cylib\BLE_v2_20\Library\gccCyBLEStack_BLE_SOC_PERIPHERAL.a(storage_pl.o)
                0x000020f0                BleStackWriteToFlashRam

i.storage_bt_init_pl
                0x00002160       0x28
 i.storage_bt_init_pl
                0x00002160       0x28 C:\Program Files (x86)\Cypress\PSoC Creator\3.3\PSoC Creator\psoc\content\cycomponentlibrary\CyComponentLibrary.cylib\BLE_v2_20\Library\gccCyBLEStack_BLE_SOC_PERIPHERAL.a(storage_pl.o)
                0x00002160                storage_bt_init_pl

i.storage_close_pl
                0x00002188        0x4
 i.storage_close_pl
                0x00002188        0x4 C:\Program Files (x86)\Cypress\PSoC Creator\3.3\PSoC Creator\psoc\content\cycomponentlibrary\CyComponentLibrary.cylib\BLE_v2_20\Library\gccCyBLEStack_BLE_SOC_PERIPHERAL.a(storage_pl.o)
                0x00002188                storage_close_pl

i.storage_open_pl
                0x0000218c       0x1c
 i.storage_open_pl
                0x0000218c       0x1c C:\Program Files (x86)\Cypress\PSoC Creator\3.3\PSoC Creator\psoc\content\cycomponentlibrary\CyComponentLibrary.cylib\BLE_v2_20\Library\gccCyBLEStack_BLE_SOC_PERIPHERAL.a(storage_pl.o)
                0x0000218c                storage_open_pl

i.storage_read_pl
                0x000021a8       0x28
 i.storage_read_pl
                0x000021a8       0x28 C:\Program Files (x86)\Cypress\PSoC Creator\3.3\PSoC Creator\psoc\content\cycomponentlibrary\CyComponentLibrary.cylib\BLE_v2_20\Library\gccCyBLEStack_BLE_SOC_PERIPHERAL.a(storage_pl.o)
                0x000021a8                storage_read_pl

i.storage_read_signature_pl
                0x000021d0       0x2c
 i.storage_read_signature_pl
                0x000021d0       0x2c C:\Program Files (x86)\Cypress\PSoC Creator\3.3\PSoC Creator\psoc\content\cycomponentlibrary\CyComponentLibrary.cylib\BLE_v2_20\Library\gccCyBLEStack_BLE_SOC_PERIPHERAL.a(storage_pl.o)
                0x000021d0                storage_read_signature_pl

i.storage_register_flash_pointer
                0x000021fc       0x20
 i.storage_register_flash_pointer
                0x000021fc       0x20 C:\Program Files (x86)\Cypress\PSoC Creator\3.3\PSoC Creator\psoc\content\cycomponentlibrary\CyComponentLibrary.cylib\BLE_v2_20\Library\gccCyBLEStack_BLE_SOC_PERIPHERAL.a(storage_pl.o)
                0x000021fc                storage_register_flash_pointer

i.storage_reset_storage_offset
                0x0000221c       0x10
 i.storage_reset_storage_offset
                0x0000221c       0x10 C:\Program Files (x86)\Cypress\PSoC Creator\3.3\PSoC Creator\psoc\content\cycomponentlibrary\CyComponentLibrary.cylib\BLE_v2_20\Library\gccCyBLEStack_BLE_SOC_PERIPHERAL.a(storage_pl.o)

i.storage_write_pl
                0x0000222c       0x24
 i.storage_write_pl
                0x0000222c       0x24 C:\Program Files (x86)\Cypress\PSoC Creator\3.3\PSoC Creator\psoc\content\cycomponentlibrary\CyComponentLibrary.cylib\BLE_v2_20\Library\gccCyBLEStack_BLE_SOC_PERIPHERAL.a(storage_pl.o)
                0x0000222c                storage_write_pl

i.storage_write_signature_pl
                0x00002250       0x14
 i.storage_write_signature_pl
                0x00002250       0x14 C:\Program Files (x86)\Cypress\PSoC Creator\3.3\PSoC Creator\psoc\content\cycomponentlibrary\CyComponentLibrary.cylib\BLE_v2_20\Library\gccCyBLEStack_BLE_SOC_PERIPHERAL.a(storage_pl.o)
                0x00002250                storage_write_signature_pl

i.OS_init       0x00002264       0x64
 i.OS_init      0x00002264       0x64 C:\Program Files (x86)\Cypress\PSoC Creator\3.3\PSoC Creator\psoc\content\cycomponentlibrary\CyComponentLibrary.cylib\BLE_v2_20\Library\gccCyBLEStack_BLE_SOC_PERIPHERAL.a(mint_os.o)
                0x00002264                OS_init

i.mintos_malloc
                0x000022c8       0x34
 i.mintos_malloc
                0x000022c8       0x34 C:\Program Files (x86)\Cypress\PSoC Creator\3.3\PSoC Creator\psoc\content\cycomponentlibrary\CyComponentLibrary.cylib\BLE_v2_20\Library\gccCyBLEStack_BLE_SOC_PERIPHERAL.a(mint_os.o)
                0x000022c8                mintos_malloc

i.OS_create_queue
                0x000022fc       0x64
 i.OS_create_queue
                0x000022fc       0x64 C:\Program Files (x86)\Cypress\PSoC Creator\3.3\PSoC Creator\psoc\content\cycomponentlibrary\CyComponentLibrary.cylib\BLE_v2_20\Library\gccCyBLEStack_BLE_SOC_PERIPHERAL.a(mint_os_queue.o)
                0x000022fc                OS_create_queue

i.OS_enqueue_item
                0x00002360       0x8c
 i.OS_enqueue_item
                0x00002360       0x8c C:\Program Files (x86)\Cypress\PSoC Creator\3.3\PSoC Creator\psoc\content\cycomponentlibrary\CyComponentLibrary.cylib\BLE_v2_20\Library\gccCyBLEStack_BLE_SOC_PERIPHERAL.a(mint_os_queue.o)
                0x00002360                OS_enqueue_item

i.OS_queue_get_num_of_items
                0x000023ec       0x28
 i.OS_queue_get_num_of_items
                0x000023ec       0x28 C:\Program Files (x86)\Cypress\PSoC Creator\3.3\PSoC Creator\psoc\content\cycomponentlibrary\CyComponentLibrary.cylib\BLE_v2_20\Library\gccCyBLEStack_BLE_SOC_PERIPHERAL.a(mint_os_queue.o)
                0x000023ec                OS_queue_get_num_of_items

i.OS_queue_mgmt_init
                0x00002414       0x40
 i.OS_queue_mgmt_init
                0x00002414       0x40 C:\Program Files (x86)\Cypress\PSoC Creator\3.3\PSoC Creator\psoc\content\cycomponentlibrary\CyComponentLibrary.cylib\BLE_v2_20\Library\gccCyBLEStack_BLE_SOC_PERIPHERAL.a(mint_os_queue.o)
                0x00002414                OS_queue_mgmt_init

i.OS_remove_item
                0x00002454       0xa0
 i.OS_remove_item
                0x00002454       0xa0 C:\Program Files (x86)\Cypress\PSoC Creator\3.3\PSoC Creator\psoc\content\cycomponentlibrary\CyComponentLibrary.cylib\BLE_v2_20\Library\gccCyBLEStack_BLE_SOC_PERIPHERAL.a(mint_os_queue.o)
                0x00002454                OS_remove_item

i.OS_create_task
                0x000024f4       0x88
 i.OS_create_task
                0x000024f4       0x88 C:\Program Files (x86)\Cypress\PSoC Creator\3.3\PSoC Creator\psoc\content\cycomponentlibrary\CyComponentLibrary.cylib\BLE_v2_20\Library\gccCyBLEStack_BLE_SOC_PERIPHERAL.a(mint_os_task.o)
                0x000024f4                OS_create_task

i.OS_isr_send_signal_to_task
                0x0000257c        0xc
 i.OS_isr_send_signal_to_task
                0x0000257c        0xc C:\Program Files (x86)\Cypress\PSoC Creator\3.3\PSoC Creator\psoc\content\cycomponentlibrary\CyComponentLibrary.cylib\BLE_v2_20\Library\gccCyBLEStack_BLE_SOC_PERIPHERAL.a(mint_os_task.o)
                0x0000257c                OS_isr_send_signal_to_task

i.OS_scheduler  0x00002588       0x64
 i.OS_scheduler
                0x00002588       0x64 C:\Program Files (x86)\Cypress\PSoC Creator\3.3\PSoC Creator\psoc\content\cycomponentlibrary\CyComponentLibrary.cylib\BLE_v2_20\Library\gccCyBLEStack_BLE_SOC_PERIPHERAL.a(mint_os_task.o)
                0x00002588                OS_scheduler

i.OS_send_signal_to_task
                0x000025ec        0xc
 i.OS_send_signal_to_task
                0x000025ec        0xc C:\Program Files (x86)\Cypress\PSoC Creator\3.3\PSoC Creator\psoc\content\cycomponentlibrary\CyComponentLibrary.cylib\BLE_v2_20\Library\gccCyBLEStack_BLE_SOC_PERIPHERAL.a(mint_os_task.o)
                0x000025ec                OS_send_signal_to_task

i.OS_send_signal_to_task_context
                0x000025f8       0x3c
 i.OS_send_signal_to_task_context
                0x000025f8       0x3c C:\Program Files (x86)\Cypress\PSoC Creator\3.3\PSoC Creator\psoc\content\cycomponentlibrary\CyComponentLibrary.cylib\BLE_v2_20\Library\gccCyBLEStack_BLE_SOC_PERIPHERAL.a(mint_os_task.o)

i.OS_task_mgmt_init
                0x00002634       0x50
 i.OS_task_mgmt_init
                0x00002634       0x50 C:\Program Files (x86)\Cypress\PSoC Creator\3.3\PSoC Creator\psoc\content\cycomponentlibrary\CyComponentLibrary.cylib\BLE_v2_20\Library\gccCyBLEStack_BLE_SOC_PERIPHERAL.a(mint_os_task.o)
                0x00002634                OS_task_mgmt_init

i.mint_buf_mgmt_allocate_buffer
                0x00002684       0x4c
 i.mint_buf_mgmt_allocate_buffer
                0x00002684       0x4c C:\Program Files (x86)\Cypress\PSoC Creator\3.3\PSoC Creator\psoc\content\cycomponentlibrary\CyComponentLibrary.cylib\BLE_v2_20\Library\gccCyBLEStack_BLE_SOC_PERIPHERAL.a(mint_buf_mgmt.o)
                0x00002684                mint_buf_mgmt_allocate_buffer

i.mint_buf_mgmt_create_pool
                0x000026d0       0xd0
 i.mint_buf_mgmt_create_pool
                0x000026d0       0xd0 C:\Program Files (x86)\Cypress\PSoC Creator\3.3\PSoC Creator\psoc\content\cycomponentlibrary\CyComponentLibrary.cylib\BLE_v2_20\Library\gccCyBLEStack_BLE_SOC_PERIPHERAL.a(mint_buf_mgmt.o)
                0x000026d0                mint_buf_mgmt_create_pool

i.mint_buf_mgmt_free_buffer
                0x000027a0       0xa4
 i.mint_buf_mgmt_free_buffer
                0x000027a0       0xa4 C:\Program Files (x86)\Cypress\PSoC Creator\3.3\PSoC Creator\psoc\content\cycomponentlibrary\CyComponentLibrary.cylib\BLE_v2_20\Library\gccCyBLEStack_BLE_SOC_PERIPHERAL.a(mint_buf_mgmt.o)
                0x000027a0                mint_buf_mgmt_free_buffer

i.mint_buf_mgmt_init
                0x00002844       0x44
 i.mint_buf_mgmt_init
                0x00002844       0x44 C:\Program Files (x86)\Cypress\PSoC Creator\3.3\PSoC Creator\psoc\content\cycomponentlibrary\CyComponentLibrary.cylib\BLE_v2_20\Library\gccCyBLEStack_BLE_SOC_PERIPHERAL.a(mint_buf_mgmt.o)
                0x00002844                mint_buf_mgmt_init

i.mint_buf_mgmt_malloc
                0x00002888       0x2c
 i.mint_buf_mgmt_malloc
                0x00002888       0x2c C:\Program Files (x86)\Cypress\PSoC Creator\3.3\PSoC Creator\psoc\content\cycomponentlibrary\CyComponentLibrary.cylib\BLE_v2_20\Library\gccCyBLEStack_BLE_SOC_PERIPHERAL.a(mint_buf_mgmt.o)
                0x00002888                mint_buf_mgmt_malloc

i.mint_buf_mgmt_pl_init
                0x000028b4       0x48
 i.mint_buf_mgmt_pl_init
                0x000028b4       0x48 C:\Program Files (x86)\Cypress\PSoC Creator\3.3\PSoC Creator\psoc\content\cycomponentlibrary\CyComponentLibrary.cylib\BLE_v2_20\Library\gccCyBLEStack_BLE_SOC_PERIPHERAL.a(mint_buf_mgmt.o)
                0x000028b4                mint_buf_mgmt_pl_init

i.mint_buf_mgmt_reset_pool
                0x000028fc       0x70
 i.mint_buf_mgmt_reset_pool
                0x000028fc       0x70 C:\Program Files (x86)\Cypress\PSoC Creator\3.3\PSoC Creator\psoc\content\cycomponentlibrary\CyComponentLibrary.cylib\BLE_v2_20\Library\gccCyBLEStack_BLE_SOC_PERIPHERAL.a(mint_buf_mgmt.o)
                0x000028fc                mint_buf_mgmt_reset_pool

i.mint_buf_mgmt_stack_init
                0x0000296c       0x24
 i.mint_buf_mgmt_stack_init
                0x0000296c       0x24 C:\Program Files (x86)\Cypress\PSoC Creator\3.3\PSoC Creator\psoc\content\cycomponentlibrary\CyComponentLibrary.cylib\BLE_v2_20\Library\gccCyBLEStack_BLE_SOC_PERIPHERAL.a(mint_buf_mgmt.o)
                0x0000296c                mint_buf_mgmt_stack_init

i.mint_buf_mgmt_stack_pop
                0x00002990       0x36
 i.mint_buf_mgmt_stack_pop
                0x00002990       0x36 C:\Program Files (x86)\Cypress\PSoC Creator\3.3\PSoC Creator\psoc\content\cycomponentlibrary\CyComponentLibrary.cylib\BLE_v2_20\Library\gccCyBLEStack_BLE_SOC_PERIPHERAL.a(mint_buf_mgmt.o)
                0x00002990                mint_buf_mgmt_stack_pop

i.mint_buf_mgmt_stack_push
                0x000029c6       0x36
 i.mint_buf_mgmt_stack_push
                0x000029c6       0x36 C:\Program Files (x86)\Cypress\PSoC Creator\3.3\PSoC Creator\psoc\content\cycomponentlibrary\CyComponentLibrary.cylib\BLE_v2_20\Library\gccCyBLEStack_BLE_SOC_PERIPHERAL.a(mint_buf_mgmt.o)
                0x000029c6                mint_buf_mgmt_stack_push

i.mint_buf_mgmt_stack_reset
                0x000029fc       0x1e
 i.mint_buf_mgmt_stack_reset
                0x000029fc       0x1e C:\Program Files (x86)\Cypress\PSoC Creator\3.3\PSoC Creator\psoc\content\cycomponentlibrary\CyComponentLibrary.cylib\BLE_v2_20\Library\gccCyBLEStack_BLE_SOC_PERIPHERAL.a(mint_buf_mgmt.o)
                0x000029fc                mint_buf_mgmt_stack_reset

i.mint_buf_mgmt_stack_search_item
                0x00002a1a       0x30
 i.mint_buf_mgmt_stack_search_item
                0x00002a1a       0x30 C:\Program Files (x86)\Cypress\PSoC Creator\3.3\PSoC Creator\psoc\content\cycomponentlibrary\CyComponentLibrary.cylib\BLE_v2_20\Library\gccCyBLEStack_BLE_SOC_PERIPHERAL.a(mint_buf_mgmt.o)
                0x00002a1a                mint_buf_mgmt_stack_search_item

i.CyBleControllerIP_GetPingState
                0x00002a4c        0xc
 i.CyBleControllerIP_GetPingState
                0x00002a4c        0xc C:\Program Files (x86)\Cypress\PSoC Creator\3.3\PSoC Creator\psoc\content\cycomponentlibrary\CyComponentLibrary.cylib\BLE_v2_20\Library\gccCyBLEStack_BLE_SOC_PERIPHERAL.a(CyBleControllerIP_Interface.o)
                0x00002a4c                CyBleControllerIP_GetPingState

i.CyBleController_AddDeviceToWhiteList
                0x00002a58       0x40
 i.CyBleController_AddDeviceToWhiteList
                0x00002a58       0x40 C:\Program Files (x86)\Cypress\PSoC Creator\3.3\PSoC Creator\psoc\content\cycomponentlibrary\CyComponentLibrary.cylib\BLE_v2_20\Library\gccCyBLEStack_BLE_SOC_PERIPHERAL.a(CyBleControllerIP_Interface.o)
                0x00002a58                CyBleController_AddDeviceToWhiteList

i.CyBleController_ExitLowPowerMode
                0x00002a98       0x10
 i.CyBleController_ExitLowPowerMode
                0x00002a98       0x10 C:\Program Files (x86)\Cypress\PSoC Creator\3.3\PSoC Creator\psoc\content\cycomponentlibrary\CyComponentLibrary.cylib\BLE_v2_20\Library\gccCyBLEStack_BLE_SOC_PERIPHERAL.a(CyBleControllerIP_Interface.o)
                0x00002a98                CyBleController_ExitLowPowerMode

i.CyBleController_Init
                0x00002aa8       0x32
 i.CyBleController_Init
                0x00002aa8       0x32 C:\Program Files (x86)\Cypress\PSoC Creator\3.3\PSoC Creator\psoc\content\cycomponentlibrary\CyComponentLibrary.cylib\BLE_v2_20\Library\gccCyBLEStack_BLE_SOC_PERIPHERAL.a(CyBleControllerIP_Interface.o)
                0x00002aa8                CyBleController_Init

i.CyBleController_SetDeviceAddress
                0x00002ada       0x2e
 i.CyBleController_SetDeviceAddress
                0x00002ada       0x2e C:\Program Files (x86)\Cypress\PSoC Creator\3.3\PSoC Creator\psoc\content\cycomponentlibrary\CyComponentLibrary.cylib\BLE_v2_20\Library\gccCyBLEStack_BLE_SOC_PERIPHERAL.a(CyBleControllerIP_Interface.o)
                0x00002ada                CyBleController_SetDeviceAddress

i.CyBle_GetTxPowerLevel
                0x00002b08       0x4e
 i.CyBle_GetTxPowerLevel
                0x00002b08       0x4e C:\Program Files (x86)\Cypress\PSoC Creator\3.3\PSoC Creator\psoc\content\cycomponentlibrary\CyComponentLibrary.cylib\BLE_v2_20\Library\gccCyBLEStack_BLE_SOC_PERIPHERAL.a(CyBleControllerIP_Interface.o)
                0x00002b08                CyBle_GetTxPowerLevel

i.CyBle_SetTxPowerLevel
                0x00002b56       0x56
 i.CyBle_SetTxPowerLevel
                0x00002b56       0x56 C:\Program Files (x86)\Cypress\PSoC Creator\3.3\PSoC Creator\psoc\content\cycomponentlibrary\CyComponentLibrary.cylib\BLE_v2_20\Library\gccCyBLEStack_BLE_SOC_PERIPHERAL.a(CyBleControllerIP_Interface.o)
                0x00002b56                CyBle_SetTxPowerLevel

i.ll_check_and_mark_packet_ready_for_transmission
                0x00002bac       0x28
 i.ll_check_and_mark_packet_ready_for_transmission
                0x00002bac       0x28 C:\Program Files (x86)\Cypress\PSoC Creator\3.3\PSoC Creator\psoc\content\cycomponentlibrary\CyComponentLibrary.cylib\BLE_v2_20\Library\gccCyBLEStack_BLE_SOC_PERIPHERAL.a(ll.o)
                0x00002bac                ll_check_and_mark_packet_ready_for_transmission

i.ll_cleanup_pending_data_pdu
                0x00002bd4       0x38
 i.ll_cleanup_pending_data_pdu
                0x00002bd4       0x38 C:\Program Files (x86)\Cypress\PSoC Creator\3.3\PSoC Creator\psoc\content\cycomponentlibrary\CyComponentLibrary.cylib\BLE_v2_20\Library\gccCyBLEStack_BLE_SOC_PERIPHERAL.a(ll.o)
                0x00002bd4                ll_cleanup_pending_data_pdu

i.ll_exit_low_power_mode
                0x00002c0c       0xac
 i.ll_exit_low_power_mode
                0x00002c0c       0xac C:\Program Files (x86)\Cypress\PSoC Creator\3.3\PSoC Creator\psoc\content\cycomponentlibrary\CyComponentLibrary.cylib\BLE_v2_20\Library\gccCyBLEStack_BLE_SOC_PERIPHERAL.a(ll.o)
                0x00002c0c                ll_exit_low_power_mode

i.ll_get_ack_status
                0x00002cb8       0x3c
 i.ll_get_ack_status
                0x00002cb8       0x3c C:\Program Files (x86)\Cypress\PSoC Creator\3.3\PSoC Creator\psoc\content\cycomponentlibrary\CyComponentLibrary.cylib\BLE_v2_20\Library\gccCyBLEStack_BLE_SOC_PERIPHERAL.a(ll.o)
                0x00002cb8                ll_get_ack_status

i.ll_get_adv_ch_tx_power
                0x00002cf4       0x20
 i.ll_get_adv_ch_tx_power
                0x00002cf4       0x20 C:\Program Files (x86)\Cypress\PSoC Creator\3.3\PSoC Creator\psoc\content\cycomponentlibrary\CyComponentLibrary.cylib\BLE_v2_20\Library\gccCyBLEStack_BLE_SOC_PERIPHERAL.a(ll.o)
                0x00002cf4                ll_get_adv_ch_tx_power

i.ll_get_data_channel_map
                0x00002d14       0x24
 i.ll_get_data_channel_map
                0x00002d14       0x24 C:\Program Files (x86)\Cypress\PSoC Creator\3.3\PSoC Creator\psoc\content\cycomponentlibrary\CyComponentLibrary.cylib\BLE_v2_20\Library\gccCyBLEStack_BLE_SOC_PERIPHERAL.a(ll.o)
                0x00002d14                ll_get_data_channel_map

i.ll_get_max_white_list_size
                0x00002d38        0xc
 i.ll_get_max_white_list_size
                0x00002d38        0xc C:\Program Files (x86)\Cypress\PSoC Creator\3.3\PSoC Creator\psoc\content\cycomponentlibrary\CyComponentLibrary.cylib\BLE_v2_20\Library\gccCyBLEStack_BLE_SOC_PERIPHERAL.a(ll.o)
                0x00002d38                ll_get_max_white_list_size

i.ll_get_my_role
                0x00002d44        0xc
 i.ll_get_my_role
                0x00002d44        0xc C:\Program Files (x86)\Cypress\PSoC Creator\3.3\PSoC Creator\psoc\content\cycomponentlibrary\CyComponentLibrary.cylib\BLE_v2_20\Library\gccCyBLEStack_BLE_SOC_PERIPHERAL.a(ll.o)
                0x00002d44                ll_get_my_role

i.ll_get_next_available_fifo_for_data_pdu
                0x00002d50        0x8
 i.ll_get_next_available_fifo_for_data_pdu
                0x00002d50        0x8 C:\Program Files (x86)\Cypress\PSoC Creator\3.3\PSoC Creator\psoc\content\cycomponentlibrary\CyComponentLibrary.cylib\BLE_v2_20\Library\gccCyBLEStack_BLE_SOC_PERIPHERAL.a(ll.o)
                0x00002d50                ll_get_next_available_fifo_for_data_pdu

i.ll_get_next_available_fifo_for_ll_pdu
                0x00002d58       0x24
 i.ll_get_next_available_fifo_for_ll_pdu
                0x00002d58       0x24 C:\Program Files (x86)\Cypress\PSoC Creator\3.3\PSoC Creator\psoc\content\cycomponentlibrary\CyComponentLibrary.cylib\BLE_v2_20\Library\gccCyBLEStack_BLE_SOC_PERIPHERAL.a(ll.o)
                0x00002d58                ll_get_next_available_fifo_for_ll_pdu

i.ll_get_rssi_value
                0x00002d7c       0x26
 i.ll_get_rssi_value
                0x00002d7c       0x26 C:\Program Files (x86)\Cypress\PSoC Creator\3.3\PSoC Creator\psoc\content\cycomponentlibrary\CyComponentLibrary.cylib\BLE_v2_20\Library\gccCyBLEStack_BLE_SOC_PERIPHERAL.a(ll.o)
                0x00002d7c                ll_get_rssi_value

i.ll_get_transmit_power_level
                0x00002da4       0x2c
 i.ll_get_transmit_power_level
                0x00002da4       0x2c C:\Program Files (x86)\Cypress\PSoC Creator\3.3\PSoC Creator\psoc\content\cycomponentlibrary\CyComponentLibrary.cylib\BLE_v2_20\Library\gccCyBLEStack_BLE_SOC_PERIPHERAL.a(ll.o)
                0x00002da4                ll_get_transmit_power_level

i.ll_handle_ack_received
                0x00002dd0       0x74
 i.ll_handle_ack_received
                0x00002dd0       0x74 C:\Program Files (x86)\Cypress\PSoC Creator\3.3\PSoC Creator\psoc\content\cycomponentlibrary\CyComponentLibrary.cylib\BLE_v2_20\Library\gccCyBLEStack_BLE_SOC_PERIPHERAL.a(ll.o)
                0x00002dd0                ll_handle_ack_received

i.ll_handle_add_device_in_whitelist
                0x00002e44       0x3a
 i.ll_handle_add_device_in_whitelist
                0x00002e44       0x3a C:\Program Files (x86)\Cypress\PSoC Creator\3.3\PSoC Creator\psoc\content\cycomponentlibrary\CyComponentLibrary.cylib\BLE_v2_20\Library\gccCyBLEStack_BLE_SOC_PERIPHERAL.a(ll.o)
                0x00002e44                ll_handle_add_device_in_whitelist

i.ll_handle_clear_whitelist
                0x00002e7e       0x16
 i.ll_handle_clear_whitelist
                0x00002e7e       0x16 C:\Program Files (x86)\Cypress\PSoC Creator\3.3\PSoC Creator\psoc\content\cycomponentlibrary\CyComponentLibrary.cylib\BLE_v2_20\Library\gccCyBLEStack_BLE_SOC_PERIPHERAL.a(ll.o)
                0x00002e7e                ll_handle_clear_whitelist

i.ll_handle_encrypt_host_data
                0x00002e94       0x36
 i.ll_handle_encrypt_host_data
                0x00002e94       0x36 C:\Program Files (x86)\Cypress\PSoC Creator\3.3\PSoC Creator\psoc\content\cycomponentlibrary\CyComponentLibrary.cylib\BLE_v2_20\Library\gccCyBLEStack_BLE_SOC_PERIPHERAL.a(ll.o)
                0x00002e94                ll_handle_encrypt_host_data

i.ll_handle_host_data_packet
                0x00002eca       0x54
 i.ll_handle_host_data_packet
                0x00002eca       0x54 C:\Program Files (x86)\Cypress\PSoC Creator\3.3\PSoC Creator\psoc\content\cycomponentlibrary\CyComponentLibrary.cylib\BLE_v2_20\Library\gccCyBLEStack_BLE_SOC_PERIPHERAL.a(ll.o)
                0x00002eca                ll_handle_host_data_packet

i.ll_handle_read_host_channel_map
                0x00002f1e        0x4
 i.ll_handle_read_host_channel_map
                0x00002f1e        0x4 C:\Program Files (x86)\Cypress\PSoC Creator\3.3\PSoC Creator\psoc\content\cycomponentlibrary\CyComponentLibrary.cylib\BLE_v2_20\Library\gccCyBLEStack_BLE_SOC_PERIPHERAL.a(ll.o)
                0x00002f1e                ll_handle_read_host_channel_map

i.ll_handle_remove_device_in_whitelist
                0x00002f22       0x2a
 i.ll_handle_remove_device_in_whitelist
                0x00002f22       0x2a C:\Program Files (x86)\Cypress\PSoC Creator\3.3\PSoC Creator\psoc\content\cycomponentlibrary\CyComponentLibrary.cylib\BLE_v2_20\Library\gccCyBLEStack_BLE_SOC_PERIPHERAL.a(ll.o)
                0x00002f22                ll_handle_remove_device_in_whitelist

i.ll_handle_reset
                0x00002f4c        0xe
 i.ll_handle_reset
                0x00002f4c        0xe C:\Program Files (x86)\Cypress\PSoC Creator\3.3\PSoC Creator\psoc\content\cycomponentlibrary\CyComponentLibrary.cylib\BLE_v2_20\Library\gccCyBLEStack_BLE_SOC_PERIPHERAL.a(ll.o)
                0x00002f4c                ll_handle_reset

i.ll_handle_set_random_address
                0x00002f5a       0x36
 i.ll_handle_set_random_address
                0x00002f5a       0x36 C:\Program Files (x86)\Cypress\PSoC Creator\3.3\PSoC Creator\psoc\content\cycomponentlibrary\CyComponentLibrary.cylib\BLE_v2_20\Library\gccCyBLEStack_BLE_SOC_PERIPHERAL.a(ll.o)
                0x00002f5a                ll_handle_set_random_address

i.ll_init       0x00002f90       0x18
 i.ll_init      0x00002f90       0x18 C:\Program Files (x86)\Cypress\PSoC Creator\3.3\PSoC Creator\psoc\content\cycomponentlibrary\CyComponentLibrary.cylib\BLE_v2_20\Library\gccCyBLEStack_BLE_SOC_PERIPHERAL.a(ll.o)
                0x00002f90                ll_init

i.ll_initialize_device_attributes
                0x00002fa8       0x4c
 i.ll_initialize_device_attributes
                0x00002fa8       0x4c C:\Program Files (x86)\Cypress\PSoC Creator\3.3\PSoC Creator\psoc\content\cycomponentlibrary\CyComponentLibrary.cylib\BLE_v2_20\Library\gccCyBLEStack_BLE_SOC_PERIPHERAL.a(ll.o)
                0x00002fa8                ll_initialize_device_attributes

i.ll_is_pkt_pending
                0x00002ff4       0x2a
 i.ll_is_pkt_pending
                0x00002ff4       0x2a C:\Program Files (x86)\Cypress\PSoC Creator\3.3\PSoC Creator\psoc\content\cycomponentlibrary\CyComponentLibrary.cylib\BLE_v2_20\Library\gccCyBLEStack_BLE_SOC_PERIPHERAL.a(ll.o)
                0x00002ff4                ll_is_pkt_pending

i.ll_is_sent_pkt_pending
                0x0000301e       0x1a
 i.ll_is_sent_pkt_pending
                0x0000301e       0x1a C:\Program Files (x86)\Cypress\PSoC Creator\3.3\PSoC Creator\psoc\content\cycomponentlibrary\CyComponentLibrary.cylib\BLE_v2_20\Library\gccCyBLEStack_BLE_SOC_PERIPHERAL.a(ll.o)
                0x0000301e                ll_is_sent_pkt_pending

i.ll_isr_exit_low_power_mode
                0x00003038       0x16
 i.ll_isr_exit_low_power_mode
                0x00003038       0x16 C:\Program Files (x86)\Cypress\PSoC Creator\3.3\PSoC Creator\psoc\content\cycomponentlibrary\CyComponentLibrary.cylib\BLE_v2_20\Library\gccCyBLEStack_BLE_SOC_PERIPHERAL.a(ll.o)
                0x00003038                ll_isr_exit_low_power_mode

i.ll_load_host_data_packet
                0x0000304e       0x4a
 i.ll_load_host_data_packet
                0x0000304e       0x4a C:\Program Files (x86)\Cypress\PSoC Creator\3.3\PSoC Creator\psoc\content\cycomponentlibrary\CyComponentLibrary.cylib\BLE_v2_20\Library\gccCyBLEStack_BLE_SOC_PERIPHERAL.a(ll.o)
                0x0000304e                ll_load_host_data_packet

i.ll_load_packet_to_fifo
                0x00003098       0x6e
 i.ll_load_packet_to_fifo
                0x00003098       0x6e C:\Program Files (x86)\Cypress\PSoC Creator\3.3\PSoC Creator\psoc\content\cycomponentlibrary\CyComponentLibrary.cylib\BLE_v2_20\Library\gccCyBLEStack_BLE_SOC_PERIPHERAL.a(ll.o)
                0x00003098                ll_load_packet_to_fifo

i.ll_process_acks
                0x00003106       0x3c
 i.ll_process_acks
                0x00003106       0x3c C:\Program Files (x86)\Cypress\PSoC Creator\3.3\PSoC Creator\psoc\content\cycomponentlibrary\CyComponentLibrary.cylib\BLE_v2_20\Library\gccCyBLEStack_BLE_SOC_PERIPHERAL.a(ll.o)
                0x00003106                ll_process_acks

i.ll_reset      0x00003142       0x12
 i.ll_reset     0x00003142       0x12 C:\Program Files (x86)\Cypress\PSoC Creator\3.3\PSoC Creator\psoc\content\cycomponentlibrary\CyComponentLibrary.cylib\BLE_v2_20\Library\gccCyBLEStack_BLE_SOC_PERIPHERAL.a(ll.o)
                0x00003142                ll_reset

i.ll_update_active_features
                0x00003154       0x58
 i.ll_update_active_features
                0x00003154       0x58 C:\Program Files (x86)\Cypress\PSoC Creator\3.3\PSoC Creator\psoc\content\cycomponentlibrary\CyComponentLibrary.cylib\BLE_v2_20\Library\gccCyBLEStack_BLE_SOC_PERIPHERAL.a(ll.o)
                0x00003154                ll_update_active_features

i.ll_update_device_fsm
                0x000031ac        0x8
 i.ll_update_device_fsm
                0x000031ac        0x8 C:\Program Files (x86)\Cypress\PSoC Creator\3.3\PSoC Creator\psoc\content\cycomponentlibrary\CyComponentLibrary.cylib\BLE_v2_20\Library\gccCyBLEStack_BLE_SOC_PERIPHERAL.a(ll.o)
                0x000031ac                ll_update_device_fsm

i.pf_le_start_timer
                0x000031b4       0x16
 i.pf_le_start_timer
                0x000031b4       0x16 C:\Program Files (x86)\Cypress\PSoC Creator\3.3\PSoC Creator\psoc\content\cycomponentlibrary\CyComponentLibrary.cylib\BLE_v2_20\Library\gccCyBLEStack_BLE_SOC_PERIPHERAL.a(ll.o)
                0x000031b4                pf_le_start_timer

i.pf_le_stop_timer
                0x000031ca       0x12
 i.pf_le_stop_timer
                0x000031ca       0x12 C:\Program Files (x86)\Cypress\PSoC Creator\3.3\PSoC Creator\psoc\content\cycomponentlibrary\CyComponentLibrary.cylib\BLE_v2_20\Library\gccCyBLEStack_BLE_SOC_PERIPHERAL.a(ll.o)
                0x000031ca                pf_le_stop_timer

i.CyBleControllerIP_TuneAdvEventInterPktSlots
                0x000031dc       0x44
 i.CyBleControllerIP_TuneAdvEventInterPktSlots
                0x000031dc       0x44 C:\Program Files (x86)\Cypress\PSoC Creator\3.3\PSoC Creator\psoc\content\cycomponentlibrary\CyComponentLibrary.cylib\BLE_v2_20\Library\gccCyBLEStack_BLE_SOC_PERIPHERAL.a(ll_advertiser.o)
                0x000031dc                CyBleControllerIP_TuneAdvEventInterPktSlots

i.ll_adv_is_configured_connection_adv
                0x00003220       0x1e
 i.ll_adv_is_configured_connection_adv
                0x00003220       0x1e C:\Program Files (x86)\Cypress\PSoC Creator\3.3\PSoC Creator\psoc\content\cycomponentlibrary\CyComponentLibrary.cylib\BLE_v2_20\Library\gccCyBLEStack_BLE_SOC_PERIPHERAL.a(ll_advertiser.o)
                0x00003220                ll_adv_is_configured_connection_adv

i.ll_check_random_address_in_use_by_advertiser
                0x0000323e       0x10
 i.ll_check_random_address_in_use_by_advertiser
                0x0000323e       0x10 C:\Program Files (x86)\Cypress\PSoC Creator\3.3\PSoC Creator\psoc\content\cycomponentlibrary\CyComponentLibrary.cylib\BLE_v2_20\Library\gccCyBLEStack_BLE_SOC_PERIPHERAL.a(ll_advertiser.o)
                0x0000323e                ll_check_random_address_in_use_by_advertiser

i.ll_check_whitelist_in_use_by_advertiser
                0x0000324e       0x10
 i.ll_check_whitelist_in_use_by_advertiser
                0x0000324e       0x10 C:\Program Files (x86)\Cypress\PSoC Creator\3.3\PSoC Creator\psoc\content\cycomponentlibrary\CyComponentLibrary.cylib\BLE_v2_20\Library\gccCyBLEStack_BLE_SOC_PERIPHERAL.a(ll_advertiser.o)
                0x0000324e                ll_check_whitelist_in_use_by_advertiser

i.ll_get_adv_status
                0x0000325e        0xc
 i.ll_get_adv_status
                0x0000325e        0xc C:\Program Files (x86)\Cypress\PSoC Creator\3.3\PSoC Creator\psoc\content\cycomponentlibrary\CyComponentLibrary.cylib\BLE_v2_20\Library\gccCyBLEStack_BLE_SOC_PERIPHERAL.a(ll_advertiser.o)
                0x0000325e                ll_get_adv_status

i.ll_get_adv_type
                0x0000326a       0x16
 i.ll_get_adv_type
                0x0000326a       0x16 C:\Program Files (x86)\Cypress\PSoC Creator\3.3\PSoC Creator\psoc\content\cycomponentlibrary\CyComponentLibrary.cylib\BLE_v2_20\Library\gccCyBLEStack_BLE_SOC_PERIPHERAL.a(ll_advertiser.o)
                0x0000326a                ll_get_adv_type

i.ll_handle_adv_intr
                0x00003280       0x50
 i.ll_handle_adv_intr
                0x00003280       0x50 C:\Program Files (x86)\Cypress\PSoC Creator\3.3\PSoC Creator\psoc\content\cycomponentlibrary\CyComponentLibrary.cylib\BLE_v2_20\Library\gccCyBLEStack_BLE_SOC_PERIPHERAL.a(ll_advertiser.o)
                0x00003280                ll_handle_adv_intr

i.ll_handle_set_adv_data
                0x000032d0       0x14
 i.ll_handle_set_adv_data
                0x000032d0       0x14 C:\Program Files (x86)\Cypress\PSoC Creator\3.3\PSoC Creator\psoc\content\cycomponentlibrary\CyComponentLibrary.cylib\BLE_v2_20\Library\gccCyBLEStack_BLE_SOC_PERIPHERAL.a(ll_advertiser.o)
                0x000032d0                ll_handle_set_adv_data

i.ll_handle_set_adv_parameters
                0x000032e4       0x84
 i.ll_handle_set_adv_parameters
                0x000032e4       0x84 C:\Program Files (x86)\Cypress\PSoC Creator\3.3\PSoC Creator\psoc\content\cycomponentlibrary\CyComponentLibrary.cylib\BLE_v2_20\Library\gccCyBLEStack_BLE_SOC_PERIPHERAL.a(ll_advertiser.o)
                0x000032e4                ll_handle_set_adv_parameters

i.ll_handle_set_advertise_enable
                0x00003368       0x70
 i.ll_handle_set_advertise_enable
                0x00003368       0x70 C:\Program Files (x86)\Cypress\PSoC Creator\3.3\PSoC Creator\psoc\content\cycomponentlibrary\CyComponentLibrary.cylib\BLE_v2_20\Library\gccCyBLEStack_BLE_SOC_PERIPHERAL.a(ll_advertiser.o)
                0x00003368                ll_handle_set_advertise_enable

i.ll_handle_set_scan_resp_data
                0x000033d8       0x14
 i.ll_handle_set_scan_resp_data
                0x000033d8       0x14 C:\Program Files (x86)\Cypress\PSoC Creator\3.3\PSoC Creator\psoc\content\cycomponentlibrary\CyComponentLibrary.cylib\BLE_v2_20\Library\gccCyBLEStack_BLE_SOC_PERIPHERAL.a(ll_advertiser.o)
                0x000033d8                ll_handle_set_scan_resp_data

i.ll_init_advertiser
                0x000033ec       0x68
 i.ll_init_advertiser
                0x000033ec       0x68 C:\Program Files (x86)\Cypress\PSoC Creator\3.3\PSoC Creator\psoc\content\cycomponentlibrary\CyComponentLibrary.cylib\BLE_v2_20\Library\gccCyBLEStack_BLE_SOC_PERIPHERAL.a(ll_advertiser.o)
                0x000033ec                ll_init_advertiser

i.is_le_connection_handle
                0x00003454       0x28
 i.is_le_connection_handle
                0x00003454       0x28 C:\Program Files (x86)\Cypress\PSoC Creator\3.3\PSoC Creator\psoc\content\cycomponentlibrary\CyComponentLibrary.cylib\BLE_v2_20\Library\gccCyBLEStack_BLE_SOC_PERIPHERAL.a(ll_connection.o)
                0x00003454                is_le_connection_handle

i.le_assign_connection_handle
                0x0000347c       0x28
 i.le_assign_connection_handle
                0x0000347c       0x28 C:\Program Files (x86)\Cypress\PSoC Creator\3.3\PSoC Creator\psoc\content\cycomponentlibrary\CyComponentLibrary.cylib\BLE_v2_20\Library\gccCyBLEStack_BLE_SOC_PERIPHERAL.a(ll_connection.o)
                0x0000347c                le_assign_connection_handle

i.le_get_connection_index
                0x000034a4        0x6
 i.le_get_connection_index
                0x000034a4        0x6 C:\Program Files (x86)\Cypress\PSoC Creator\3.3\PSoC Creator\psoc\content\cycomponentlibrary\CyComponentLibrary.cylib\BLE_v2_20\Library\gccCyBLEStack_BLE_SOC_PERIPHERAL.a(ll_connection.o)
                0x000034a4                le_get_connection_index

i.ll_allocate_connection
                0x000034ac       0x44
 i.ll_allocate_connection
                0x000034ac       0x44 C:\Program Files (x86)\Cypress\PSoC Creator\3.3\PSoC Creator\psoc\content\cycomponentlibrary\CyComponentLibrary.cylib\BLE_v2_20\Library\gccCyBLEStack_BLE_SOC_PERIPHERAL.a(ll_connection.o)
                0x000034ac                ll_allocate_connection

i.ll_calculate_and_program_def_win_widen_drift
                0x000034f0       0x14
 i.ll_calculate_and_program_def_win_widen_drift
                0x000034f0       0x14 C:\Program Files (x86)\Cypress\PSoC Creator\3.3\PSoC Creator\psoc\content\cycomponentlibrary\CyComponentLibrary.cylib\BLE_v2_20\Library\gccCyBLEStack_BLE_SOC_PERIPHERAL.a(ll_connection.o)
                0x000034f0                ll_calculate_and_program_def_win_widen_drift

i.ll_calculate_drift
                0x00003504       0x2c
 i.ll_calculate_drift
                0x00003504       0x2c C:\Program Files (x86)\Cypress\PSoC Creator\3.3\PSoC Creator\psoc\content\cycomponentlibrary\CyComponentLibrary.cylib\BLE_v2_20\Library\gccCyBLEStack_BLE_SOC_PERIPHERAL.a(ll_connection.o)
                0x00003504                ll_calculate_drift

i.ll_check_and_decrypt_ll_pdu
                0x00003530       0x68
 i.ll_check_and_decrypt_ll_pdu
                0x00003530       0x68 C:\Program Files (x86)\Cypress\PSoC Creator\3.3\PSoC Creator\psoc\content\cycomponentlibrary\CyComponentLibrary.cylib\BLE_v2_20\Library\gccCyBLEStack_BLE_SOC_PERIPHERAL.a(ll_connection.o)
                0x00003530                ll_check_and_decrypt_ll_pdu

i.ll_check_and_decrypt_packet
                0x00003598       0x6a
 i.ll_check_and_decrypt_packet
                0x00003598       0x6a C:\Program Files (x86)\Cypress\PSoC Creator\3.3\PSoC Creator\psoc\content\cycomponentlibrary\CyComponentLibrary.cylib\BLE_v2_20\Library\gccCyBLEStack_BLE_SOC_PERIPHERAL.a(ll_connection.o)
                0x00003598                ll_check_and_decrypt_packet

i.ll_check_and_encrypt_ll_pdu
                0x00003602       0x72
 i.ll_check_and_encrypt_ll_pdu
                0x00003602       0x72 C:\Program Files (x86)\Cypress\PSoC Creator\3.3\PSoC Creator\psoc\content\cycomponentlibrary\CyComponentLibrary.cylib\BLE_v2_20\Library\gccCyBLEStack_BLE_SOC_PERIPHERAL.a(ll_connection.o)
                0x00003602                ll_check_and_encrypt_ll_pdu

i.ll_check_and_encrypt_packet
                0x00003674       0x8a
 i.ll_check_and_encrypt_packet
                0x00003674       0x8a C:\Program Files (x86)\Cypress\PSoC Creator\3.3\PSoC Creator\psoc\content\cycomponentlibrary\CyComponentLibrary.cylib\BLE_v2_20\Library\gccCyBLEStack_BLE_SOC_PERIPHERAL.a(ll_connection.o)
                0x00003674                ll_check_and_encrypt_packet

i.ll_check_for_allowing_incoming_connection_update
                0x000036fe       0x42
 i.ll_check_for_allowing_incoming_connection_update
                0x000036fe       0x42 C:\Program Files (x86)\Cypress\PSoC Creator\3.3\PSoC Creator\psoc\content\cycomponentlibrary\CyComponentLibrary.cylib\BLE_v2_20\Library\gccCyBLEStack_BLE_SOC_PERIPHERAL.a(ll_connection.o)
                0x000036fe                ll_check_for_allowing_incoming_connection_update

i.ll_check_if_pdu_is_loaded_to_hardware
                0x00003740       0x1c
 i.ll_check_if_pdu_is_loaded_to_hardware
                0x00003740       0x1c C:\Program Files (x86)\Cypress\PSoC Creator\3.3\PSoC Creator\psoc\content\cycomponentlibrary\CyComponentLibrary.cylib\BLE_v2_20\Library\gccCyBLEStack_BLE_SOC_PERIPHERAL.a(ll_connection.o)
                0x00003740                ll_check_if_pdu_is_loaded_to_hardware

i.ll_check_random_address_in_use_by_initiator
                0x0000375c       0x30
 i.ll_check_random_address_in_use_by_initiator
                0x0000375c       0x30 C:\Program Files (x86)\Cypress\PSoC Creator\3.3\PSoC Creator\psoc\content\cycomponentlibrary\CyComponentLibrary.cylib\BLE_v2_20\Library\gccCyBLEStack_BLE_SOC_PERIPHERAL.a(ll_connection.o)
                0x0000375c                ll_check_random_address_in_use_by_initiator

i.ll_check_white_list_in_use_by_initiator
                0x0000378c       0x30
 i.ll_check_white_list_in_use_by_initiator
                0x0000378c       0x30 C:\Program Files (x86)\Cypress\PSoC Creator\3.3\PSoC Creator\psoc\content\cycomponentlibrary\CyComponentLibrary.cylib\BLE_v2_20\Library\gccCyBLEStack_BLE_SOC_PERIPHERAL.a(ll_connection.o)
                0x0000378c                ll_check_white_list_in_use_by_initiator

i.ll_conn_free_enc_txn_buffer
                0x000037bc       0x16
 i.ll_conn_free_enc_txn_buffer
                0x000037bc       0x16 C:\Program Files (x86)\Cypress\PSoC Creator\3.3\PSoC Creator\psoc\content\cycomponentlibrary\CyComponentLibrary.cylib\BLE_v2_20\Library\gccCyBLEStack_BLE_SOC_PERIPHERAL.a(ll_connection.o)
                0x000037bc                ll_conn_free_enc_txn_buffer

i.ll_conn_fsm_update_channel_state
                0x000037d2        0x6
 i.ll_conn_fsm_update_channel_state
                0x000037d2        0x6 C:\Program Files (x86)\Cypress\PSoC Creator\3.3\PSoC Creator\psoc\content\cycomponentlibrary\CyComponentLibrary.cylib\BLE_v2_20\Library\gccCyBLEStack_BLE_SOC_PERIPHERAL.a(ll_connection.o)
                0x000037d2                ll_conn_fsm_update_channel_state

i.ll_conn_fsm_update_conn_update_state
                0x000037d8        0x6
 i.ll_conn_fsm_update_conn_update_state
                0x000037d8        0x6 C:\Program Files (x86)\Cypress\PSoC Creator\3.3\PSoC Creator\psoc\content\cycomponentlibrary\CyComponentLibrary.cylib\BLE_v2_20\Library\gccCyBLEStack_BLE_SOC_PERIPHERAL.a(ll_connection.o)
                0x000037d8                ll_conn_fsm_update_conn_update_state

i.ll_conn_fsm_update_enc_state
                0x000037de        0x6
 i.ll_conn_fsm_update_enc_state
                0x000037de        0x6 C:\Program Files (x86)\Cypress\PSoC Creator\3.3\PSoC Creator\psoc\content\cycomponentlibrary\CyComponentLibrary.cylib\BLE_v2_20\Library\gccCyBLEStack_BLE_SOC_PERIPHERAL.a(ll_connection.o)
                0x000037de                ll_conn_fsm_update_enc_state

i.ll_conn_fsm_update_state
                0x000037e4        0x4
 i.ll_conn_fsm_update_state
                0x000037e4        0x4 C:\Program Files (x86)\Cypress\PSoC Creator\3.3\PSoC Creator\psoc\content\cycomponentlibrary\CyComponentLibrary.cylib\BLE_v2_20\Library\gccCyBLEStack_BLE_SOC_PERIPHERAL.a(ll_connection.o)
                0x000037e4                ll_conn_fsm_update_state

i.ll_conn_handle_data_pdu_from_host_when_data_paused
                0x000037e8        0x8
 i.ll_conn_handle_data_pdu_from_host_when_data_paused
                0x000037e8        0x8 C:\Program Files (x86)\Cypress\PSoC Creator\3.3\PSoC Creator\psoc\content\cycomponentlibrary\CyComponentLibrary.cylib\BLE_v2_20\Library\gccCyBLEStack_BLE_SOC_PERIPHERAL.a(ll_connection.o)
                0x000037e8                ll_conn_handle_data_pdu_from_host_when_data_paused

i.ll_conn_handle_direct_adv_timeout
                0x000037f0       0x2a
 i.ll_conn_handle_direct_adv_timeout
                0x000037f0       0x2a C:\Program Files (x86)\Cypress\PSoC Creator\3.3\PSoC Creator\psoc\content\cycomponentlibrary\CyComponentLibrary.cylib\BLE_v2_20\Library\gccCyBLEStack_BLE_SOC_PERIPHERAL.a(ll_connection.o)
                0x000037f0                ll_conn_handle_direct_adv_timeout

i.ll_conn_handle_ping_timer_expired_interrupt
                0x0000381c       0x1c
 i.ll_conn_handle_ping_timer_expired_interrupt
                0x0000381c       0x1c C:\Program Files (x86)\Cypress\PSoC Creator\3.3\PSoC Creator\psoc\content\cycomponentlibrary\CyComponentLibrary.cylib\BLE_v2_20\Library\gccCyBLEStack_BLE_SOC_PERIPHERAL.a(ll_connection.o)
                0x0000381c                ll_conn_handle_ping_timer_expired_interrupt

i.ll_conn_handle_ping_timer_nearly_expired_interrupt
                0x00003838       0x20
 i.ll_conn_handle_ping_timer_nearly_expired_interrupt
                0x00003838       0x20 C:\Program Files (x86)\Cypress\PSoC Creator\3.3\PSoC Creator\psoc\content\cycomponentlibrary\CyComponentLibrary.cylib\BLE_v2_20\Library\gccCyBLEStack_BLE_SOC_PERIPHERAL.a(ll_connection.o)
                0x00003838                ll_conn_handle_ping_timer_nearly_expired_interrupt

i.ll_conn_handle_stop_connectable_adv
                0x00003858       0x12
 i.ll_conn_handle_stop_connectable_adv
                0x00003858       0x12 C:\Program Files (x86)\Cypress\PSoC Creator\3.3\PSoC Creator\psoc\content\cycomponentlibrary\CyComponentLibrary.cylib\BLE_v2_20\Library\gccCyBLEStack_BLE_SOC_PERIPHERAL.a(ll_connection.o)
                0x00003858                ll_conn_handle_stop_connectable_adv

i.ll_conn_process_pending_transactions
                0x0000386a        0x4
 i.ll_conn_process_pending_transactions
                0x0000386a        0x4 C:\Program Files (x86)\Cypress\PSoC Creator\3.3\PSoC Creator\psoc\content\cycomponentlibrary\CyComponentLibrary.cylib\BLE_v2_20\Library\gccCyBLEStack_BLE_SOC_PERIPHERAL.a(ll_connection.o)
                0x0000386a                ll_conn_process_pending_transactions

i.ll_conn_program_authenticated_payload_timer
                0x00003870       0x50
 i.ll_conn_program_authenticated_payload_timer
                0x00003870       0x50 C:\Program Files (x86)\Cypress\PSoC Creator\3.3\PSoC Creator\psoc\content\cycomponentlibrary\CyComponentLibrary.cylib\BLE_v2_20\Library\gccCyBLEStack_BLE_SOC_PERIPHERAL.a(ll_connection.o)
                0x00003870                ll_conn_program_authenticated_payload_timer

i.ll_conn_read_data_pdu_from_hardware
                0x000038c0       0x14
 i.ll_conn_read_data_pdu_from_hardware
                0x000038c0       0x14 C:\Program Files (x86)\Cypress\PSoC Creator\3.3\PSoC Creator\psoc\content\cycomponentlibrary\CyComponentLibrary.cylib\BLE_v2_20\Library\gccCyBLEStack_BLE_SOC_PERIPHERAL.a(ll_connection.o)
                0x000038c0                ll_conn_read_data_pdu_from_hardware

i.ll_conn_send_ping_req_pdu
                0x000038d4       0x40
 i.ll_conn_send_ping_req_pdu
                0x000038d4       0x40 C:\Program Files (x86)\Cypress\PSoC Creator\3.3\PSoC Creator\psoc\content\cycomponentlibrary\CyComponentLibrary.cylib\BLE_v2_20\Library\gccCyBLEStack_BLE_SOC_PERIPHERAL.a(ll_connection.o)
                0x000038d4                ll_conn_send_ping_req_pdu

i.ll_conn_store_pending_tx_pdu
                0x00003914       0x1a
 i.ll_conn_store_pending_tx_pdu
                0x00003914       0x1a C:\Program Files (x86)\Cypress\PSoC Creator\3.3\PSoC Creator\psoc\content\cycomponentlibrary\CyComponentLibrary.cylib\BLE_v2_20\Library\gccCyBLEStack_BLE_SOC_PERIPHERAL.a(ll_connection.o)
                0x00003914                ll_conn_store_pending_tx_pdu

i.ll_conn_update_rssi
                0x0000392e       0x16
 i.ll_conn_update_rssi
                0x0000392e       0x16 C:\Program Files (x86)\Cypress\PSoC Creator\3.3\PSoC Creator\psoc\content\cycomponentlibrary\CyComponentLibrary.cylib\BLE_v2_20\Library\gccCyBLEStack_BLE_SOC_PERIPHERAL.a(ll_connection.o)
                0x0000392e                ll_conn_update_rssi

i.ll_convert_hci_llid_to_ll_llid_host_to_controller
                0x00003944        0x8
 i.ll_convert_hci_llid_to_ll_llid_host_to_controller
                0x00003944        0x8 C:\Program Files (x86)\Cypress\PSoC Creator\3.3\PSoC Creator\psoc\content\cycomponentlibrary\CyComponentLibrary.cylib\BLE_v2_20\Library\gccCyBLEStack_BLE_SOC_PERIPHERAL.a(ll_connection.o)
                0x00003944                ll_convert_hci_llid_to_ll_llid_host_to_controller

i.ll_convert_ll_llid_to_hci_llid_controller_to_host
                0x0000394c        0x2
 i.ll_convert_ll_llid_to_hci_llid_controller_to_host
                0x0000394c        0x2 C:\Program Files (x86)\Cypress\PSoC Creator\3.3\PSoC Creator\psoc\content\cycomponentlibrary\CyComponentLibrary.cylib\BLE_v2_20\Library\gccCyBLEStack_BLE_SOC_PERIPHERAL.a(ll_connection.o)
                0x0000394c                ll_convert_ll_llid_to_hci_llid_controller_to_host

i.ll_decode_and_program_connect_req
                0x00003950       0xec
 i.ll_decode_and_program_connect_req
                0x00003950       0xec C:\Program Files (x86)\Cypress\PSoC Creator\3.3\PSoC Creator\psoc\content\cycomponentlibrary\CyComponentLibrary.cylib\BLE_v2_20\Library\gccCyBLEStack_BLE_SOC_PERIPHERAL.a(ll_connection.o)
                0x00003950                ll_decode_and_program_connect_req

i.ll_enc_fsm_derive_session_key
                0x00003a3c       0x46
 i.ll_enc_fsm_derive_session_key
                0x00003a3c       0x46 C:\Program Files (x86)\Cypress\PSoC Creator\3.3\PSoC Creator\psoc\content\cycomponentlibrary\CyComponentLibrary.cylib\BLE_v2_20\Library\gccCyBLEStack_BLE_SOC_PERIPHERAL.a(ll_connection.o)
                0x00003a3c                ll_enc_fsm_derive_session_key

i.ll_enc_handle_enc_complete
                0x00003a82       0x68
 i.ll_enc_handle_enc_complete
                0x00003a82       0x68 C:\Program Files (x86)\Cypress\PSoC Creator\3.3\PSoC Creator\psoc\content\cycomponentlibrary\CyComponentLibrary.cylib\BLE_v2_20\Library\gccCyBLEStack_BLE_SOC_PERIPHERAL.a(ll_connection.o)
                0x00003a82                ll_enc_handle_enc_complete

i.ll_enc_handle_enc_failure
                0x00003aec       0xa4
 i.ll_enc_handle_enc_failure
                0x00003aec       0xa4 C:\Program Files (x86)\Cypress\PSoC Creator\3.3\PSoC Creator\psoc\content\cycomponentlibrary\CyComponentLibrary.cylib\BLE_v2_20\Library\gccCyBLEStack_BLE_SOC_PERIPHERAL.a(ll_connection.o)
                0x00003aec                ll_enc_handle_enc_failure

i.ll_enc_handle_ll_reject_pdu_cb
                0x00003b90       0x24
 i.ll_enc_handle_ll_reject_pdu_cb
                0x00003b90       0x24 C:\Program Files (x86)\Cypress\PSoC Creator\3.3\PSoC Creator\psoc\content\cycomponentlibrary\CyComponentLibrary.cylib\BLE_v2_20\Library\gccCyBLEStack_BLE_SOC_PERIPHERAL.a(ll_connection.o)
                0x00003b90                ll_enc_handle_ll_reject_pdu_cb

i.ll_enc_handle_ll_terminate_pdu
                0x00003bb4       0x16
 i.ll_enc_handle_ll_terminate_pdu
                0x00003bb4       0x16 C:\Program Files (x86)\Cypress\PSoC Creator\3.3\PSoC Creator\psoc\content\cycomponentlibrary\CyComponentLibrary.cylib\BLE_v2_20\Library\gccCyBLEStack_BLE_SOC_PERIPHERAL.a(ll_connection.o)
                0x00003bb4                ll_enc_handle_ll_terminate_pdu

i.ll_enc_handle_ll_unknown_resp_pdu_cb
                0x00003bca       0x24
 i.ll_enc_handle_ll_unknown_resp_pdu_cb