Archive member included because of file (symbol)

.\CortexM0\ARM_GCC_493\Debug\EZtimer.a(cyfitter_cfg.o)
                              .\CortexM0\ARM_GCC_493\Debug\Cm0Start.o (cyfitter_cfg)
.\CortexM0\ARM_GCC_493\Debug\EZtimer.a(BLE.o)
                              .\CortexM0\ARM_GCC_493\Debug\main.o (CyBle_Start)
.\CortexM0\ARM_GCC_493\Debug\EZtimer.a(BLE_gatt.o)
                              .\CortexM0\ARM_GCC_493\Debug\BLEProcess.o (cyBle_state)
.\CortexM0\ARM_GCC_493\Debug\EZtimer.a(BLE_eventHandler.o)
                              .\CortexM0\ARM_GCC_493\Debug\BLEProcess.o (cyBle_connHandle)
.\CortexM0\ARM_GCC_493\Debug\EZtimer.a(BLE_custom.o)
                              .\CortexM0\ARM_GCC_493\Debug\EZtimer.a(BLE.o) (CyBle_CustomInit)
.\CortexM0\ARM_GCC_493\Debug\EZtimer.a(CyBootAsmGnu.o)
                              .\CortexM0\ARM_GCC_493\Debug\EZtimer.a(cyfitter_cfg.o) (CyDelayCycles)
.\CortexM0\ARM_GCC_493\Debug\EZtimer.a(CyLib.o)
                              .\CortexM0\ARM_GCC_493\Debug\EZtimer.a(cyfitter_cfg.o) (CySysClkWriteImoFreq)
.\CortexM0\ARM_GCC_493\Debug\EZtimer.a(CyLFClk.o)
                              .\CortexM0\ARM_GCC_493\Debug\EZtimer.a(cyfitter_cfg.o) (CySysClkWcoStart)
.\CortexM0\ARM_GCC_493\Debug\EZtimer.a(InputInterrupt.o)
                              .\CortexM0\ARM_GCC_493\Debug\main.o (InputInterrupt_StartEx)
.\CortexM0\ARM_GCC_493\Debug\EZtimer.a(InputPin.o)
                              .\CortexM0\ARM_GCC_493\Debug\main.o (InputPin_Read)
.\CortexM0\ARM_GCC_493\Debug\EZtimer.a(UART.o)
                              .\CortexM0\ARM_GCC_493\Debug\main.o (UART_Start)
.\CortexM0\ARM_GCC_493\Debug\EZtimer.a(UART_UART.o)
                              .\CortexM0\ARM_GCC_493\Debug\EZtimer.a(UART.o) (UART_UartInit)
.\CortexM0\ARM_GCC_493\Debug\EZtimer.a(Pin_BLUE.o)
                              .\CortexM0\ARM_GCC_493\Debug\BLEProcess.o (Pin_BLUE_Write)
.\CortexM0\ARM_GCC_493\Debug\EZtimer.a(Pin_RED.o)
                              .\CortexM0\ARM_GCC_493\Debug\BLEProcess.o (Pin_RED_Write)
.\CortexM0\ARM_GCC_493\Debug\EZtimer.a(PWM_Beep.o)
                              .\CortexM0\ARM_GCC_493\Debug\main.o (PWM_Beep_WriteCompare)
.\CortexM0\ARM_GCC_493\Debug\EZtimer.a(PWM_12.o)
                              .\CortexM0\ARM_GCC_493\Debug\servos.o (PWM_12_Start)
.\CortexM0\ARM_GCC_493\Debug\EZtimer.a(Timer_10ms.o)
                              .\CortexM0\ARM_GCC_493\Debug\main.o (Timer_10ms_Start)
.\CortexM0\ARM_GCC_493\Debug\EZtimer.a(TimerInterrupt.o)
                              .\CortexM0\ARM_GCC_493\Debug\main.o (TimerInterrupt_StartEx)
.\CortexM0\ARM_GCC_493\Debug\EZtimer.a(UART_SPI_UART.o)
                              .\CortexM0\ARM_GCC_493\Debug\EZtimer.a(UART_UART.o) (UART_SpiUartReadRxData)
C:\Program Files (x86)\Cypress\PSoC Creator\3.3\PSoC Creator\psoc\content\cycomponentlibrary\CyComponentLibrary.cylib\BLE_v2_20\Library\gccCyBLEStack_BLE_SOC_PERIPHERAL.a(CyBle.o)
                              .\CortexM0\ARM_GCC_493\Debug\main.o (CyBle_ProcessEvents)
C:\Program Files (x86)\Cypress\PSoC Creator\3.3\PSoC Creator\psoc\content\cycomponentlibrary\CyComponentLibrary.cylib\BLE_v2_20\Library\gccCyBLEStack_BLE_SOC_PERIPHERAL.a(CyBleStackMgrIP_Interface.o)
                              C:\Program Files (x86)\Cypress\PSoC Creator\3.3\PSoC Creator\psoc\content\cycomponentlibrary\CyComponentLibrary.cylib\BLE_v2_20\Library\gccCyBLEStack_BLE_SOC_PERIPHERAL.a(CyBle.o) (CyBleStackMgr_Init)
C:\Program Files (x86)\Cypress\PSoC Creator\3.3\PSoC Creator\psoc\content\cycomponentlibrary\CyComponentLibrary.cylib\BLE_v2_20\Library\gccCyBLEStack_BLE_SOC_PERIPHERAL.a(BT_os.o)
                              C:\Program Files (x86)\Cypress\PSoC Creator\3.3\PSoC Creator\psoc\content\cycomponentlibrary\CyComponentLibrary.cylib\BLE_v2_20\Library\gccCyBLEStack_BLE_SOC_PERIPHERAL.a(CyBleStackMgrIP_Interface.o) (cyBleStackMemoryConfig)
C:\Program Files (x86)\Cypress\PSoC Creator\3.3\PSoC Creator\psoc\content\cycomponentlibrary\CyComponentLibrary.cylib\BLE_v2_20\Library\gccCyBLEStack_BLE_SOC_PERIPHERAL.a(CyBleStackMgr_StackTaskHandler.o)
                              C:\Program Files (x86)\Cypress\PSoC Creator\3.3\PSoC Creator\psoc\content\cycomponentlibrary\CyComponentLibrary.cylib\BLE_v2_20\Library\gccCyBLEStack_BLE_SOC_PERIPHERAL.a(CyBleStackMgrIP_Interface.o) (CyBle_CreateBleStackTask)
C:\Program Files (x86)\Cypress\PSoC Creator\3.3\PSoC Creator\psoc\content\cycomponentlibrary\CyComponentLibrary.cylib\BLE_v2_20\Library\gccCyBLEStack_BLE_SOC_PERIPHERAL.a(transport_sf.o)
                              C:\Program Files (x86)\Cypress\PSoC Creator\3.3\PSoC Creator\psoc\content\cycomponentlibrary\CyComponentLibrary.cylib\BLE_v2_20\Library\gccCyBLEStack_BLE_SOC_PERIPHERAL.a(CyBleStackMgr_StackTaskHandler.o) (hci_soft_transport_notify_data_received)
[...]
Memory Configuration

Name             Origin             Length             Attributes
rom              0x00000000         0x00020000         xr
ram              0x20000000         0x00004000         xrw
*default*        0x00000000         0xffffffff

Linker script and memory map

LOAD c:/program files (x86)/cypress/psoc creator/3.3/psoc creator/import/gnu/arm/4.9.3/bin/../lib/gcc/arm-none-eabi/4.9.3/armv6-m/crti.o
LOAD c:/program files (x86)/cypress/psoc creator/3.3/psoc creator/import/gnu/arm/4.9.3/bin/../lib/gcc/arm-none-eabi/4.9.3/armv6-m/crtbegin.o
LOAD c:/program files (x86)/cypress/psoc creator/3.3/psoc creator/import/gnu/arm/4.9.3/bin/../lib/gcc/arm-none-eabi/4.9.3/../../../../arm-none-eabi/lib/armv6-m/crt0.o
START GROUP
LOAD .\CortexM0\ARM_GCC_493\Debug\main.o
LOAD .\CortexM0\ARM_GCC_493\Debug\BLEProcess.o
LOAD .\CortexM0\ARM_GCC_493\Debug\servos.o
LOAD .\CortexM0\ARM_GCC_493\Debug\WriteUserSFlash.o
LOAD .\CortexM0\ARM_GCC_493\Debug\DataSet.o
LOAD .\CortexM0\ARM_GCC_493\Debug\cymetadata.o
LOAD .\CortexM0\ARM_GCC_493\Debug\Cm0Start.o
LOAD .\CortexM0\ARM_GCC_493\Debug\EZtimer.a
LOAD C:\Program Files (x86)\Cypress\PSoC Creator\3.3\PSoC Creator\psoc\content\cycomponentlibrary\CyComponentLibrary.cylib\BLE_v2_20\Library\gccCyBLEStack_BLE_SOC_PERIPHERAL.a
LOAD C:\Program Files (x86)\Cypress\PSoC Creator\3.3\PSoC Creator\psoc\content\cycomponentlibrary\CyComponentLibrary.cylib\CortexM0\ARM_GCC_493\Debug\CyComponentLibrary.a
END GROUP
START GROUP
LOAD c:/program files (x86)/cypress/psoc creator/3.3/psoc creator/import/gnu/arm/4.9.3/bin/../lib/gcc/arm-none-eabi/4.9.3/armv6-m\libgcc.a
LOAD c:/program files (x86)/cypress/psoc creator/3.3/psoc creator/import/gnu/arm/4.9.3/bin/../lib/gcc/arm-none-eabi/4.9.3/../../../../arm-none-eabi/lib/armv6-m\libg_nano.a
LOAD c:/program files (x86)/cypress/psoc creator/3.3/psoc creator/import/gnu/arm/4.9.3/bin/../lib/gcc/arm-none-eabi/4.9.3/../../../../arm-none-eabi/lib/armv6-m\libc_nano.a
END GROUP
START GROUP
LOAD c:/program files (x86)/cypress/psoc creator/3.3/psoc creator/import/gnu/arm/4.9.3/bin/../lib/gcc/arm-none-eabi/4.9.3/armv6-m\libgcc.a
LOAD c:/program files (x86)/cypress/psoc creator/3.3/psoc creator/import/gnu/arm/4.9.3/bin/../lib/gcc/arm-none-eabi/4.9.3/../../../../arm-none-eabi/lib/armv6-m\libc_nano.a
END GROUP
LOAD c:/program files (x86)/cypress/psoc creator/3.3/psoc creator/import/gnu/arm/4.9.3/bin/../lib/gcc/arm-none-eabi/4.9.3/armv6-m/crtend.o
LOAD c:/program files (x86)/cypress/psoc creator/3.3/psoc creator/import/gnu/arm/4.9.3/bin/../lib/gcc/arm-none-eabi/4.9.3/armv6-m/crtn.o
START GROUP
LOAD c:/program files (x86)/cypress/psoc creator/3.3/psoc creator/import/gnu/arm/4.9.3/bin/../lib/gcc/arm-none-eabi/4.9.3/armv6-m\libgcc.a
LOAD c:/program files (x86)/cypress/psoc creator/3.3/psoc creator/import/gnu/arm/4.9.3/bin/../lib/gcc/arm-none-eabi/4.9.3/../../../../arm-none-eabi/lib/armv6-m\libc.a
LOAD c:/program files (x86)/cypress/psoc creator/3.3/psoc creator/import/gnu/arm/4.9.3/bin/../lib/gcc/arm-none-eabi/4.9.3/../../../../arm-none-eabi/lib/armv6-m\libnosys.a
END GROUP
                0x00000000                CY_APPL_ORIGIN = 0x0
                0x00000080                CY_FLASH_ROW_SIZE = 0x80
                0x00000001                CY_APPL_NUM = 0x1
                0x00000001                CY_APPL_MAX = 0x1
                0x00000040                CY_METADATA_SIZE = 0x40
                0x00000000                CY_APPL_LOADABLE = 0x0
                0x00000000                CY_CHECKSUM_EXCLUDE_SIZE = ALIGN (0x0, CY_FLASH_ROW_SIZE)
                0x00000000                CY_APP_FOR_STACK_AND_COPIER = 0x0
                0x20002880                PROVIDE (__cy_heap_start, _end)
                0x00000001                PROVIDE (__cy_region_num, ((__cy_regions_end - __cy_regions) / 0x10))
                0x20004000                PROVIDE (__cy_stack, (ORIGIN (ram) + 0x4000))
                0x20003800                PROVIDE (__cy_heap_end, (__cy_stack - 0x800))

.cybootloader   0x00000000        0x0
 *(.cybootloader)
                0x00000000                appl1_start = CY_APPL_ORIGIN?CY_APPL_ORIGIN:ALIGN (CY_FLASH_ROW_SIZE)
                0x0000ff80                appl2_start = (appl1_start + ALIGN ((((0x20000 - appl1_start) - (0x2 * CY_FLASH_ROW_SIZE)) / 0x2), CY_FLASH_ROW_SIZE))
                0x00000000                appl_start = (CY_APPL_NUM == 0x1)?appl1_start:appl2_start
                0x00000001                cy_project_type_bootloader = (appl_start == 0x0)?0x1:0x0
                0x00000000                cy_project_type_app_for_stack_and_copier = (CY_APP_FOR_STACK_AND_COPIER == 0x1)?0x1:0x0

.text           0x00000000     0x317a
 CREATE_OBJECT_SYMBOLS
                0x00000000                PROVIDE (__cy_interrupt_vector, RomVectors)
 *(.romvectors)
 .romvectors    0x00000000       0x10 .\CortexM0\ARM_GCC_493\Debug\Cm0Start.o
                0x00000000                RomVectors
                0x00000001                ASSERT ((. != __cy_interrupt_vector), No interrupt vector)
                0x00000001                ASSERT (CY_APPL_ORIGIN?(SIZEOF (.cybootloader) <= CY_APPL_ORIGIN):0x1, Wrong image location)
                0x00000010                PROVIDE (__cy_reset, Reset)
 *(.text.Reset)
 .text.Reset    0x00000010        0x8 .\CortexM0\ARM_GCC_493\Debug\Cm0Start.o
                0x00000010                Reset
                0x00000001                ASSERT ((. != __cy_reset), No reset code)
 *(.psocinit)
 .psocinit      0x00000018      0x338 .\CortexM0\ARM_GCC_493\Debug\EZtimer.a(cyfitter_cfg.o)
                0x00000184                cyfitter_cfg
                0x00000350                . = MAX (., 0x100)
 *(.text .text.* .gnu.linkonce.t.*)
 .text          0x00000350       0x60 c:/program files (x86)/cypress/psoc creator/3.3/psoc creator/import/gnu/arm/4.9.3/bin/../lib/gcc/arm-none-eabi/4.9.3/armv6-m/crtbegin.o
 .text.SWPin_Control
                0x000003b0       0x44 .\CortexM0\ARM_GCC_493\Debug\main.o
                0x000003b0                SWPin_Control
 .text.TimerStep
                0x000003f4       0x2c .\CortexM0\ARM_GCC_493\Debug\main.o
                0x000003f4                TimerStep
 .text.main     0x00000420      0x148 .\CortexM0\ARM_GCC_493\Debug\main.o
                0x00000420                main
 .text.InitializeSystem
                0x00000568       0x18 .\CortexM0\ARM_GCC_493\Debug\main.o
                0x00000568                InitializeSystem
 .text.GeneralEventHandler
                0x00000580      0x104 .\CortexM0\ARM_GCC_493\Debug\BLEProcess.o
                0x00000580                GeneralEventHandler
 .text.UpdateServocharacteristic
                0x00000684       0x60 .\CortexM0\ARM_GCC_493\Debug\BLEProcess.o
                0x00000684                UpdateServocharacteristic
 .text.ServoNextPosition
                0x000006e4       0x38 .\CortexM0\ARM_GCC_493\Debug\servos.o
                0x000006e4                ServoNextPosition
 .text.ServoStartPosition
                0x0000071c       0x34 .\CortexM0\ARM_GCC_493\Debug\servos.o
                0x0000071c                ServoStartPosition
 .text.ReadArraySFlash
                0x00000750       0x58 .\CortexM0\ARM_GCC_493\Debug\WriteUserSFlash.o
                0x00000750                ReadArraySFlash
 .text.WriteArraySFlash
                0x000007a8       0xa8 .\CortexM0\ARM_GCC_493\Debug\WriteUserSFlash.o
                0x000007a8                WriteArraySFlash
 .text.WriteUserSFlashRow
                0x00000850      0x138 .\CortexM0\ARM_GCC_493\Debug\WriteUserSFlash.o
                0x00000850                WriteUserSFlashRow
 .text.ProcessDataSet
                0x00000988      0x2b0 .\CortexM0\ARM_GCC_493\Debug\DataSet.o
                0x00000988                ProcessDataSet
 .text.IntDefaultHandler
                0x00000c38        0x8 .\CortexM0\ARM_GCC_493\Debug\Cm0Start.o
                0x00000c38                IntDefaultHandler
 .text._sbrk    0x00000c40       0x50 .\CortexM0\ARM_GCC_493\Debug\Cm0Start.o
                0x00000c40                _sbrk
 .text.Start_c  0x00000c90       0x98 .\CortexM0\ARM_GCC_493\Debug\Cm0Start.o
                0x00000c90                Start_c
 .text.initialize_psoc
                0x00000d28       0x70 .\CortexM0\ARM_GCC_493\Debug\Cm0Start.o
                0x00000d28                initialize_psoc
 .text.CYMEMZERO
                0x00000d98       0x20 .\CortexM0\ARM_GCC_493\Debug\EZtimer.a(cyfitter_cfg.o)
 .text.CyClockStartupError
                0x00000db8       0x18 .\CortexM0\ARM_GCC_493\Debug\EZtimer.a(cyfitter_cfg.o)
 .text.cfg_write_bytes32
                0x00000dd0       0x80 .\CortexM0\ARM_GCC_493\Debug\EZtimer.a(cyfitter_cfg.o)
 .text.AnalogSetDefault
                0x00000e50       0x28 .\CortexM0\ARM_GCC_493\Debug\EZtimer.a(cyfitter_cfg.o)
 .text.CyBle_Init
                0x00000e78       0x2c .\CortexM0\ARM_GCC_493\Debug\EZtimer.a(BLE.o)
                0x00000e78                CyBle_Init
 .text.CyBle_ServiceInit
                0x00000ea4        0xc .\CortexM0\ARM_GCC_493\Debug\EZtimer.a(BLE.o)
                0x00000ea4                CyBle_ServiceInit
 .text.CyBle_Start
                0x00000eb0       0xdc .\CortexM0\ARM_GCC_493\Debug\EZtimer.a(BLE.o)
                0x00000eb0                CyBle_Start
 .text.CyBle_GappStartAdvertisement
                0x00000f8c       0xd4 .\CortexM0\ARM_GCC_493\Debug\EZtimer.a(BLE.o)
                0x00000f8c                CyBle_GappStartAdvertisement
 .text.CyBle_ChangeAdDeviceAddress
                0x00001060       0x60 .\CortexM0\ARM_GCC_493\Debug\EZtimer.a(BLE.o)
                0x00001060                CyBle_ChangeAdDeviceAddress
 .text.CyBle_Get16ByPtr
                0x000010c0       0x28 .\CortexM0\ARM_GCC_493\Debug\EZtimer.a(BLE.o)
                0x000010c0                CyBle_Get16ByPtr
 .text.CyBle_GattsWriteEventHandler
                0x000010e8       0xa0 .\CortexM0\ARM_GCC_493\Debug\EZtimer.a(BLE_gatt.o)
                0x000010e8                CyBle_GattsWriteEventHandler
 .text.CyBle_WriteReqHandler
                0x00001188       0x70 .\CortexM0\ARM_GCC_493\Debug\EZtimer.a(BLE_eventHandler.o)
 .text.CyBle_ValueConfirmation
                0x000011f8       0x10 .\CortexM0\ARM_GCC_493\Debug\EZtimer.a(BLE_eventHandler.o)
 .text.CyBle_GattDisconnectEventHandler
                0x00001208       0x18 .\CortexM0\ARM_GCC_493\Debug\EZtimer.a(BLE_eventHandler.o)
 .text.CyBle_TimeOutEventHandler
                0x00001220       0x10 .\CortexM0\ARM_GCC_493\Debug\EZtimer.a(BLE_eventHandler.o)
 .text.CyBle_GattConnectReqHandler
                0x00001230        0x8 .\CortexM0\ARM_GCC_493\Debug\EZtimer.a(BLE_eventHandler.o)
 .text.CyBle_IsDeviceAddressValid
                0x00001238       0x60 .\CortexM0\ARM_GCC_493\Debug\EZtimer.a(BLE_eventHandler.o)
 .text.CyBle_L2Cap_ConnParamUpdateRspEventHandler
                0x00001298       0x14 .\CortexM0\ARM_GCC_493\Debug\EZtimer.a(BLE_eventHandler.o)
 .text.CyBle_GapConnUpdateCompleteEventHandler
                0x000012ac       0x10 .\CortexM0\ARM_GCC_493\Debug\EZtimer.a(BLE_eventHandler.o)
 .text.CyBle_EventHandler
                0x000012bc      0x2c0 .\CortexM0\ARM_GCC_493\Debug\EZtimer.a(BLE_eventHandler.o)
                0x000012bc                CyBle_EventHandler
 .text.CyBle_CustomInit
                0x0000157c        0x8 .\CortexM0\ARM_GCC_493\Debug\EZtimer.a(BLE_custom.o)
                0x0000157c                CyBle_CustomInit
 *fill*         0x00001584        0x4 
 .text          0x00001588       0x20 .\CortexM0\ARM_GCC_493\Debug\EZtimer.a(CyBootAsmGnu.o)
                0x00001588                CyDelayCycles
                0x0000159a                CyEnterCriticalSection
                0x000015a2                CyExitCriticalSection
 .text.CySysClkWriteImoFreq
                0x000015a8       0x98 .\CortexM0\ARM_GCC_493\Debug\EZtimer.a(CyLib.o)
                0x000015a8                CySysClkWriteImoFreq
 .text.CySysClkEcoStart
                0x00001640       0x74 .\CortexM0\ARM_GCC_493\Debug\EZtimer.a(CyLib.o)
                0x00001640                CySysClkEcoStart
 .text.CySysClkEcoReadStatus
                0x000016b4       0x18 .\CortexM0\ARM_GCC_493\Debug\EZtimer.a(CyLib.o)
                0x000016b4                CySysClkEcoReadStatus
 .text.CyIntSetVector
                0x000016cc       0x4c .\CortexM0\ARM_GCC_493\Debug\EZtimer.a(CyLib.o)
                0x000016cc                CyIntSetVector
 .text.CyIntEnable
                0x00001718       0x28 .\CortexM0\ARM_GCC_493\Debug\EZtimer.a(CyLib.o)
                0x00001718                CyIntEnable
 .text.CyHalt   0x00001740       0x14 .\CortexM0\ARM_GCC_493\Debug\EZtimer.a(CyLib.o)
                0x00001740                CyHalt
 .text.CyDelay  0x00001754       0x48 .\CortexM0\ARM_GCC_493\Debug\EZtimer.a(CyLib.o)
                0x00001754                CyDelay
 .text.CyDelayUs
                0x0000179c       0x28 .\CortexM0\ARM_GCC_493\Debug\EZtimer.a(CyLib.o)
                0x0000179c                CyDelayUs
 .text.CySysClkWcoSetHighPowerMode
                0x000017c4       0x48 .\CortexM0\ARM_GCC_493\Debug\EZtimer.a(CyLFClk.o)
 .text.CySysClkWcoSetLowPowerMode
                0x0000180c       0x48 .\CortexM0\ARM_GCC_493\Debug\EZtimer.a(CyLFClk.o)
 .text.CySysClkWcoStart
                0x00001854       0x20 .\CortexM0\ARM_GCC_493\Debug\EZtimer.a(CyLFClk.o)
                0x00001854                CySysClkWcoStart
 .text.CySysClkWcoSetPowerMode
                0x00001874       0x40 .\CortexM0\ARM_GCC_493\Debug\EZtimer.a(CyLFClk.o)
                0x00001874                CySysClkWcoSetPowerMode
 .text.CySysWdtLock
                0x000018b4       0x34 .\CortexM0\ARM_GCC_493\Debug\EZtimer.a(CyLFClk.o)
                0x000018b4                CySysWdtLock
 .text.CySysWdtLocked
                0x000018e8       0x20 .\CortexM0\ARM_GCC_493\Debug\EZtimer.a(CyLFClk.o)
 .text.CySysWdtUnlock
                0x00001908       0x4c .\CortexM0\ARM_GCC_493\Debug\EZtimer.a(CyLFClk.o)
                0x00001908                CySysWdtUnlock
 .text.CySysWdtClearInterrupt
                0x00001954       0x70 .\CortexM0\ARM_GCC_493\Debug\EZtimer.a(CyLFClk.o)
                0x00001954                CySysWdtClearInterrupt
 .text.CySysWdtIsr
                0x000019c4       0xe8 .\CortexM0\ARM_GCC_493\Debug\EZtimer.a(CyLFClk.o)
                0x000019c4                CySysWdtIsr
 .text.InputInterrupt_StartEx
                0x00001aac       0x24 .\CortexM0\ARM_GCC_493\Debug\EZtimer.a(InputInterrupt.o)
                0x00001aac                InputInterrupt_StartEx
 .text.InputInterrupt_SetVector
                0x00001ad0       0x18 .\CortexM0\ARM_GCC_493\Debug\EZtimer.a(InputInterrupt.o)
                0x00001ad0                InputInterrupt_SetVector
 .text.InputInterrupt_SetPriority
                0x00001ae8       0x4c .\CortexM0\ARM_GCC_493\Debug\EZtimer.a(InputInterrupt.o)
                0x00001ae8                InputInterrupt_SetPriority
 .text.InputInterrupt_Enable
                0x00001b34       0x14 .\CortexM0\ARM_GCC_493\Debug\EZtimer.a(InputInterrupt.o)
                0x00001b34                InputInterrupt_Enable
 .text.InputInterrupt_Disable
                0x00001b48       0x14 .\CortexM0\ARM_GCC_493\Debug\EZtimer.a(InputInterrupt.o)
                0x00001b48                InputInterrupt_Disable
 .text.InputPin_Read
                0x00001b5c       0x1c .\CortexM0\ARM_GCC_493\Debug\EZtimer.a(InputPin.o)
                0x00001b5c                InputPin_Read
 .text.InputPin_ClearInterrupt
                0x00001b78       0x30 .\CortexM0\ARM_GCC_493\Debug\EZtimer.a(InputPin.o)
                0x00001b78                InputPin_ClearInterrupt
 .text.UART_Init
                0x00001ba8        0xc .\CortexM0\ARM_GCC_493\Debug\EZtimer.a(UART.o)
                0x00001ba8                UART_Init
 .text.UART_Enable
                0x00001bb4       0x24 .\CortexM0\ARM_GCC_493\Debug\EZtimer.a(UART.o)
                0x00001bb4                UART_Enable
 .text.UART_Start
                0x00001bd8       0x24 .\CortexM0\ARM_GCC_493\Debug\EZtimer.a(UART.o)
                0x00001bd8                UART_Start
 .text.UART_ScbEnableIntr
                0x00001bfc        0x8 .\CortexM0\ARM_GCC_493\Debug\EZtimer.a(UART.o)
 .text.UART_ScbModePostEnable
                0x00001c04        0xc .\CortexM0\ARM_GCC_493\Debug\EZtimer.a(UART.o)
 .text.UART_UartInit
                0x00001c10       0xb0 .\CortexM0\ARM_GCC_493\Debug\EZtimer.a(UART_UART.o)
                0x00001c10                UART_UartInit
 .text.UART_UartPostEnable
                0x00001cc0       0x1c .\CortexM0\ARM_GCC_493\Debug\EZtimer.a(UART_UART.o)
                0x00001cc0                UART_UartPostEnable
 .text.UART_UartPutString
                0x00001cdc       0x34 .\CortexM0\ARM_GCC_493\Debug\EZtimer.a(UART_UART.o)
                0x00001cdc                UART_UartPutString
 .text.Pin_BLUE_Write
                0x00001d10       0x48 .\CortexM0\ARM_GCC_493\Debug\EZtimer.a(Pin_BLUE.o)
                0x00001d10                Pin_BLUE_Write
 .text.Pin_RED_Write
                0x00001d58       0x4c .\CortexM0\ARM_GCC_493\Debug\EZtimer.a(Pin_RED.o)
                0x00001d58                Pin_RED_Write
 .text.PWM_Beep_Init
                0x00001da4       0x50 .\CortexM0\ARM_GCC_493\Debug\EZtimer.a(PWM_Beep.o)
                0x00001da4                PWM_Beep_Init
 .text.PWM_Beep_Enable
                0x00001df4       0x38 .\CortexM0\ARM_GCC_493\Debug\EZtimer.a(PWM_Beep.o)
                0x00001df4                PWM_Beep_Enable
 .text.PWM_Beep_Start
                0x00001e2c       0x24 .\CortexM0\ARM_GCC_493\Debug\EZtimer.a(PWM_Beep.o)
                0x00001e2c                PWM_Beep_Start
 .text.PWM_Beep_Stop
                0x00001e50       0x30 .\CortexM0\ARM_GCC_493\Debug\EZtimer.a(PWM_Beep.o)
                0x00001e50                PWM_Beep_Stop
 .text.PWM_Beep_WriteCounter
                0x00001e80       0x1c .\CortexM0\ARM_GCC_493\Debug\EZtimer.a(PWM_Beep.o)
                0x00001e80                PWM_Beep_WriteCounter
 .text.PWM_Beep_WritePeriod
                0x00001e9c       0x1c .\CortexM0\ARM_GCC_493\Debug\EZtimer.a(PWM_Beep.o)
                0x00001e9c                PWM_Beep_WritePeriod
 .text.PWM_Beep_WriteCompare
                0x00001eb8       0x1c .\CortexM0\ARM_GCC_493\Debug\EZtimer.a(PWM_Beep.o)
                0x00001eb8                PWM_Beep_WriteCompare
 .text.PWM_Beep_TriggerCommand
                0x00001ed4       0x38 .\CortexM0\ARM_GCC_493\Debug\EZtimer.a(PWM_Beep.o)
                0x00001ed4                PWM_Beep_TriggerCommand
 .text.PWM_Beep_SetInterruptMode
                0x00001f0c       0x18 .\CortexM0\ARM_GCC_493\Debug\EZtimer.a(PWM_Beep.o)
                0x00001f0c                PWM_Beep_SetInterruptMode
 .text.PWM_12_Start
                0x00001f24       0x24 .\CortexM0\ARM_GCC_493\Debug\EZtimer.a(PWM_12.o)
                0x00001f24                PWM_12_Start
 .text.PWM_12_Init
                0x00001f48       0xac .\CortexM0\ARM_GCC_493\Debug\EZtimer.a(PWM_12.o)
                0x00001f48                PWM_12_Init
 .text.PWM_12_Enable
                0x00001ff4       0x20 .\CortexM0\ARM_GCC_493\Debug\EZtimer.a(PWM_12.o)
                0x00001ff4                PWM_12_Enable
 .text.PWM_12_Stop
                0x00002014       0x1c .\CortexM0\ARM_GCC_493\Debug\EZtimer.a(PWM_12.o)
                0x00002014                PWM_12_Stop
 .text.PWM_12_WriteCounter
                0x00002030       0x20 .\CortexM0\ARM_GCC_493\Debug\EZtimer.a(PWM_12.o)
                0x00002030                PWM_12_WriteCounter
 .text.PWM_12_ClearFIFO
                0x00002050       0x1c .\CortexM0\ARM_GCC_493\Debug\EZtimer.a(PWM_12.o)
                0x00002050                PWM_12_ClearFIFO
 .text.PWM_12_WritePeriod
                0x0000206c       0x20 .\CortexM0\ARM_GCC_493\Debug\EZtimer.a(PWM_12.o)
                0x0000206c                PWM_12_WritePeriod
 .text.PWM_12_WriteCompare1
                0x0000208c       0x20 .\CortexM0\ARM_GCC_493\Debug\EZtimer.a(PWM_12.o)
                0x0000208c                PWM_12_WriteCompare1
 .text.PWM_12_WriteCompare2
                0x000020ac       0x20 .\CortexM0\ARM_GCC_493\Debug\EZtimer.a(PWM_12.o)
                0x000020ac                PWM_12_WriteCompare2
 .text.PWM_12_SetInterruptMode
                0x000020cc       0x20 .\CortexM0\ARM_GCC_493\Debug\EZtimer.a(PWM_12.o)
                0x000020cc                PWM_12_SetInterruptMode
 .text.PWM_12_ReadStatusRegister
                0x000020ec       0x14 .\CortexM0\ARM_GCC_493\Debug\EZtimer.a(PWM_12.o)
                0x000020ec                PWM_12_ReadStatusRegister
 .text.PWM_12_ReadCapture
                0x00002100       0x14 .\CortexM0\ARM_GCC_493\Debug\EZtimer.a(PWM_12.o)
                0x00002100                PWM_12_ReadCapture
 .text.Timer_10ms_Init
                0x00002114       0x38 .\CortexM0\ARM_GCC_493\Debug\EZtimer.a(Timer_10ms.o)
                0x00002114                Timer_10ms_Init
 .text.Timer_10ms_Enable
                0x0000214c       0x38 .\CortexM0\ARM_GCC_493\Debug\EZtimer.a(Timer_10ms.o)
                0x0000214c                Timer_10ms_Enable
 .text.Timer_10ms_Start
                0x00002184       0x24 .\CortexM0\ARM_GCC_493\Debug\EZtimer.a(Timer_10ms.o)
                0x00002184                Timer_10ms_Start
 .text.Timer_10ms_WriteCounter
                0x000021a8       0x1c .\CortexM0\ARM_GCC_493\Debug\EZtimer.a(Timer_10ms.o)
                0x000021a8                Timer_10ms_WriteCounter
 .text.Timer_10ms_WritePeriod
                0x000021c4       0x1c .\CortexM0\ARM_GCC_493\Debug\EZtimer.a(Timer_10ms.o)
                0x000021c4                Timer_10ms_WritePeriod
 .text.Timer_10ms_TriggerCommand
                0x000021e0       0x38 .\CortexM0\ARM_GCC_493\Debug\EZtimer.a(Timer_10ms.o)
                0x000021e0                Timer_10ms_TriggerCommand
 .text.Timer_10ms_SetInterruptMode
                0x00002218       0x18 .\CortexM0\ARM_GCC_493\Debug\EZtimer.a(Timer_10ms.o)
                0x00002218                Timer_10ms_SetInterruptMode
 .text.Timer_10ms_GetInterruptSourceMasked
                0x00002230       0x14 .\CortexM0\ARM_GCC_493\Debug\EZtimer.a(Timer_10ms.o)
                0x00002230                Timer_10ms_GetInterruptSourceMasked
 .text.Timer_10ms_ClearInterrupt
                0x00002244       0x18 .\CortexM0\ARM_GCC_493\Debug\EZtimer.a(Timer_10ms.o)
                0x00002244                Timer_10ms_ClearInterrupt
 .text.TimerInterrupt_StartEx
                0x0000225c       0x24 .\CortexM0\ARM_GCC_493\Debug\EZtimer.a(TimerInterrupt.o)
                0x0000225c                TimerInterrupt_StartEx
 .text.TimerInterrupt_SetVector
                0x00002280       0x1c .\CortexM0\ARM_GCC_493\Debug\EZtimer.a(TimerInterrupt.o)
                0x00002280                TimerInterrupt_SetVector
 .text.TimerInterrupt_SetPriority
                0x0000229c       0x50 .\CortexM0\ARM_GCC_493\Debug\EZtimer.a(TimerInterrupt.o)
                0x0000229c                TimerInterrupt_SetPriority
 .text.TimerInterrupt_Enable
                0x000022ec       0x14 .\CortexM0\ARM_GCC_493\Debug\EZtimer.a(TimerInterrupt.o)
                0x000022ec                TimerInterrupt_Enable
 .text.TimerInterrupt_Disable
                0x00002300       0x14 .\CortexM0\ARM_GCC_493\Debug\EZtimer.a(TimerInterrupt.o)
                0x00002300                TimerInterrupt_Disable
 .text.UART_SpiUartWriteTxData
                0x00002314       0x2c .\CortexM0\ARM_GCC_493\Debug\EZtimer.a(UART_SPI_UART.o)
                0x00002314                UART_SpiUartWriteTxData
 .text.CyBLE_Bless_LlRegWrite
                0x00002340       0x1c .\CortexM0\ARM_GCC_493\Debug\EZtimer.a(BLE_HAL_PVT.o)
                0x00002340                CyBLE_Bless_LlRegWrite
 .text.CyBLE_Bless_RfRegWrite
                0x0000235c       0x1c .\CortexM0\ARM_GCC_493\Debug\EZtimer.a(BLE_HAL_PVT.o)
                0x0000235c                CyBLE_Bless_RfRegWrite
 .text.CyBLE_BlessDeviceConfig
                0x00002378      0x110 .\CortexM0\ARM_GCC_493\Debug\EZtimer.a(BLE_HAL_PVT.o)
                0x00002378                CyBLE_BlessDeviceConfig
 .text.CyBleHal_DelayUs
                0x00002488       0x1c .\CortexM0\ARM_GCC_493\Debug\EZtimer.a(BLE_HAL_PVT.o)
                0x00002488                CyBleHal_DelayUs
 .text.CyBleHal_EnableGlobalInterrupts
                0x000024a4        0xc .\CortexM0\ARM_GCC_493\Debug\EZtimer.a(BLE_HAL_PVT.o)
                0x000024a4                CyBleHal_EnableGlobalInterrupts
 .text.CyBleHal_DisableGlobalInterrupts
                0x000024b0        0xc .\CortexM0\ARM_GCC_493\Debug\EZtimer.a(BLE_HAL_PVT.o)
                0x000024b0                CyBleHal_DisableGlobalInterrupts
 .text.CyBle_HalInit
                0x000024bc       0x20 .\CortexM0\ARM_GCC_493\Debug\EZtimer.a(BLE_HAL_PVT.o)
                0x000024bc                CyBle_HalInit
 .text.CYBLE_BlessStart
                0x000024dc       0x14 .\CortexM0\ARM_GCC_493\Debug\EZtimer.a(BLE_HAL_PVT.o)
                0x000024dc                CYBLE_BlessStart
 .text.BLE_bless_isr_StartEx
                0x000024f0       0x24 .\CortexM0\ARM_GCC_493\Debug\EZtimer.a(BLE_bless_isr.o)
                0x000024f0                BLE_bless_isr_StartEx
 .text.BLE_bless_isr_SetVector
                0x00002514       0x18 .\CortexM0\ARM_GCC_493\Debug\EZtimer.a(BLE_bless_isr.o)
                0x00002514                BLE_bless_isr_SetVector
 .text.BLE_bless_isr_SetPriority
                0x0000252c       0x4c .\CortexM0\ARM_GCC_493\Debug\EZtimer.a(BLE_bless_isr.o)
                0x0000252c                BLE_bless_isr_SetPriority
 .text.BLE_bless_isr_Enable
                0x00002578       0x14 .\CortexM0\ARM_GCC_493\Debug\EZtimer.a(BLE_bless_isr.o)
                0x00002578                BLE_bless_isr_Enable
 .text.BLE_bless_isr_Disable
                0x0000258c       0x14 .\CortexM0\ARM_GCC_493\Debug\EZtimer.a(BLE_bless_isr.o)
                0x0000258c                BLE_bless_isr_Disable
 .text.CySysPmSleep
                0x000025a0       0x34 .\CortexM0\ARM_GCC_493\Debug\EZtimer.a(cyPm.o)
                0x000025a0                CySysPmSleep
 .text.CyBLE_Bless_Interrupt
                0x000025d4        0xc .\CortexM0\ARM_GCC_493\Debug\EZtimer.a(BLE_HAL_INT.o)
                0x000025d4                CyBLE_Bless_Interrupt
 .text          0x000025e0      0x120 c:/program files (x86)/cypress/psoc creator/3.3/psoc creator/import/gnu/arm/4.9.3/bin/../lib/gcc/arm-none-eabi/4.9.3/armv6-m\libgcc.a(_udivsi3.o)
                0x000025e0                __aeabi_uidiv
                0x000025e0                __udivsi3
                0x000026ec                __aeabi_uidivmod
 .text          0x00002700      0x1e0 c:/program files (x86)/cypress/psoc creator/3.3/psoc creator/import/gnu/arm/4.9.3/bin/../lib/gcc/arm-none-eabi/4.9.3/armv6-m\libgcc.a(_divsi3.o)
                0x00002700                __divsi3
                0x00002700                __aeabi_idiv
                0x000028cc                __aeabi_idivmod
 .text          0x000028e0        0x4 c:/program files (x86)/cypress/psoc creator/3.3/psoc creator/import/gnu/arm/4.9.3/bin/../lib/gcc/arm-none-eabi/4.9.3/armv6-m\libgcc.a(_dvmd_tls.o)
                0x000028e0                __aeabi_idiv0
                0x000028e0                __aeabi_ldiv0
 .text.__errno  0x000028e4        0xc c:/program files (x86)/cypress/psoc creator/3.3/psoc creator/import/gnu/arm/4.9.3/bin/../lib/gcc/arm-none-eabi/4.9.3/../../../../arm-none-eabi/lib/armv6-m\libg_nano.a(lib_a-errno.o)
                0x000028e4                __errno
 .text.__libc_init_array
                0x000028f0       0x4c c:/program files (x86)/cypress/psoc creator/3.3/psoc creator/import/gnu/arm/4.9.3/bin/../lib/gcc/arm-none-eabi/4.9.3/../../../../arm-none-eabi/lib/armv6-m\libg_nano.a(lib_a-init.o)
                0x000028f0                __libc_init_array
 .text.memcmp   0x0000293c       0x1e c:/program files (x86)/cypress/psoc creator/3.3/psoc creator/import/gnu/arm/4.9.3/bin/../lib/gcc/arm-none-eabi/4.9.3/../../../../arm-none-eabi/lib/armv6-m\libg_nano.a(lib_a-memcmp.o)
                0x0000293c                memcmp
 .text.memcpy   0x0000295a       0x12 c:/program files (x86)/cypress/psoc creator/3.3/psoc creator/import/gnu/arm/4.9.3/bin/../lib/gcc/arm-none-eabi/4.9.3/../../../../arm-none-eabi/lib/armv6-m\libg_nano.a(lib_a-memcpy.o)
                0x0000295a                memcpy
 .text.memset   0x0000296c       0x10 c:/program files (x86)/cypress/psoc creator/3.3/psoc creator/import/gnu/arm/4.9.3/bin/../lib/gcc/arm-none-eabi/4.9.3/../../../../arm-none-eabi/lib/armv6-m\libg_nano.a(lib_a-memset.o)
                0x0000296c                memset
 .text.sprintf  0x0000297c       0x44 c:/program files (x86)/cypress/psoc creator/3.3/psoc creator/import/gnu/arm/4.9.3/bin/../lib/gcc/arm-none-eabi/4.9.3/../../../../arm-none-eabi/lib/armv6-m\libg_nano.a(lib_a-sprintf.o)
                0x0000297c                siprintf
                0x0000297c                sprintf
 .text.__ssputs_r
                0x000029c0       0xc0 c:/program files (x86)/cypress/psoc creator/3.3/psoc creator/import/gnu/arm/4.9.3/bin/../lib/gcc/arm-none-eabi/4.9.3/../../../../arm-none-eabi/lib/armv6-m\libg_nano.a(lib_a-nano-svfprintf.o)
                0x000029c0                __ssputs_r
 .text._svfprintf_r
                0x00002a80      0x1ec c:/program files (x86)/cypress/psoc creator/3.3/psoc creator/import/gnu/arm/4.9.3/bin/../lib/gcc/arm-none-eabi/4.9.3/../../../../arm-none-eabi/lib/armv6-m\libg_nano.a(lib_a-nano-svfprintf.o)
                0x00002a80                _svfiprintf_r
                0x00002a80                _svfprintf_r
 .text._printf_common
                0x00002c6c       0xdc c:/program files (x86)/cypress/psoc creator/3.3/psoc creator/import/gnu/arm/4.9.3/bin/../lib/gcc/arm-none-eabi/4.9.3/../../../../arm-none-eabi/lib/armv6-m\libg_nano.a(lib_a-nano-vfprintf_i.o)
                0x00002c6c                _printf_common
 .text._printf_i
                0x00002d48      0x230 c:/program files (x86)/cypress/psoc creator/3.3/psoc creator/import/gnu/arm/4.9.3/bin/../lib/gcc/arm-none-eabi/4.9.3/../../../../arm-none-eabi/lib/armv6-m\libg_nano.a(lib_a-nano-vfprintf_i.o)
                0x00002d48                _printf_i
 .text.memchr   0x00002f78       0x16 c:/program files (x86)/cypress/psoc creator/3.3/psoc creator/import/gnu/arm/4.9.3/bin/../lib/gcc/arm-none-eabi/4.9.3/../../../../arm-none-eabi/lib/armv6-m\libg_nano.a(lib_a-memchr.o)
                0x00002f78                memchr
 .text.memmove  0x00002f8e       0x28 c:/program files (x86)/cypress/psoc creator/3.3/psoc creator/import/gnu/arm/4.9.3/bin/../lib/gcc/arm-none-eabi/4.9.3/../../../../arm-none-eabi/lib/armv6-m\libg_nano.a(lib_a-memmove.o)
                0x00002f8e                memmove
 *fill*         0x00002fb6        0x2 
 .text._free_r  0x00002fb8       0x8c c:/program files (x86)/cypress/psoc creator/3.3/psoc creator/import/gnu/arm/4.9.3/bin/../lib/gcc/arm-none-eabi/4.9.3/../../../../arm-none-eabi/lib/armv6-m\libg_nano.a(lib_a-nano-freer.o)
                0x00002fb8                _free_r
 .text._malloc_r
                0x00003044       0xb0 c:/program files (x86)/cypress/psoc creator/3.3/psoc creator/import/gnu/arm/4.9.3/bin/../lib/gcc/arm-none-eabi/4.9.3/../../../../arm-none-eabi/lib/armv6-m\libg_nano.a(lib_a-nano-mallocr.o)
                0x00003044                _malloc_r
 .text._realloc_r
                0x000030f4       0x4c c:/program files (x86)/cypress/psoc creator/3.3/psoc creator/import/gnu/arm/4.9.3/bin/../lib/gcc/arm-none-eabi/4.9.3/../../../../arm-none-eabi/lib/armv6-m\libg_nano.a(lib_a-nano-reallocr.o)
                0x000030f4                _realloc_r
 .text._sbrk_r  0x00003140       0x24 c:/program files (x86)/cypress/psoc creator/3.3/psoc creator/import/gnu/arm/4.9.3/bin/../lib/gcc/arm-none-eabi/4.9.3/../../../../arm-none-eabi/lib/armv6-m\libg_nano.a(lib_a-sbrkr.o)
                0x00003140                _sbrk_r
 .text._malloc_usable_size_r
                0x00003164       0x16 c:/program files (x86)/cypress/psoc creator/3.3/psoc creator/import/gnu/arm/4.9.3/bin/../lib/gcc/arm-none-eabi/4.9.3/../../../../arm-none-eabi/lib/armv6-m\libg_nano.a(lib_a-nano-msizer.o)
                0x00003164                _malloc_usable_size_r
 *(.plt)
 *(.gnu.warning)
 *(.glue_7t)
 .glue_7t       0x00000000        0x0 linker stubs
 *(.glue_7)
 .glue_7        0x00000000        0x0 linker stubs
 *(.vfp11_veneer)
 .vfp11_veneer  0x00000000        0x0 linker stubs
 *(.bootloader)
 *(.ARM.extab* .gnu.linkonce.armextab.*)
 *(.gcc_except_table)

.v4_bx          0x0000317c        0x0
 .v4_bx         0x00000000        0x0 linker stubs

.iplt           0x0000317c        0x0
 .iplt          0x00000000        0x0 c:/program files (x86)/cypress/psoc creator/3.3/psoc creator/import/gnu/arm/4.9.3/bin/../lib/gcc/arm-none-eabi/4.9.3/armv6-m/crtbegin.o

i.CyBle_ExitLPM
                0x0000317a        0x8
 i.CyBle_ExitLPM
                0x0000317a        0x8 C:\Program Files (x86)\Cypress\PSoC Creator\3.3\PSoC Creator\psoc\content\cycomponentlibrary\CyComponentLibrary.cylib\BLE_v2_20\Library\gccCyBLEStack_BLE_SOC_PERIPHERAL.a(CyBle.o)
                0x0000317a                CyBle_ExitLPM

i.CyBle_ProcessEvents
                0x00003182        0x8
 i.CyBle_ProcessEvents
                0x00003182        0x8 C:\Program Files (x86)\Cypress\PSoC Creator\3.3\PSoC Creator\psoc\content\cycomponentlibrary\CyComponentLibrary.cylib\BLE_v2_20\Library\gccCyBLEStack_BLE_SOC_PERIPHERAL.a(CyBle.o)
                0x00003182                CyBle_ProcessEvents

i.CyBle_SetDeviceAddress
                0x0000318c       0x24
 i.CyBle_SetDeviceAddress
                0x0000318c       0x24 C:\Program Files (x86)\Cypress\PSoC Creator\3.3\PSoC Creator\psoc\content\cycomponentlibrary\CyComponentLibrary.cylib\BLE_v2_20\Library\gccCyBLEStack_BLE_SOC_PERIPHERAL.a(CyBle.o)
                0x0000318c                CyBle_SetDeviceAddress

i.CyBle_StackInit
                0x000031b0       0xfc
 i.CyBle_StackInit
                0x000031b0       0xfc C:\Program Files (x86)\Cypress\PSoC Creator\3.3\PSoC Creator\psoc\content\cycomponentlibrary\CyComponentLibrary.cylib\BLE_v2_20\Library\gccCyBLEStack_BLE_SOC_PERIPHERAL.a(CyBle.o)
                0x000031b0                CyBle_StackInit

i.CyBle_StackValidateInputParams
                0x000032ac       0xf4
 i.CyBle_StackValidateInputParams
                0x000032ac       0xf4 C:\Program Files (x86)\Cypress\PSoC Creator\3.3\PSoC Creator\psoc\content\cycomponentlibrary\CyComponentLibrary.cylib\BLE_v2_20\Library\gccCyBLEStack_BLE_SOC_PERIPHERAL.a(CyBle.o)

i.__ARM_common_switch8
                0x000033a0       0x1a
 i.__ARM_common_switch8
                0x000033a0       0x1a C:\Program Files (x86)\Cypress\PSoC Creator\3.3\PSoC Creator\psoc\content\cycomponentlibrary\CyComponentLibrary.cylib\BLE_v2_20\Library\gccCyBLEStack_BLE_SOC_PERIPHERAL.a(CyBle.o)
                0x000033a0                __ARM_common_switch8

i.CyBleStackMgr_Init
                0x000033bc       0x9c
 i.CyBleStackMgr_Init
                0x000033bc       0x9c C:\Program Files (x86)\Cypress\PSoC Creator\3.3\PSoC Creator\psoc\content\cycomponentlibrary\CyComponentLibrary.cylib\BLE_v2_20\Library\gccCyBLEStack_BLE_SOC_PERIPHERAL.a(CyBleStackMgrIP_Interface.o)
                0x000033bc                CyBleStackMgr_Init

i.CyBleStackMgr_ProcessBleEvents
                0x00003458       0x14
 i.CyBleStackMgr_ProcessBleEvents
                0x00003458       0x14 C:\Program Files (x86)\Cypress\PSoC Creator\3.3\PSoC Creator\psoc\content\cycomponentlibrary\CyComponentLibrary.cylib\BLE_v2_20\Library\gccCyBLEStack_BLE_SOC_PERIPHERAL.a(CyBleStackMgrIP_Interface.o)
                0x00003458                CyBleStackMgr_ProcessBleEvents

i.CyBle_GetHeapMemory
                0x0000346c       0x28
 i.CyBle_GetHeapMemory
                0x0000346c       0x28 C:\Program Files (x86)\Cypress\PSoC Creator\3.3\PSoC Creator\psoc\content\cycomponentlibrary\CyComponentLibrary.cylib\BLE_v2_20\Library\gccCyBLEStack_BLE_SOC_PERIPHERAL.a(CyBleStackMgrIP_Interface.o)
                0x0000346c                CyBle_GetHeapMemory

i.CyBle_GetNumAppBufferPools
                0x00003494        0xc
 i.CyBle_GetNumAppBufferPools
                0x00003494        0xc C:\Program Files (x86)\Cypress\PSoC Creator\3.3\PSoC Creator\psoc\content\cycomponentlibrary\CyComponentLibrary.cylib\BLE_v2_20\Library\gccCyBLEStack_BLE_SOC_PERIPHERAL.a(CyBleStackMgrIP_Interface.o)
                0x00003494                CyBle_GetNumAppBufferPools

i.CyBle_HostStackBufferPoolInit
                0x000034a0       0xec
 i.CyBle_HostStackBufferPoolInit
                0x000034a0       0xec C:\Program Files (x86)\Cypress\PSoC Creator\3.3\PSoC Creator\psoc\content\cycomponentlibrary\CyComponentLibrary.cylib\BLE_v2_20\Library\gccCyBLEStack_BLE_SOC_PERIPHERAL.a(CyBleStackMgrIP_Interface.o)

i.ble_stack_idle_task_callback
                0x0000358c        0x2
 i.ble_stack_idle_task_callback
                0x0000358c        0x2 C:\Program Files (x86)\Cypress\PSoC Creator\3.3\PSoC Creator\psoc\content\cycomponentlibrary\CyComponentLibrary.cylib\BLE_v2_20\Library\gccCyBLEStack_BLE_SOC_PERIPHERAL.a(CyBleStackMgrIP_Interface.o)
                0x0000358c                ble_stack_idle_task_callback

i.BT_OSFreeBuf  0x00003590       0x20
 i.BT_OSFreeBuf
                0x00003590       0x20 C:\Program Files (x86)\Cypress\PSoC Creator\3.3\PSoC Creator\psoc\content\cycomponentlibrary\CyComponentLibrary.cylib\BLE_v2_20\Library\gccCyBLEStack_BLE_SOC_PERIPHERAL.a(BT_os.o)
                0x00003590                BT_OSFreeBuf

i.BT_OSGetBuF   0x000035b0       0x34
 i.BT_OSGetBuF  0x000035b0       0x34 C:\Program Files (x86)\Cypress\PSoC Creator\3.3\PSoC Creator\psoc\content\cycomponentlibrary\CyComponentLibrary.cylib\BLE_v2_20\Library\gccCyBLEStack_BLE_SOC_PERIPHERAL.a(BT_os.o)
                0x000035b0                BT_OSGetBuF

i.BT_OSMemCreate
                0x000035e4       0x3c
 i.BT_OSMemCreate
                0x000035e4       0x3c C:\Program Files (x86)\Cypress\PSoC Creator\3.3\PSoC Creator\psoc\content\cycomponentlibrary\CyComponentLibrary.cylib\BLE_v2_20\Library\gccCyBLEStack_BLE_SOC_PERIPHERAL.a(BT_os.o)
                0x000035e4                BT_OSMemCreate

i.BT_alloc_mem_ext
                0x00003620       0x3c
 i.BT_alloc_mem_ext
                0x00003620       0x3c C:\Program Files (x86)\Cypress\PSoC Creator\3.3\PSoC Creator\psoc\content\cycomponentlibrary\CyComponentLibrary.cylib\BLE_v2_20\Library\gccCyBLEStack_BLE_SOC_PERIPHERAL.a(BT_os.o)
                0x00003620                BT_alloc_mem_ext

i.BT_free_mem   0x0000365c        0xc
 i.BT_free_mem  0x0000365c        0xc C:\Program Files (x86)\Cypress\PSoC Creator\3.3\PSoC Creator\psoc\content\cycomponentlibrary\CyComponentLibrary.cylib\BLE_v2_20\Library\gccCyBLEStack_BLE_SOC_PERIPHERAL.a(BT_os.o)
                0x0000365c                BT_free_mem

i.bt_stack_create_buffer_pool
                0x00003668       0x30
 i.bt_stack_create_buffer_pool
                0x00003668       0x30 C:\Program Files (x86)\Cypress\PSoC Creator\3.3\PSoC Creator\psoc\content\cycomponentlibrary\CyComponentLibrary.cylib\BLE_v2_20\Library\gccCyBLEStack_BLE_SOC_PERIPHERAL.a(BT_os.o)
                0x00003668                bt_stack_create_buffer_pool

i.CyBle_CheckBleStackTaskStatus
                0x00003698        0x4
 i.CyBle_CheckBleStackTaskStatus
                0x00003698        0x4 C:\Program Files (x86)\Cypress\PSoC Creator\3.3\PSoC Creator\psoc\content\cycomponentlibrary\CyComponentLibrary.cylib\BLE_v2_20\Library\gccCyBLEStack_BLE_SOC_PERIPHERAL.a(CyBleStackMgr_StackTaskHandler.o)
                0x00003698                CyBle_CheckBleStackTaskStatus

i.CyBle_CreateBleStackTask
                0x0000369c       0x2c
 i.CyBle_CreateBleStackTask
                0x0000369c       0x2c C:\Program Files (x86)\Cypress\PSoC Creator\3.3\PSoC Creator\psoc\content\cycomponentlibrary\CyComponentLibrary.cylib\BLE_v2_20\Library\gccCyBLEStack_BLE_SOC_PERIPHERAL.a(CyBleStackMgr_StackTaskHandler.o)
                0x0000369c                CyBle_CreateBleStackTask

i.CyBle_SignalBleStackTask
                0x000036c8       0x50
 i.CyBle_SignalBleStackTask
                0x000036c8       0x50 C:\Program Files (x86)\Cypress\PSoC Creator\3.3\PSoC Creator\psoc\content\cycomponentlibrary\CyComponentLibrary.cylib\BLE_v2_20\Library\gccCyBLEStack_BLE_SOC_PERIPHERAL.a(CyBleStackMgr_StackTaskHandler.o)
                0x000036c8                CyBle_SignalBleStackTask

i.CyBle_StackTaskHandler
                0x00003718       0x5c
 i.CyBle_StackTaskHandler
                0x00003718       0x5c C:\Program Files (x86)\Cypress\PSoC Creator\3.3\PSoC Creator\psoc\content\cycomponentlibrary\CyComponentLibrary.cylib\BLE_v2_20\Library\gccCyBLEStack_BLE_SOC_PERIPHERAL.a(CyBleStackMgr_StackTaskHandler.o)
                0x00003718                CyBle_StackTaskHandler

i.hci_soft_transport_notify_data_received
                0x00003774        0xc
 i.hci_soft_transport_notify_data_received
                0x00003774        0xc C:\Program Files (x86)\Cypress\PSoC Creator\3.3\PSoC Creator\psoc\content\cycomponentlibrary\CyComponentLibrary.cylib\BLE_v2_20\Library\gccCyBLEStack_BLE_SOC_PERIPHERAL.a(transport_sf.o)
                0x00003774                hci_soft_transport_notify_data_received

i.hci_soft_transport_rx_data
                0x00003780       0x40
 i.hci_soft_transport_rx_data
                0x00003780       0x40 C:\Program Files (x86)\Cypress\PSoC Creator\3.3\PSoC Creator\psoc\content\cycomponentlibrary\CyComponentLibrary.cylib\BLE_v2_20\Library\gccCyBLEStack_BLE_SOC_PERIPHERAL.a(transport_sf.o)
                0x00003780                hci_soft_transport_rx_data

i.hci_transport_bt_init
                0x000037c0        0x2
 i.hci_transport_bt_init
                0x000037c0        0x2 C:\Program Files (x86)\Cypress\PSoC Creator\3.3\PSoC Creator\psoc\content\cycomponentlibrary\CyComponentLibrary.cylib\BLE_v2_20\Library\gccCyBLEStack_BLE_SOC_PERIPHERAL.a(transport_sf.o)
                0x000037c0                hci_transport_bt_init

i.hci_transport_init
                0x000037c4       0x10
 i.hci_transport_init
                0x000037c4       0x10 C:\Program Files (x86)\Cypress\PSoC Creator\3.3\PSoC Creator\psoc\content\cycomponentlibrary\CyComponentLibrary.cylib\BLE_v2_20\Library\gccCyBLEStack_BLE_SOC_PERIPHERAL.a(transport_sf.o)
                0x000037c4                hci_transport_init

i.hci_transport_write_data
                0x000037d4       0xd4
 i.hci_transport_write_data
                0x000037d4       0xd4 C:\Program Files (x86)\Cypress\PSoC Creator\3.3\PSoC Creator\psoc\content\cycomponentlibrary\CyComponentLibrary.cylib\BLE_v2_20\Library\gccCyBLEStack_BLE_SOC_PERIPHERAL.a(transport_sf.o)
                0x000037d4                hci_transport_write_data

i.pf_hci_soft_transport_write
                0x000038a8       0x44
 i.pf_hci_soft_transport_write
                0x000038a8       0x44 C:\Program Files (x86)\Cypress\PSoC Creator\3.3\PSoC Creator\psoc\content\cycomponentlibrary\CyComponentLibrary.cylib\BLE_v2_20\Library\gccCyBLEStack_BLE_SOC_PERIPHERAL.a(transport_sf.o)
                0x000038a8                pf_hci_soft_transport_write

i.pf_soft_hci_transport_init
                0x000038ec        0xc
 i.pf_soft_hci_transport_init
                0x000038ec        0xc C:\Program Files (x86)\Cypress\PSoC Creator\3.3\PSoC Creator\psoc\content\cycomponentlibrary\CyComponentLibrary.cylib\BLE_v2_20\Library\gccCyBLEStack_BLE_SOC_PERIPHERAL.a(transport_sf.o)
                0x000038ec                pf_soft_hci_transport_init

i.CyBleStackMgr_GetTime
                0x000038f8       0x14
 i.CyBleStackMgr_GetTime
                0x000038f8       0x14 C:\Program Files (x86)\Cypress\PSoC Creator\3.3\PSoC Creator\psoc\content\cycomponentlibrary\CyComponentLibrary.cylib\BLE_v2_20\Library\gccCyBLEStack_BLE_SOC_PERIPHERAL.a(CyBleStackMgr_PSoCHal.o)
                0x000038f8                CyBleStackMgr_GetTime

i.CyBleStackMgr_HalInit
                0x0000390c       0x24
 i.CyBleStackMgr_HalInit
                0x0000390c       0x24 C:\Program Files (x86)\Cypress\PSoC Creator\3.3\PSoC Creator\psoc\content\cycomponentlibrary\CyComponentLibrary.cylib\BLE_v2_20\Library\gccCyBLEStack_BLE_SOC_PERIPHERAL.a(CyBleStackMgr_PSoCHal.o)
                0x0000390c                CyBleStackMgr_HalInit

i.CyBleStackMgr_HalIntrEnable
                0x00003930        0x8
 i.CyBleStackMgr_HalIntrEnable
                0x00003930        0x8 C:\Program Files (x86)\Cypress\PSoC Creator\3.3\PSoC Creator\psoc\content\cycomponentlibrary\CyComponentLibrary.cylib\BLE_v2_20\Library\gccCyBLEStack_BLE_SOC_PERIPHERAL.a(CyBleStackMgr_PSoCHal.o)
                0x00003930                CyBleStackMgr_HalIntrEnable

i.CyBleStackMgr_HandleLinkLayerTick
                0x00003938       0x5c
 i.CyBleStackMgr_HandleLinkLayerTick
                0x00003938       0x5c C:\Program Files (x86)\Cypress\PSoC Creator\3.3\PSoC Creator\psoc\content\cycomponentlibrary\CyComponentLibrary.cylib\BLE_v2_20\Library\gccCyBLEStack_BLE_SOC_PERIPHERAL.a(CyBleStackMgr_PSoCHal.o)
                0x00003938                CyBleStackMgr_HandleLinkLayerTick

i.CyBleStackMgr_HciPortInit
                0x00003994        0xc
 i.CyBleStackMgr_HciPortInit
                0x00003994        0xc C:\Program Files (x86)\Cypress\PSoC Creator\3.3\PSoC Creator\psoc\content\cycomponentlibrary\CyComponentLibrary.cylib\BLE_v2_20\Library\gccCyBLEStack_BLE_SOC_PERIPHERAL.a(CyBleStackMgr_PSoCHal.o)
                0x00003994                CyBleStackMgr_HciPortInit

i.CyBleStackMgr_HciPortReset
                0x000039a0        0x2
 i.CyBleStackMgr_HciPortReset
                0x000039a0        0x2 C:\Program Files (x86)\Cypress\PSoC Creator\3.3\PSoC Creator\psoc\content\cycomponentlibrary\CyComponentLibrary.cylib\BLE_v2_20\Library\gccCyBLEStack_BLE_SOC_PERIPHERAL.a(CyBleStackMgr_PSoCHal.o)
                0x000039a0                CyBleStackMgr_HciPortReset

i.CyBleStackMgr_HciPortWrite
                0x000039a2        0x8
 i.CyBleStackMgr_HciPortWrite
                0x000039a2        0x8 C:\Program Files (x86)\Cypress\PSoC Creator\3.3\PSoC Creator\psoc\content\cycomponentlibrary\CyComponentLibrary.cylib\BLE_v2_20\Library\gccCyBLEStack_BLE_SOC_PERIPHERAL.a(CyBleStackMgr_PSoCHal.o)
                0x000039a2                CyBleStackMgr_HciPortWrite

i.CyBleStackMgr_ResetLinkLayerTimerEntity
                0x000039ac       0x14
 i.CyBleStackMgr_ResetLinkLayerTimerEntity
                0x000039ac       0x14 C:\Program Files (x86)\Cypress\PSoC Creator\3.3\PSoC Creator\psoc\content\cycomponentlibrary\CyComponentLibrary.cylib\BLE_v2_20\Library\gccCyBLEStack_BLE_SOC_PERIPHERAL.a(CyBleStackMgr_PSoCHal.o)
                0x000039ac                CyBleStackMgr_ResetLinkLayerTimerEntity

i.CyBleStackMgr_TimerStart
                0x000039c0       0x2c
 i.CyBleStackMgr_TimerStart
                0x000039c0       0x2c C:\Program Files (x86)\Cypress\PSoC Creator\3.3\PSoC Creator\psoc\content\cycomponentlibrary\CyComponentLibrary.cylib\BLE_v2_20\Library\gccCyBLEStack_BLE_SOC_PERIPHERAL.a(CyBleStackMgr_PSoCHal.o)
                0x000039c0                CyBleStackMgr_TimerStart

i.CyBleStackMgr_TimerStop
                0x000039ec       0x18
 i.CyBleStackMgr_TimerStop
                0x000039ec       0x18 C:\Program Files (x86)\Cypress\PSoC Creator\3.3\PSoC Creator\psoc\content\cycomponentlibrary\CyComponentLibrary.cylib\BLE_v2_20\Library\gccCyBLEStack_BLE_SOC_PERIPHERAL.a(CyBleStackMgr_PSoCHal.o)
                0x000039ec                CyBleStackMgr_TimerStop

i.CyBleStackMgr_isTimerRunning
                0x00003a04       0x10
 i.CyBleStackMgr_isTimerRunning
                0x00003a04       0x10 C:\Program Files (x86)\Cypress\PSoC Creator\3.3\PSoC Creator\psoc\content\cycomponentlibrary\CyComponentLibrary.cylib\BLE_v2_20\Library\gccCyBLEStack_BLE_SOC_PERIPHERAL.a(CyBleStackMgr_PSoCHal.o)
                0x00003a04                CyBleStackMgr_isTimerRunning

i.CyBleAtlantisRadioInit
                0x00003a14      0x110
 i.CyBleAtlantisRadioInit
                0x00003a14      0x110 C:\Program Files (x86)\Cypress\PSoC Creator\3.3\PSoC Creator\psoc\content\cycomponentlibrary\CyComponentLibrary.cylib\BLE_v2_20\Library\gccCyBLEStack_BLE_SOC_PERIPHERAL.a(CyBleStackMgr_BleSSDriver.o)

i.CyBleStackMgr_BleSSFifoRead
                0x00003b24       0x38
 i.CyBleStackMgr_BleSSFifoRead
                0x00003b24       0x38 C:\Program Files (x86)\Cypress\PSoC Creator\3.3\PSoC Creator\psoc\content\cycomponentlibrary\CyComponentLibrary.cylib\BLE_v2_20\Library\gccCyBLEStack_BLE_SOC_PERIPHERAL.a(CyBleStackMgr_BleSSDriver.o)
                0x00003b24                CyBleStackMgr_BleSSFifoRead

i.CyBleStackMgr_BleSSFifoWrite
                0x00003b5c       0x30
 i.CyBleStackMgr_BleSSFifoWrite
                0x00003b5c       0x30 C:\Program Files (x86)\Cypress\PSoC Creator\3.3\PSoC Creator\psoc\content\cycomponentlibrary\CyComponentLibrary.cylib\BLE_v2_20\Library\gccCyBLEStack_BLE_SOC_PERIPHERAL.a(CyBleStackMgr_BleSSDriver.o)
                0x00003b5c                CyBleStackMgr_BleSSFifoWrite

i.CyBleStackMgr_BleSSInit
                0x00003b8c       0x50
 i.CyBleStackMgr_BleSSInit
                0x00003b8c       0x50 C:\Program Files (x86)\Cypress\PSoC Creator\3.3\PSoC Creator\psoc\content\cycomponentlibrary\CyComponentLibrary.cylib\BLE_v2_20\Library\gccCyBLEStack_BLE_SOC_PERIPHERAL.a(CyBleStackMgr_BleSSDriver.o)
                0x00003b8c                CyBleStackMgr_BleSSInit

i.CyBleStackMgr_BleSSMemRead
                0x00003bdc       0x26
 i.CyBleStackMgr_BleSSMemRead
                0x00003bdc       0x26 C:\Program Files (x86)\Cypress\PSoC Creator\3.3\PSoC Creator\psoc\content\cycomponentlibrary\CyComponentLibrary.cylib\BLE_v2_20\Library\gccCyBLEStack_BLE_SOC_PERIPHERAL.a(CyBleStackMgr_BleSSDriver.o)
                0x00003bdc                CyBleStackMgr_BleSSMemRead

i.CyBleStackMgr_BleSSMemWrite
                0x00003c04       0x34
 i.CyBleStackMgr_BleSSMemWrite
                0x00003c04       0x34 C:\Program Files (x86)\Cypress\PSoC Creator\3.3\PSoC Creator\psoc\content\cycomponentlibrary\CyComponentLibrary.cylib\BLE_v2_20\Library\gccCyBLEStack_BLE_SOC_PERIPHERAL.a(CyBleStackMgr_BleSSDriver.o)
                0x00003c04                CyBleStackMgr_BleSSMemWrite

i.CyBleStackMgr_BleSSRegRead
                0x00003c38        0xc
 i.CyBleStackMgr_BleSSRegRead
                0x00003c38        0xc C:\Program Files (x86)\Cypress\PSoC Creator\3.3\PSoC Creator\psoc\content\cycomponentlibrary\CyComponentLibrary.cylib\BLE_v2_20\Library\gccCyBLEStack_BLE_SOC_PERIPHERAL.a(CyBleStackMgr_BleSSDriver.o)
                0x00003c38                CyBleStackMgr_BleSSRegRead

i.CyBleStackMgr_BleSSRegWrite
                0x00003c44        0xc
 i.CyBleStackMgr_BleSSRegWrite
                0x00003c44        0xc C:\Program Files (x86)\Cypress\PSoC Creator\3.3\PSoC Creator\psoc\content\cycomponentlibrary\CyComponentLibrary.cylib\BLE_v2_20\Library\gccCyBLEStack_BLE_SOC_PERIPHERAL.a(CyBleStackMgr_BleSSDriver.o)
                0x00003c44                CyBleStackMgr_BleSSRegWrite

i.CyBleStackMgr_BleSSReset
                0x00003c50       0x38
 i.CyBleStackMgr_BleSSReset
                0x00003c50       0x38 C:\Program Files (x86)\Cypress\PSoC Creator\3.3\PSoC Creator\psoc\content\cycomponentlibrary\CyComponentLibrary.cylib\BLE_v2_20\Library\gccCyBLEStack_BLE_SOC_PERIPHERAL.a(CyBleStackMgr_BleSSDriver.o)
                0x00003c50                CyBleStackMgr_BleSSReset

i.CyBleStackMgr_GenericIface
                0x00003c88       0x3c
 i.CyBleStackMgr_GenericIface
                0x00003c88       0x3c C:\Program Files (x86)\Cypress\PSoC Creator\3.3\PSoC Creator\psoc\content\cycomponentlibrary\CyComponentLibrary.cylib\BLE_v2_20\Library\gccCyBLEStack_BLE_SOC_PERIPHERAL.a(CyBleStackMgr_BleSSDriver.o)
                0x00003c88                CyBleStackMgr_GenericIface

i.CyBleStackMgr_HandleBleSSIntr
                0x00003cc4       0x90
 i.CyBleStackMgr_HandleBleSSIntr
                0x00003cc4       0x90 C:\Program Files (x86)\Cypress\PSoC Creator\3.3\PSoC Creator\psoc\content\cycomponentlibrary\CyComponentLibrary.cylib\BLE_v2_20\Library\gccCyBLEStack_BLE_SOC_PERIPHERAL.a(CyBleStackMgr_BleSSDriver.o)
                0x00003cc4                CyBleStackMgr_HandleBleSSIntr

i.CyBleStackMgr_SetClockParam
                0x00003d54       0xb4
 i.CyBleStackMgr_SetClockParam
                0x00003d54       0xb4 C:\Program Files (x86)\Cypress\PSoC Creator\3.3\PSoC Creator\psoc\content\cycomponentlibrary\CyComponentLibrary.cylib\BLE_v2_20\Library\gccCyBLEStack_BLE_SOC_PERIPHERAL.a(CyBleStackMgr_BleSSDriver.o)

i.CyBle_ExitDsmMode
                0x00003e08       0x2c
 i.CyBle_ExitDsmMode
                0x00003e08       0x2c C:\Program Files (x86)\Cypress\PSoC Creator\3.3\PSoC Creator\psoc\content\cycomponentlibrary\CyComponentLibrary.cylib\BLE_v2_20\Library\gccCyBLEStack_BLE_SOC_PERIPHERAL.a(CyBleStackMgr_BleSSDriver.o)
                0x00003e08                CyBle_ExitDsmMode

i.CyBle_GetBleSsOperationalMode
                0x00003e34        0xc
 i.CyBle_GetBleSsOperationalMode
                0x00003e34        0xc C:\Program Files (x86)\Cypress\PSoC Creator\3.3\PSoC Creator\psoc\content\cycomponentlibrary\CyComponentLibrary.cylib\BLE_v2_20\Library\gccCyBLEStack_BLE_SOC_PERIPHERAL.a(CyBleStackMgr_BleSSDriver.o)
                0x00003e34                CyBle_GetBleSsOperationalMode

i.CyBle_GetLpMode
                0x00003e40       0x26
 i.CyBle_GetLpMode
                0x00003e40       0x26 C:\Program Files (x86)\Cypress\PSoC Creator\3.3\PSoC Creator\psoc\content\cycomponentlibrary\CyComponentLibrary.cylib\BLE_v2_20\Library\gccCyBLEStack_BLE_SOC_PERIPHERAL.a(CyBleStackMgr_BleSSDriver.o)
                0x00003e40                CyBle_GetLpMode

i.CyBle_GetTxGainMode
                0x00003e68       0x2c
 i.CyBle_GetTxGainMode
                0x00003e68       0x2c C:\Program Files (x86)\Cypress\PSoC Creator\3.3\PSoC Creator\psoc\content\cycomponentlibrary\CyComponentLibrary.cylib\BLE_v2_20\Library\gccCyBLEStack_BLE_SOC_PERIPHERAL.a(CyBleStackMgr_BleSSDriver.o)
                0x00003e68                CyBle_GetTxGainMode

i.CyBle_SetBleSsOperationalMode
                0x00003e94       0x20
 i.CyBle_SetBleSsOperationalMode
                0x00003e94       0x20 C:\Program Files (x86)\Cypress\PSoC Creator\3.3\PSoC Creator\psoc\content\cycomponentlibrary\CyComponentLibrary.cylib\BLE_v2_20\Library\gccCyBLEStack_BLE_SOC_PERIPHERAL.a(CyBleStackMgr_BleSSDriver.o)
                0x00003e94                CyBle_SetBleSsOperationalMode

i.CyBle_SetEventCloseState
                0x00003eb4        0xc
 i.CyBle_SetEventCloseState
                0x00003eb4        0xc C:\Program Files (x86)\Cypress\PSoC Creator\3.3\PSoC Creator\psoc\content\cycomponentlibrary\CyComponentLibrary.cylib\BLE_v2_20\Library\gccCyBLEStack_BLE_SOC_PERIPHERAL.a(CyBleStackMgr_BleSSDriver.o)
                0x00003eb4                CyBle_SetEventCloseState

i.CyBle_SetRxGainMode
                0x00003ec0       0x20
 i.CyBle_SetRxGainMode
                0x00003ec0       0x20 C:\Program Files (x86)\Cypress\PSoC Creator\3.3\PSoC Creator\psoc\content\cycomponentlibrary\CyComponentLibrary.cylib\BLE_v2_20\Library\gccCyBLEStack_BLE_SOC_PERIPHERAL.a(CyBleStackMgr_BleSSDriver.o)
                0x00003ec0                CyBle_SetRxGainMode

i.CyBle_SetTxGainMode
                0x00003ee0       0x38
 i.CyBle_SetTxGainMode
                0x00003ee0       0x38 C:\Program Files (x86)\Cypress\PSoC Creator\3.3\PSoC Creator\psoc\content\cycomponentlibrary\CyComponentLibrary.cylib\BLE_v2_20\Library\gccCyBLEStack_BLE_SOC_PERIPHERAL.a(CyBleStackMgr_BleSSDriver.o)
                0x00003ee0                CyBle_SetTxGainMode

i.pf_rf_get_abs_rssi
                0x00003f18       0x24
 i.pf_rf_get_abs_rssi
                0x00003f18       0x24 C:\Program Files (x86)\Cypress\PSoC Creator\3.3\PSoC Creator\psoc\content\cycomponentlibrary\CyComponentLibrary.cylib\BLE_v2_20\Library\gccCyBLEStack_BLE_SOC_PERIPHERAL.a(CyBleStackMgr_BleSSDriver.o)
                0x00003f18                pf_rf_get_abs_rssi

i.BleStackFlashStorageInit
                0x00003f3c       0x74
 i.BleStackFlashStorageInit
                0x00003f3c       0x74 C:\Program Files (x86)\Cypress\PSoC Creator\3.3\PSoC Creator\psoc\content\cycomponentlibrary\CyComponentLibrary.cylib\BLE_v2_20\Library\gccCyBLEStack_BLE_SOC_PERIPHERAL.a(storage_pl.o)
                0x00003f3c                BleStackFlashStorageInit

i.BleStackWriteToFlashPending
                0x00003fb0       0x24
 i.BleStackWriteToFlashPending
                0x00003fb0       0x24 C:\Program Files (x86)\Cypress\PSoC Creator\3.3\PSoC Creator\psoc\content\cycomponentlibrary\CyComponentLibrary.cylib\BLE_v2_20\Library\gccCyBLEStack_BLE_SOC_PERIPHERAL.a(storage_pl.o)
                0x00003fb0                BleStackWriteToFlashPending

i.BleStackWriteToFlashRam
                0x00003fd4       0x70
 i.BleStackWriteToFlashRam
                0x00003fd4       0x70 C:\Program Files (x86)\Cypress\PSoC Creator\3.3\PSoC Creator\psoc\content\cycomponentlibrary\CyComponentLibrary.cylib\BLE_v2_20\Library\gccCyBLEStack_BLE_SOC_PERIPHERAL.a(storage_pl.o)
                0x00003fd4                BleStackWriteToFlashRam

i.storage_bt_init_pl
                0x00004044       0x28
 i.storage_bt_init_pl
                0x00004044       0x28 C:\Program Files (x86)\Cypress\PSoC Creator\3.3\PSoC Creator\psoc\content\cycomponentlibrary\CyComponentLibrary.cylib\BLE_v2_20\Library\gccCyBLEStack_BLE_SOC_PERIPHERAL.a(storage_pl.o)
                0x00004044                storage_bt_init_pl

i.storage_close_pl
                0x0000406c        0x4
 i.storage_close_pl
                0x0000406c        0x4 C:\Program Files (x86)\Cypress\PSoC Creator\3.3\PSoC Creator\psoc\content\cycomponentlibrary\CyComponentLibrary.cylib\BLE_v2_20\Library\gccCyBLEStack_BLE_SOC_PERIPHERAL.a(storage_pl.o)
                0x0000406c                storage_close_pl

i.storage_open_pl
                0x00004070       0x1c
 i.storage_open_pl
                0x00004070       0x1c C:\Program Files (x86)\Cypress\PSoC Creator\3.3\PSoC Creator\psoc\content\cycomponentlibrary\CyComponentLibrary.cylib\BLE_v2_20\Library\gccCyBLEStack_BLE_SOC_PERIPHERAL.a(storage_pl.o)
                0x00004070                storage_open_pl

i.storage_read_pl
                0x0000408c       0x28
 i.storage_read_pl
                0x0000408c       0x28 C:\Program Files (x86)\Cypress\PSoC Creator\3.3\PSoC Creator\psoc\content\cycomponentlibrary\CyComponentLibrary.cylib\BLE_v2_20\Library\gccCyBLEStack_BLE_SOC_PERIPHERAL.a(storage_pl.o)
                0x0000408c                storage_read_pl

i.storage_read_signature_pl
                0x000040b4       0x2c
 i.storage_read_signature_pl
                0x000040b4       0x2c C:\Program Files (x86)\Cypress\PSoC Creator\3.3\PSoC Creator\psoc\content\cycomponentlibrary\CyComponentLibrary.cylib\BLE_v2_20\Library\gccCyBLEStack_BLE_SOC_PERIPHERAL.a(storage_pl.o)
                0x000040b4                storage_read_signature_pl

i.storage_register_flash_pointer
                0x000040e0       0x20
 i.storage_register_flash_pointer
                0x000040e0       0x20 C:\Program Files (x86)\Cypress\PSoC Creator\3.3\PSoC Creator\psoc\content\cycomponentlibrary\CyComponentLibrary.cylib\BLE_v2_20\Library\gccCyBLEStack_BLE_SOC_PERIPHERAL.a(storage_pl.o)
                0x000040e0                storage_register_flash_pointer

i.storage_reset_storage_offset
                0x00004100       0x10
 i.storage_reset_storage_offset
                0x00004100       0x10 C:\Program Files (x86)\Cypress\PSoC Creator\3.3\PSoC Creator\psoc\content\cycomponentlibrary\CyComponentLibrary.cylib\BLE_v2_20\Library\gccCyBLEStack_BLE_SOC_PERIPHERAL.a(storage_pl.o)

i.storage_write_pl
                0x00004110       0x24
 i.storage_write_pl
                0x00004110       0x24 C:\Program Files (x86)\Cypress\PSoC Creator\3.3\PSoC Creator\psoc\content\cycomponentlibrary\CyComponentLibrary.cylib\BLE_v2_20\Library\gccCyBLEStack_BLE_SOC_PERIPHERAL.a(storage_pl.o)
                0x00004110                storage_write_pl

i.storage_write_signature_pl
                0x00004134       0x14
 i.storage_write_signature_pl
                0x00004134       0x14 C:\Program Files (x86)\Cypress\PSoC Creator\3.3\PSoC Creator\psoc\content\cycomponentlibrary\CyComponentLibrary.cylib\BLE_v2_20\Library\gccCyBLEStack_BLE_SOC_PERIPHERAL.a(storage_pl.o)
                0x00004134                storage_write_signature_pl

i.OS_init       0x00004148       0x64
 i.OS_init      0x00004148       0x64 C:\Program Files (x86)\Cypress\PSoC Creator\3.3\PSoC Creator\psoc\content\cycomponentlibrary\CyComponentLibrary.cylib\BLE_v2_20\Library\gccCyBLEStack_BLE_SOC_PERIPHERAL.a(mint_os.o)
                0x00004148                OS_init

i.mintos_malloc
                0x000041ac       0x34
 i.mintos_malloc
                0x000041ac       0x34 C:\Program Files (x86)\Cypress\PSoC Creator\3.3\PSoC Creator\psoc\content\cycomponentlibrary\CyComponentLibrary.cylib\BLE_v2_20\Library\gccCyBLEStack_BLE_SOC_PERIPHERAL.a(mint_os.o)
                0x000041ac                mintos_malloc

i.OS_create_queue
                0x000041e0       0x64
 i.OS_create_queue
                0x000041e0       0x64 C:\Program Files (x86)\Cypress\PSoC Creator\3.3\PSoC Creator\psoc\content\cycomponentlibrary\CyComponentLibrary.cylib\BLE_v2_20\Library\gccCyBLEStack_BLE_SOC_PERIPHERAL.a(mint_os_queue.o)
                0x000041e0                OS_create_queue

i.OS_enqueue_item
                0x00004244       0x8c
 i.OS_enqueue_item
                0x00004244       0x8c C:\Program Files (x86)\Cypress\PSoC Creator\3.3\PSoC Creator\psoc\content\cycomponentlibrary\CyComponentLibrary.cylib\BLE_v2_20\Library\gccCyBLEStack_BLE_SOC_PERIPHERAL.a(mint_os_queue.o)
                0x00004244                OS_enqueue_item

i.OS_queue_get_num_of_items
                0x000042d0       0x28
 i.OS_queue_get_num_of_items
                0x000042d0       0x28 C:\Program Files (x86)\Cypress\PSoC Creator\3.3\PSoC Creator\psoc\content\cycomponentlibrary\CyComponentLibrary.cylib\BLE_v2_20\Library\gccCyBLEStack_BLE_SOC_PERIPHERAL.a(mint_os_queue.o)
                0x000042d0                OS_queue_get_num_of_items

i.OS_queue_mgmt_init
                0x000042f8       0x40
 i.OS_queue_mgmt_init
                0x000042f8       0x40 C:\Program Files (x86)\Cypress\PSoC Creator\3.3\PSoC Creator\psoc\content\cycomponentlibrary\CyComponentLibrary.cylib\BLE_v2_20\Library\gccCyBLEStack_BLE_SOC_PERIPHERAL.a(mint_os_queue.o)
                0x000042f8                OS_queue_mgmt_init

i.OS_remove_item
                0x00004338       0xa0
 i.OS_remove_item
                0x00004338       0xa0 C:\Program Files (x86)\Cypress\PSoC Creator\3.3\PSoC Creator\psoc\content\cycomponentlibrary\CyComponentLibrary.cylib\BLE_v2_20\Library\gccCyBLEStack_BLE_SOC_PERIPHERAL.a(mint_os_queue.o)
                0x00004338                OS_remove_item

i.OS_create_task
                0x000043d8       0x88
 i.OS_create_task
                0x000043d8       0x88 C:\Program Files (x86)\Cypress\PSoC Creator\3.3\PSoC Creator\psoc\content\cycomponentlibrary\CyComponentLibrary.cylib\BLE_v2_20\Library\gccCyBLEStack_BLE_SOC_PERIPHERAL.a(mint_os_task.o)
                0x000043d8                OS_create_task

i.OS_isr_send_signal_to_task
                0x00004460        0xc
 i.OS_isr_send_signal_to_task
                0x00004460        0xc C:\Program Files (x86)\Cypress\PSoC Creator\3.3\PSoC Creator\psoc\content\cycomponentlibrary\CyComponentLibrary.cylib\BLE_v2_20\Library\gccCyBLEStack_BLE_SOC_PERIPHERAL.a(mint_os_task.o)
                0x00004460                OS_isr_send_signal_to_task

i.OS_scheduler  0x0000446c       0x64
 i.OS_scheduler
                0x0000446c       0x64 C:\Program Files (x86)\Cypress\PSoC Creator\3.3\PSoC Creator\psoc\content\cycomponentlibrary\CyComponentLibrary.cylib\BLE_v2_20\Library\gccCyBLEStack_BLE_SOC_PERIPHERAL.a(mint_os_task.o)
                0x0000446c                OS_scheduler

i.OS_send_signal_to_task
                0x000044d0        0xc
 i.OS_send_signal_to_task
                0x000044d0        0xc C:\Program Files (x86)\Cypress\PSoC Creator\3.3\PSoC Creator\psoc\content\cycomponentlibrary\CyComponentLibrary.cylib\BLE_v2_20\Library\gccCyBLEStack_BLE_SOC_PERIPHERAL.a(mint_os_task.o)
                0x000044d0                OS_send_signal_to_task

i.OS_send_signal_to_task_context
                0x000044dc       0x3c
 i.OS_send_signal_to_task_context
                0x000044dc       0x3c C:\Program Files (x86)\Cypress\PSoC Creator\3.3\PSoC Creator\psoc\content\cycomponentlibrary\CyComponentLibrary.cylib\BLE_v2_20\Library\gccCyBLEStack_BLE_SOC_PERIPHERAL.a(mint_os_task.o)

i.OS_task_mgmt_init
                0x00004518       0x50
 i.OS_task_mgmt_init
                0x00004518       0x50 C:\Program Files (x86)\Cypress\PSoC Creator\3.3\PSoC Creator\psoc\content\cycomponentlibrary\CyComponentLibrary.cylib\BLE_v2_20\Library\gccCyBLEStack_BLE_SOC_PERIPHERAL.a(mint_os_task.o)
                0x00004518                OS_task_mgmt_init

i.mint_buf_mgmt_allocate_buffer
                0x00004568       0x4c
 i.mint_buf_mgmt_allocate_buffer
                0x00004568       0x4c C:\Program Files (x86)\Cypress\PSoC Creator\3.3\PSoC Creator\psoc\content\cycomponentlibrary\CyComponentLibrary.cylib\BLE_v2_20\Library\gccCyBLEStack_BLE_SOC_PERIPHERAL.a(mint_buf_mgmt.o)
                0x00004568                mint_buf_mgmt_allocate_buffer

i.mint_buf_mgmt_create_pool
                0x000045b4       0xd0
 i.mint_buf_mgmt_create_pool
                0x000045b4       0xd0 C:\Program Files (x86)\Cypress\PSoC Creator\3.3\PSoC Creator\psoc\content\cycomponentlibrary\CyComponentLibrary.cylib\BLE_v2_20\Library\gccCyBLEStack_BLE_SOC_PERIPHERAL.a(mint_buf_mgmt.o)
                0x000045b4                mint_buf_mgmt_create_pool

i.mint_buf_mgmt_free_buffer
                0x00004684       0xa4
 i.mint_buf_mgmt_free_buffer
                0x00004684       0xa4 C:\Program Files (x86)\Cypress\PSoC Creator\3.3\PSoC Creator\psoc\content\cycomponentlibrary\CyComponentLibrary.cylib\BLE_v2_20\Library\gccCyBLEStack_BLE_SOC_PERIPHERAL.a(mint_buf_mgmt.o)
                0x00004684                mint_buf_mgmt_free_buffer

i.mint_buf_mgmt_init
                0x00004728       0x44
 i.mint_buf_mgmt_init
                0x00004728       0x44 C:\Program Files (x86)\Cypress\PSoC Creator\3.3\PSoC Creator\psoc\content\cycomponentlibrary\CyComponentLibrary.cylib\BLE_v2_20\Library\gccCyBLEStack_BLE_SOC_PERIPHERAL.a(mint_buf_mgmt.o)
                0x00004728                mint_buf_mgmt_init

i.mint_buf_mgmt_malloc
                0x0000476c       0x2c
 i.mint_buf_mgmt_malloc
                0x0000476c       0x2c C:\Program Files (x86)\Cypress\PSoC Creator\3.3\PSoC Creator\psoc\content\cycomponentlibrary\CyComponentLibrary.cylib\BLE_v2_20\Library\gccCyBLEStack_BLE_SOC_PERIPHERAL.a(mint_buf_mgmt.o)
                0x0000476c                mint_buf_mgmt_malloc

i.mint_buf_mgmt_pl_init
                0x00004798       0x48
 i.mint_buf_mgmt_pl_init
                0x00004798       0x48 C:\Program Files (x86)\Cypress\PSoC Creator\3.3\PSoC Creator\psoc\content\cycomponentlibrary\CyComponentLibrary.cylib\BLE_v2_20\Library\gccCyBLEStack_BLE_SOC_PERIPHERAL.a(mint_buf_mgmt.o)
                0x00004798                mint_buf_mgmt_pl_init

i.mint_buf_mgmt_reset_pool
                0x000047e0       0x70
 i.mint_buf_mgmt_reset_pool
                0x000047e0       0x70 C:\Program Files (x86)\Cypress\PSoC Creator\3.3\PSoC Creator\psoc\content\cycomponentlibrary\CyComponentLibrary.cylib\BLE_v2_20\Library\gccCyBLEStack_BLE_SOC_PERIPHERAL.a(mint_buf_mgmt.o)
                0x000047e0                mint_buf_mgmt_reset_pool

i.mint_buf_mgmt_stack_init
                0x00004850       0x24
 i.mint_buf_mgmt_stack_init
                0x00004850       0x24 C:\Program Files (x86)\Cypress\PSoC Creator\3.3\PSoC Creator\psoc\content\cycomponentlibrary\CyComponentLibrary.cylib\BLE_v2_20\Library\gccCyBLEStack_BLE_SOC_PERIPHERAL.a(mint_buf_mgmt.o)
                0x00004850                mint_buf_mgmt_stack_init

i.mint_buf_mgmt_stack_pop
                0x00004874       0x36
 i.mint_buf_mgmt_stack_pop
                0x00004874       0x36 C:\Program Files (x86)\Cypress\PSoC Creator\3.3\PSoC Creator\psoc\content\cycomponentlibrary\CyComponentLibrary.cylib\BLE_v2_20\Library\gccCyBLEStack_BLE_SOC_PERIPHERAL.a(mint_buf_mgmt.o)
                0x00004874                mint_buf_mgmt_stack_pop

i.mint_buf_mgmt_stack_push
                0x000048aa       0x36
 i.mint_buf_mgmt_stack_push
                0x000048aa       0x36 C:\Program Files (x86)\Cypress\PSoC Creator\3.3\PSoC Creator\psoc\content\cycomponentlibrary\CyComponentLibrary.cylib\BLE_v2_20\Library\gccCyBLEStack_BLE_SOC_PERIPHERAL.a(mint_buf_mgmt.o)
                0x000048aa                mint_buf_mgmt_stack_push

i.mint_buf_mgmt_stack_reset
                0x000048e0       0x1e
 i.mint_buf_mgmt_stack_reset
                0x000048e0       0x1e C:\Program Files (x86)\Cypress\PSoC Creator\3.3\PSoC Creator\psoc\content\cycomponentlibrary\CyComponentLibrary.cylib\BLE_v2_20\Library\gccCyBLEStack_BLE_SOC_PERIPHERAL.a(mint_buf_mgmt.o)
                0x000048e0                mint_buf_mgmt_stack_reset

i.mint_buf_mgmt_stack_search_item
                0x000048fe       0x30
 i.mint_buf_mgmt_stack_search_item
                0x000048fe       0x30 C:\Program Files (x86)\Cypress\PSoC Creator\3.3\PSoC Creator\psoc\content\cycomponentlibrary\CyComponentLibrary.cylib\BLE_v2_20\Library\gccCyBLEStack_BLE_SOC_PERIPHERAL.a(mint_buf_mgmt.o)
                0x000048fe                mint_buf_mgmt_stack_search_item

i.CyBleControllerIP_GetPingState
                0x00004930        0xc
 i.CyBleControllerIP_GetPingState
                0x00004930        0xc C:\Program Files (x86)\Cypress\PSoC Creator\3.3\PSoC Creator\psoc\content\cycomponentlibrary\CyComponentLibrary.cylib\BLE_v2_20\Library\gccCyBLEStack_BLE_SOC_PERIPHERAL.a(CyBleControllerIP_Interface.o)
                0x00004930                CyBleControllerIP_GetPingState

i.CyBleController_AddDeviceToWhiteList
                0x0000493c       0x40
 i.CyBleController_AddDeviceToWhiteList
                0x0000493c       0x40 C:\Program Files (x86)\Cypress\PSoC Creator\3.3\PSoC Creator\psoc\content\cycomponentlibrary\CyComponentLibrary.cylib\BLE_v2_20\Library\gccCyBLEStack_BLE_SOC_PERIPHERAL.a(CyBleControllerIP_Interface.o)
                0x0000493c                CyBleController_AddDeviceToWhiteList

i.CyBleController_ExitLowPowerMode
                0x0000497c       0x10
 i.CyBleController_ExitLowPowerMode
                0x0000497c       0x10 C:\Program Files (x86)\Cypress\PSoC Creator\3.3\PSoC Creator\psoc\content\cycomponentlibrary\CyComponentLibrary.cylib\BLE_v2_20\Library\gccCyBLEStack_BLE_SOC_PERIPHERAL.a(CyBleControllerIP_Interface.o)
                0x0000497c                CyBleController_ExitLowPowerMode

i.CyBleController_Init
                0x0000498c       0x32
 i.CyBleController_Init
                0x0000498c       0x32 C:\Program Files (x86)\Cypress\PSoC Creator\3.3\PSoC Creator\psoc\content\cycomponentlibrary\CyComponentLibrary.cylib\BLE_v2_20\Library\gccCyBLEStack_BLE_SOC_PERIPHERAL.a(CyBleControllerIP_Interface.o)
                0x0000498c                CyBleController_Init

i.CyBleController_SetDeviceAddress
                0x000049be       0x2e
 i.CyBleController_SetDeviceAddress
                0x000049be       0x2e C:\Program Files (x86)\Cypress\PSoC Creator\3.3\PSoC Creator\psoc\content\cycomponentlibrary\CyComponentLibrary.cylib\BLE_v2_20\Library\gccCyBLEStack_BLE_SOC_PERIPHERAL.a(CyBleControllerIP_Interface.o)
                0x000049be                CyBleController_SetDeviceAddress

i.CyBle_GetTxPowerLevel
                0x000049ec       0x4e
 i.CyBle_GetTxPowerLevel
                0x000049ec       0x4e C:\Program Files (x86)\Cypress\PSoC Creator\3.3\PSoC Creator\psoc\content\cycomponentlibrary\CyComponentLibrary.cylib\BLE_v2_20\Library\gccCyBLEStack_BLE_SOC_PERIPHERAL.a(CyBleControllerIP_Interface.o)
                0x000049ec                CyBle_GetTxPowerLevel

i.CyBle_SetTxPowerLevel
                0x00004a3a       0x56
 i.CyBle_SetTxPowerLevel
                0x00004a3a       0x56 C:\Program Files (x86)\Cypress\PSoC Creator\3.3\PSoC Creator\psoc\content\cycomponentlibrary\CyComponentLibrary.cylib\BLE_v2_20\Library\gccCyBLEStack_BLE_SOC_PERIPHERAL.a(CyBleControllerIP_Interface.o)
                0x00004a3a                CyBle_SetTxPowerLevel

i.ll_check_and_mark_packet_ready_for_transmission
                0x00004a90       0x28
 i.ll_check_and_mark_packet_ready_for_transmission
                0x00004a90       0x28 C:\Program Files (x86)\Cypress\PSoC Creator\3.3\PSoC Creator\psoc\content\cycomponentlibrary\CyComponentLibrary.cylib\BLE_v2_20\Library\gccCyBLEStack_BLE_SOC_PERIPHERAL.a(ll.o)
                0x00004a90                ll_check_and_mark_packet_ready_for_transmission

i.ll_cleanup_pending_data_pdu
                0x00004ab8       0x38
 i.ll_cleanup_pending_data_pdu
                0x00004ab8       0x38 C:\Program Files (x86)\Cypress\PSoC Creator\3.3\PSoC Creator\psoc\content\cycomponentlibrary\CyComponentLibrary.cylib\BLE_v2_20\Library\gccCyBLEStack_BLE_SOC_PERIPHERAL.a(ll.o)
                0x00004ab8                ll_cleanup_pending_data_pdu

i.ll_exit_low_power_mode
                0x00004af0       0xac
 i.ll_exit_low_power_mode
                0x00004af0       0xac C:\Program Files (x86)\Cypress\PSoC Creator\3.3\PSoC Creator\psoc\content\cycomponentlibrary\CyComponentLibrary.cylib\BLE_v2_20\Library\gccCyBLEStack_BLE_SOC_PERIPHERAL.a(ll.o)
                0x00004af0                ll_exit_low_power_mode

i.ll_get_ack_status
                0x00004b9c       0x3c
 i.ll_get_ack_status
                0x00004b9c       0x3c C:\Program Files (x86)\Cypress\PSoC Creator\3.3\PSoC Creator\psoc\content\cycomponentlibrary\CyComponentLibrary.cylib\BLE_v2_20\Library\gccCyBLEStack_BLE_SOC_PERIPHERAL.a(ll.o)
                0x00004b9c                ll_get_ack_status

i.ll_get_adv_ch_tx_power
                0x00004bd8       0x20
 i.ll_get_adv_ch_tx_power
                0x00004bd8       0x20 C:\Program Files (x86)\Cypress\PSoC Creator\3.3\PSoC Creator\psoc\content\cycomponentlibrary\CyComponentLibrary.cylib\BLE_v2_20\Library\gccCyBLEStack_BLE_SOC_PERIPHERAL.a(ll.o)
                0x00004bd8                ll_get_adv_ch_tx_power

i.ll_get_data_channel_map
                0x00004bf8       0x24
 i.ll_get_data_channel_map
                0x00004bf8       0x24 C:\Program Files (x86)\Cypress\PSoC Creator\3.3\PSoC Creator\psoc\content\cycomponentlibrary\CyComponentLibrary.cylib\BLE_v2_20\Library\gccCyBLEStack_BLE_SOC_PERIPHERAL.a(ll.o)
                0x00004bf8                ll_get_data_channel_map

i.ll_get_max_white_list_size
                0x00004c1c        0xc
 i.ll_get_max_white_list_size
                0x00004c1c        0xc C:\Program Files (x86)\Cypress\PSoC Creator\3.3\PSoC Creator\psoc\content\cycomponentlibrary\CyComponentLibrary.cylib\BLE_v2_20\Library\gccCyBLEStack_BLE_SOC_PERIPHERAL.a(ll.o)
                0x00004c1c                ll_get_max_white_list_size

i.ll_get_my_role
                0x00004c28        0xc
 i.ll_get_my_role
                0x00004c28        0xc C:\Program Files (x86)\Cypress\PSoC Creator\3.3\PSoC Creator\psoc\content\cycomponentlibrary\CyComponentLibrary.cylib\BLE_v2_20\Library\gccCyBLEStack_BLE_SOC_PERIPHERAL.a(ll.o)
                0x00004c28                ll_get_my_role

i.ll_get_next_available_fifo_for_data_pdu
                0x00004c34        0x8
 i.ll_get_next_available_fifo_for_data_pdu
                0x00004c34        0x8 C:\Program Files (x86)\Cypress\PSoC Creator\3.3\PSoC Creator\psoc\content\cycomponentlibrary\CyComponentLibrary.cylib\BLE_v2_20\Library\gccCyBLEStack_BLE_SOC_PERIPHERAL.a(ll.o)
                0x00004c34                ll_get_next_available_fifo_for_data_pdu

i.ll_get_next_available_fifo_for_ll_pdu
                0x00004c3c       0x24
 i.ll_get_next_available_fifo_for_ll_pdu
                0x00004c3c       0x24 C:\Program Files (x86)\Cypress\PSoC Creator\3.3\PSoC Creator\psoc\content\cycomponentlibrary\CyComponentLibrary.cylib\BLE_v2_20\Library\gccCyBLEStack_BLE_SOC_PERIPHERAL.a(ll.o)
                0x00004c3c                ll_get_next_available_fifo_for_ll_pdu

i.ll_get_rssi_value
                0x00004c60       0x26
 i.ll_get_rssi_value
                0x00004c60       0x26 C:\Program Files (x86)\Cypress\PSoC Creator\3.3\PSoC Creator\psoc\content\cycomponentlibrary\CyComponentLibrary.cylib\BLE_v2_20\Library\gccCyBLEStack_BLE_SOC_PERIPHERAL.a(ll.o)
                0x00004c60                ll_get_rssi_value

i.ll_get_transmit_power_level
                0x00004c88       0x2c
 i.ll_get_transmit_power_level
                0x00004c88       0x2c C:\Program Files (x86)\Cypress\PSoC Creator\3.3\PSoC Creator\psoc\content\cycomponentlibrary\CyComponentLibrary.cylib\BLE_v2_20\Library\gccCyBLEStack_BLE_SOC_PERIPHERAL.a(ll.o)
                0x00004c88                ll_get_transmit_power_level

i.ll_handle_ack_received
                0x00004cb4       0x74
 i.ll_handle_ack_received
                0x00004cb4       0x74 C:\Program Files (x86)\Cypress\PSoC Creator\3.3\PSoC Creator\psoc\content\cycomponentlibrary\CyComponentLibrary.cylib\BLE_v2_20\Library\gccCyBLEStack_BLE_SOC_PERIPHERAL.a(ll.o)
                0x00004cb4                ll_handle_ack_received

i.ll_handle_add_device_in_whitelist
                0x00004d28       0x3a
 i.ll_handle_add_device_in_whitelist
                0x00004d28       0x3a C:\Program Files (x86)\Cypress\PSoC Creator\3.3\PSoC Creator\psoc\content\cycomponentlibrary\CyComponentLibrary.cylib\BLE_v2_20\Library\gccCyBLEStack_BLE_SOC_PERIPHERAL.a(ll.o)
                0x00004d28                ll_handle_add_device_in_whitelist

i.ll_handle_clear_whitelist
                0x00004d62       0x16
 i.ll_handle_clear_whitelist
                0x00004d62       0x16 C:\Program Files (x86)\Cypress\PSoC Creator\3.3\PSoC Creator\psoc\content\cycomponentlibrary\CyComponentLibrary.cylib\BLE_v2_20\Library\gccCyBLEStack_BLE_SOC_PERIPHERAL.a(ll.o)
                0x00004d62                ll_handle_clear_whitelist

i.ll_handle_encrypt_host_data
                0x00004d78       0x36
 i.ll_handle_encrypt_host_data
                0x00004d78       0x36 C:\Program Files (x86)\Cypress\PSoC Creator\3.3\PSoC Creator\psoc\content\cycomponentlibrary\CyComponentLibrary.cylib\BLE_v2_20\Library\gccCyBLEStack_BLE_SOC_PERIPHERAL.a(ll.o)
                0x00004d78                ll_handle_encrypt_host_data

i.ll_handle_host_data_packet
                0x00004dae       0x54
 i.ll_handle_host_data_packet
                0x00004dae       0x54 C:\Program Files (x86)\Cypress\PSoC Creator\3.3\PSoC Creator\psoc\content\cycomponentlibrary\CyComponentLibrary.cylib\BLE_v2_20\Library\gccCyBLEStack_BLE_SOC_PERIPHERAL.a(ll.o)
                0x00004dae                ll_handle_host_data_packet

i.ll_handle_read_host_channel_map
                0x00004e02        0x4
 i.ll_handle_read_host_channel_map
                0x00004e02        0x4 C:\Program Files (x86)\Cypress\PSoC Creator\3.3\PSoC Creator\psoc\content\cycomponentlibrary\CyComponentLibrary.cylib\BLE_v2_20\Library\gccCyBLEStack_BLE_SOC_PERIPHERAL.a(ll.o)
                0x00004e02                ll_handle_read_host_channel_map

i.ll_handle_remove_device_in_whitelist
                0x00004e06       0x2a
 i.ll_handle_remove_device_in_whitelist
                0x00004e06       0x2a C:\Program Files (x86)\Cypress\PSoC Creator\3.3\PSoC Creator\psoc\content\cycomponentlibrary\CyComponentLibrary.cylib\BLE_v2_20\Library\gccCyBLEStack_BLE_SOC_PERIPHERAL.a(ll.o)
                0x00004e06                ll_handle_remove_device_in_whitelist

i.ll_handle_reset
                0x00004e30        0xe
 i.ll_handle_reset
                0x00004e30        0xe C:\Program Files (x86)\Cypress\PSoC Creator\3.3\PSoC Creator\psoc\content\cycomponentlibrary\CyComponentLibrary.cylib\BLE_v2_20\Library\gccCyBLEStack_BLE_SOC_PERIPHERAL.a(ll.o)
                0x00004e30                ll_handle_reset

i.ll_handle_set_random_address
                0x00004e3e       0x36
 i.ll_handle_set_random_address
                0x00004e3e       0x36 C:\Program Files (x86)\Cypress\PSoC Creator\3.3\PSoC Creator\psoc\content\cycomponentlibrary\CyComponentLibrary.cylib\BLE_v2_20\Library\gccCyBLEStack_BLE_SOC_PERIPHERAL.a(ll.o)
                0x00004e3e                ll_handle_set_random_address

i.ll_init       0x00004e74       0x18
 i.ll_init      0x00004e74       0x18 C:\Program Files (x86)\Cypress\PSoC Creator\3.3\PSoC Creator\psoc\content\cycomponentlibrary\CyComponentLibrary.cylib\BLE_v2_20\Library\gccCyBLEStack_BLE_SOC_PERIPHERAL.a(ll.o)
                0x00004e74                ll_init

i.ll_initialize_device_attributes
                0x00004e8c       0x4c
 i.ll_initialize_device_attributes
                0x00004e8c       0x4c C:\Program Files (x86)\Cypress\PSoC Creator\3.3\PSoC Creator\psoc\content\cycomponentlibrary\CyComponentLibrary.cylib\BLE_v2_20\Library\gccCyBLEStack_BLE_SOC_PERIPHERAL.a(ll.o)
                0x00004e8c                ll_initialize_device_attributes

i.ll_is_pkt_pending
                0x00004ed8       0x2a
 i.ll_is_pkt_pending
                0x00004ed8       0x2a C:\Program Files (x86)\Cypress\PSoC Creator\3.3\PSoC Creator\psoc\content\cycomponentlibrary\CyComponentLibrary.cylib\BLE_v2_20\Library\gccCyBLEStack_BLE_SOC_PERIPHERAL.a(ll.o)
                0x00004ed8                ll_is_pkt_pending

i.ll_is_sent_pkt_pending
                0x00004f02       0x1a
 i.ll_is_sent_pkt_pending
                0x00004f02       0x1a C:\Program Files (x86)\Cypress\PSoC Creator\3.3\PSoC Creator\psoc\content\cycomponentlibrary\CyComponentLibrary.cylib\BLE_v2_20\Library\gccCyBLEStack_BLE_SOC_PERIPHERAL.a(ll.o)
                0x00004f02                ll_is_sent_pkt_pending

i.ll_isr_exit_low_power_mode
                0x00004f1c       0x16
 i.ll_isr_exit_low_power_mode
                0x00004f1c       0x16 C:\Program Files (x86)\Cypress\PSoC Creator\3.3\PSoC Creator\psoc\content\cycomponentlibrary\CyComponentLibrary.cylib\BLE_v2_20\Library\gccCyBLEStack_BLE_SOC_PERIPHERAL.a(ll.o)
                0x00004f1c                ll_isr_exit_low_power_mode

i.ll_load_host_data_packet
                0x00004f32       0x4a
 i.ll_load_host_data_packet
                0x00004f32       0x4a C:\Program Files (x86)\Cypress\PSoC Creator\3.3\PSoC Creator\psoc\content\cycomponentlibrary\CyComponentLibrary.cylib\BLE_v2_20\Library\gccCyBLEStack_BLE_SOC_PERIPHERAL.a(ll.o)
                0x00004f32                ll_load_host_data_packet

i.ll_load_packet_to_fifo
                0x00004f7c       0x6e
 i.ll_load_packet_to_fifo
                0x00004f7c       0x6e C:\Program Files (x86)\Cypress\PSoC Creator\3.3\PSoC Creator\psoc\content\cycomponentlibrary\CyComponentLibrary.cylib\BLE_v2_20\Library\gccCyBLEStack_BLE_SOC_PERIPHERAL.a(ll.o)
                0x00004f7c                ll_load_packet_to_fifo

i.ll_process_acks
                0x00004fea       0x3c
 i.ll_process_acks
                0x00004fea       0x3c C:\Program Files (x86)\Cypress\PSoC Creator\3.3\PSoC Creator\psoc\content\cycomponentlibrary\CyComponentLibrary.cylib\BLE_v2_20\Library\gccCyBLEStack_BLE_SOC_PERIPHERAL.a(ll.o)
                0x00004fea                ll_process_acks

i.ll_reset      0x00005026       0x12
 i.ll_reset     0x00005026       0x12 C:\Program Files (x86)\Cypress\PSoC Creator\3.3\PSoC Creator\psoc\content\cycomponentlibrary\CyComponentLibrary.cylib\BLE_v2_20\Library\gccCyBLEStack_BLE_SOC_PERIPHERAL.a(ll.o)
                0x00005026                ll_reset

i.ll_update_active_features
                0x00005038       0x58
 i.ll_update_active_features
                0x00005038       0x58 C:\Program Files (x86)\Cypress\PSoC Creator\3.3\PSoC Creator\psoc\content\cycomponentlibrary\CyComponentLibrary.cylib\BLE_v2_20\Library\gccCyBLEStack_BLE_SOC_PERIPHERAL.a(ll.o)
                0x00005038                ll_update_active_features

i.ll_update_device_fsm
                0x00005090        0x8
 i.ll_update_device_fsm
                0x00005090        0x8 C:\Program Files (x86)\Cypress\PSoC Creator\3.3\PSoC Creator\psoc\content\cycomponentlibrary\CyComponentLibrary.cylib\BLE_v2_20\Library\gccCyBLEStack_BLE_SOC_PERIPHERAL.a(ll.o)
                0x00005090                ll_update_device_fsm

i.pf_le_start_timer
                0x00005098       0x16
 i.pf_le_start_timer
                0x00005098       0x16 C:\Program Files (x86)\Cypress\PSoC Creator\3.3\PSoC Creator\psoc\content\cycomponentlibrary\CyComponentLibrary.cylib\BLE_v2_20\Library\gccCyBLEStack_BLE_SOC_PERIPHERAL.a(ll.o)
                0x00005098                pf_le_start_timer

i.pf_le_stop_timer
                0x000050ae       0x12
 i.pf_le_stop_timer
                0x000050ae       0x12 C:\Program Files (x86)\Cypress\PSoC Creator\3.3\PSoC Creator\psoc\content\cycomponentlibrary\CyComponentLibrary.cylib\BLE_v2_20\Library\gccCyBLEStack_BLE_SOC_PERIPHERAL.a(ll.o)
                0x000050ae                pf_le_stop_timer

i.CyBleControllerIP_TuneAdvEventInterPktSlots
                0x000050c0       0x44
 i.CyBleControllerIP_TuneAdvEventInterPktSlots
                0x000050c0       0x44 C:\Program Files (x86)\Cypress\PSoC Creator\3.3\PSoC Creator\psoc\content\cycomponentlibrary\CyComponentLibrary.cylib\BLE_v2_20\Library\gccCyBLEStack_BLE_SOC_PERIPHERAL.a(ll_advertiser.o)
                0x000050c0                CyBleControllerIP_TuneAdvEventInterPktSlots

i.ll_adv_is_configured_connection_adv
                0x00005104       0x1e
 i.ll_adv_is_configured_connection_adv
                0x00005104       0x1e C:\Program Files (x86)\Cypress\PSoC Creator\3.3\PSoC Creator\psoc\content\cycomponentlibrary\CyComponentLibrary.cylib\BLE_v2_20\Library\gccCyBLEStack_BLE_SOC_PERIPHERAL.a(ll_advertiser.o)
                0x00005104                ll_adv_is_configured_connection_adv

i.ll_check_random_address_in_use_by_advertiser
                0x00005122       0x10
 i.ll_check_random_address_in_use_by_advertiser
                0x00005122       0x10 C:\Program Files (x86)\Cypress\PSoC Creator\3.3\PSoC Creator\psoc\content\cycomponentlibrary\CyComponentLibrary.cylib\BLE_v2_20\Library\gccCyBLEStack_BLE_SOC_PERIPHERAL.a(ll_advertiser.o)
                0x00005122                ll_check_random_address_in_use_by_advertiser

i.ll_check_whitelist_in_use_by_advertiser
                0x00005132       0x10
 i.ll_check_whitelist_in_use_by_advertiser
                0x00005132       0x10 C:\Program Files (x86)\Cypress\PSoC Creator\3.3\PSoC Creator\psoc\content\cycomponentlibrary\CyComponentLibrary.cylib\BLE_v2_20\Library\gccCyBLEStack_BLE_SOC_PERIPHERAL.a(ll_advertiser.o)
                0x00005132                ll_check_whitelist_in_use_by_advertiser

i.ll_get_adv_status
                0x00005142        0xc
 i.ll_get_adv_status
                0x00005142        0xc C:\Program Files (x86)\Cypress\PSoC Creator\3.3\PSoC Creator\psoc\content\cycomponentlibrary\CyComponentLibrary.cylib\BLE_v2_20\Library\gccCyBLEStack_BLE_SOC_PERIPHERAL.a(ll_advertiser.o)
                0x00005142                ll_get_adv_status

i.ll_get_adv_type
                0x0000514e       0x16
 i.ll_get_adv_type
                0x0000514e       0x16 C:\Program Files (x86)\Cypress\PSoC Creator\3.3\PSoC Creator\psoc\content\cycomponentlibrary\CyComponentLibrary.cylib\BLE_v2_20\Library\gccCyBLEStack_BLE_SOC_PERIPHERAL.a(ll_advertiser.o)
                0x0000514e                ll_get_adv_type

i.ll_handle_adv_intr
                0x00005164       0x50
 i.ll_handle_adv_intr
                0x00005164       0x50 C:\Program Files (x86)\Cypress\PSoC Creator\3.3\PSoC Creator\psoc\content\cycomponentlibrary\CyComponentLibrary.cylib\BLE_v2_20\Library\gccCyBLEStack_BLE_SOC_PERIPHERAL.a(ll_advertiser.o)
                0x00005164                ll_handle_adv_intr

i.ll_handle_set_adv_data
                0x000051b4       0x14
 i.ll_handle_set_adv_data
                0x000051b4       0x14 C:\Program Files (x86)\Cypress\PSoC Creator\3.3\PSoC Creator\psoc\content\cycomponentlibrary\CyComponentLibrary.cylib\BLE_v2_20\Library\gccCyBLEStack_BLE_SOC_PERIPHERAL.a(ll_advertiser.o)
                0x000051b4                ll_handle_set_adv_data

i.ll_handle_set_adv_parameters
                0x000051c8       0x84
 i.ll_handle_set_adv_parameters
                0x000051c8       0x84 C:\Program Files (x86)\Cypress\PSoC Creator\3.3\PSoC Creator\psoc\content\cycomponentlibrary\CyComponentLibrary.cylib\BLE_v2_20\Library\gccCyBLEStack_BLE_SOC_PERIPHERAL.a(ll_advertiser.o)
                0x000051c8                ll_handle_set_adv_parameters

i.ll_handle_set_advertise_enable
                0x0000524c       0x70
 i.ll_handle_set_advertise_enable
                0x0000524c       0x70 C:\Program Files (x86)\Cypress\PSoC Creator\3.3\PSoC Creator\psoc\content\cycomponentlibrary\CyComponentLibrary.cylib\BLE_v2_20\Library\gccCyBLEStack_BLE_SOC_PERIPHERAL.a(ll_advertiser.o)
                0x0000524c                ll_handle_set_advertise_enable

i.ll_handle_set_scan_resp_data
                0x000052bc       0x14
 i.ll_handle_set_scan_resp_data
                0x000052bc       0x14 C:\Program Files (x86)\Cypress\PSoC Creator\3.3\PSoC Creator\psoc\content\cycomponentlibrary\CyComponentLibrary.cylib\BLE_v2_20\Library\gccCyBLEStack_BLE_SOC_PERIPHERAL.a(ll_advertiser.o)
                0x000052bc                ll_handle_set_scan_resp_data

i.ll_init_advertiser
                0x000052d0       0x68
 i.ll_init_advertiser
                0x000052d0       0x68 C:\Program Files (x86)\Cypress\PSoC Creator\3.3\PSoC Creator\psoc\content\cycomponentlibrary\CyComponentLibrary.cylib\BLE_v2_20\Library\gccCyBLEStack_BLE_SOC_PERIPHERAL.a(ll_advertiser.o)
                0x000052d0                ll_init_advertiser

i.is_le_connection_handle
                0x00005338       0x28
 i.is_le_connection_handle
                0x00005338       0x28 C:\Program Files (x86)\Cypress\PSoC Creator\3.3\PSoC Creator\psoc\content\cycomponentlibrary\CyComponentLibrary.cylib\BLE_v2_20\Library\gccCyBLEStack_BLE_SOC_PERIPHERAL.a(ll_connection.o)
                0x00005338                is_le_connection_handle

i.le_assign_connection_handle
                0x00005360       0x28
 i.le_assign_connection_handle
                0x00005360       0x28 C:\Program Files (x86)\Cypress\PSoC Creator\3.3\PSoC Creator\psoc\content\cycomponentlibrary\CyComponentLibrary.cylib\BLE_v2_20\Library\gccCyBLEStack_BLE_SOC_PERIPHERAL.a(ll_connection.o)
                0x00005360                le_assign_connection_handle

i.le_get_connection_index
                0x00005388        0x6
 i.le_get_connection_index
                0x00005388        0x6 C:\Program Files (x86)\Cypress\PSoC Creator\3.3\PSoC Creator\psoc\content\cycomponentlibrary\CyComponentLibrary.cylib\BLE_v2_20\Library\gccCyBLEStack_BLE_SOC_PERIPHERAL.a(ll_connection.o)
                0x00005388                le_get_connection_index

i.ll_allocate_connection
                0x00005390       0x44
 i.ll_allocate_connection
                0x00005390       0x44 C:\Program Files (x86)\Cypress\PSoC Creator\3.3\PSoC Creator\psoc\content\cycomponentlibrary\CyComponentLibrary.cylib\BLE_v2_20\Library\gccCyBLEStack_BLE_SOC_PERIPHERAL.a(ll_connection.o)
                0x00005390                ll_allocate_connection

i.ll_calculate_and_program_def_win_widen_drift
                0x000053d4       0x14
 i.ll_calculate_and_program_def_win_widen_drift
                0x000053d4       0x14 C:\Program Files (x86)\Cypress\PSoC Creator\3.3\PSoC Creator\psoc\content\cycomponentlibrary\CyComponentLibrary.cylib\BLE_v2_20\Library\gccCyBLEStack_BLE_SOC_PERIPHERAL.a(ll_connection.o)
                0x000053d4                ll_calculate_and_program_def_win_widen_drift

i.ll_calculate_drift
                0x000053e8       0x2c
 i.ll_calculate_drift
                0x000053e8       0x2c C:\Program Files (x86)\Cypress\PSoC Creator\3.3\PSoC Creator\psoc\content\cycomponentlibrary\CyComponentLibrary.cylib\BLE_v2_20\Library\gccCyBLEStack_BLE_SOC_PERIPHERAL.a(ll_connection.o)
                0x000053e8                ll_calculate_drift

i.ll_check_and_decrypt_ll_pdu
                0x00005414       0x68
 i.ll_check_and_decrypt_ll_pdu
                0x00005414       0x68 C:\Program Files (x86)\Cypress\PSoC Creator\3.3\PSoC Creator\psoc\content\cycomponentlibrary\CyComponentLibrary.cylib\BLE_v2_20\Library\gccCyBLEStack_BLE_SOC_PERIPHERAL.a(ll_connection.o)
                0x00005414                ll_check_and_decrypt_ll_pdu

i.ll_check_and_decrypt_packet
                0x0000547c       0x6a
 i.ll_check_and_decrypt_packet
                0x0000547c       0x6a C:\Program Files (x86)\Cypress\PSoC Creator\3.3\PSoC Creator\psoc\content\cycomponentlibrary\CyComponentLibrary.cylib\BLE_v2_20\Library\gccCyBLEStack_BLE_SOC_PERIPHERAL.a(ll_connection.o)
                0x0000547c                ll_check_and_decrypt_packet

i.ll_check_and_encrypt_ll_pdu
                0x000054e6       0x72
 i.ll_check_and_encrypt_ll_pdu
                0x000054e6       0x72 C:\Program Files (x86)\Cypress\PSoC Creator\3.3\PSoC Creator\psoc\content\cycomponentlibrary\CyComponentLibrary.cylib\BLE_v2_20\Library\gccCyBLEStack_BLE_SOC_PERIPHERAL.a(ll_connection.o)
                0x000054e6                ll_check_and_encrypt_ll_pdu

i.ll_check_and_encrypt_packet
                0x00005558       0x8a
 i.ll_check_and_encrypt_packet
                0x00005558       0x8a C:\Program Files (x86)\Cypress\PSoC Creator\3.3\PSoC Creator\psoc\content\cycomponentlibrary\CyComponentLibrary.cylib\BLE_v2_20\Library\gccCyBLEStack_BLE_SOC_PERIPHERAL.a(ll_connection.o)
                0x00005558                ll_check_and_encrypt_packet

i.ll_check_for_allowing_incoming_connection_update
                0x000055e2       0x42