Archive member included because of file (symbol)

.\CortexM0\ARM_GCC_493\Debug\EZtimer.a(cyfitter_cfg.o)
                              .\CortexM0\ARM_GCC_493\Debug\Cm0Start.o (cyfitter_cfg)
.\CortexM0\ARM_GCC_493\Debug\EZtimer.a(BLE.o)
                              .\CortexM0\ARM_GCC_493\Debug\main.o (CyBle_Start)
.\CortexM0\ARM_GCC_493\Debug\EZtimer.a(BLE_gatt.o)
                              .\CortexM0\ARM_GCC_493\Debug\BLEProcess.o (cyBle_state)
.\CortexM0\ARM_GCC_493\Debug\EZtimer.a(BLE_eventHandler.o)
                              .\CortexM0\ARM_GCC_493\Debug\BLEProcess.o (cyBle_connHandle)
.\CortexM0\ARM_GCC_493\Debug\EZtimer.a(BLE_custom.o)
                              .\CortexM0\ARM_GCC_493\Debug\EZtimer.a(BLE.o) (CyBle_CustomInit)
.\CortexM0\ARM_GCC_493\Debug\EZtimer.a(CyBootAsmGnu.o)
                              .\CortexM0\ARM_GCC_493\Debug\EZtimer.a(cyfitter_cfg.o) (CyDelayCycles)
.\CortexM0\ARM_GCC_493\Debug\EZtimer.a(CyLib.o)
                              .\CortexM0\ARM_GCC_493\Debug\EZtimer.a(cyfitter_cfg.o) (CySysClkWriteImoFreq)
.\CortexM0\ARM_GCC_493\Debug\EZtimer.a(CyLFClk.o)
                              .\CortexM0\ARM_GCC_493\Debug\EZtimer.a(cyfitter_cfg.o) (CySysClkWcoStart)
.\CortexM0\ARM_GCC_493\Debug\EZtimer.a(InputInterrupt.o)
                              .\CortexM0\ARM_GCC_493\Debug\main.o (InputInterrupt_StartEx)
.\CortexM0\ARM_GCC_493\Debug\EZtimer.a(InputPin.o)
                              .\CortexM0\ARM_GCC_493\Debug\main.o (InputPin_Read)
.\CortexM0\ARM_GCC_493\Debug\EZtimer.a(Pin_BLUE.o)
                              .\CortexM0\ARM_GCC_493\Debug\BLEProcess.o (Pin_BLUE_Write)
.\CortexM0\ARM_GCC_493\Debug\EZtimer.a(Pin_RED.o)
                              .\CortexM0\ARM_GCC_493\Debug\BLEProcess.o (Pin_RED_Write)
.\CortexM0\ARM_GCC_493\Debug\EZtimer.a(PWM_Beep.o)
                              .\CortexM0\ARM_GCC_493\Debug\main.o (PWM_Beep_Stop)
.\CortexM0\ARM_GCC_493\Debug\EZtimer.a(PWM_12.o)
                              .\CortexM0\ARM_GCC_493\Debug\servos.o (PWM_12_Stop)
C:\Program Files (x86)\Cypress\PSoC Creator\3.3\PSoC Creator\psoc\content\cycomponentlibrary\CyComponentLibrary.cylib\BLE_v2_20\Library\gccCyBLEStack_BLE_SOC_PERIPHERAL.a(CyBle.o)
                              .\CortexM0\ARM_GCC_493\Debug\main.o (CyBle_ProcessEvents)
C:\Program Files (x86)\Cypress\PSoC Creator\3.3\PSoC Creator\psoc\content\cycomponentlibrary\CyComponentLibrary.cylib\BLE_v2_20\Library\gccCyBLEStack_BLE_SOC_PERIPHERAL.a(CyBleStackMgrIP_Interface.o)
                              C:\Program Files (x86)\Cypress\PSoC Creator\3.3\PSoC Creator\psoc\content\cycomponentlibrary\CyComponentLibrary.cylib\BLE_v2_20\Library\gccCyBLEStack_BLE_SOC_PERIPHERAL.a(CyBle.o) (CyBleStackMgr_Init)
C:\Program Files (x86)\Cypress\PSoC Creator\3.3\PSoC Creator\psoc\content\cycomponentlibrary\CyComponentLibrary.cylib\BLE_v2_20\Library\gccCyBLEStack_BLE_SOC_PERIPHERAL.a(BT_os.o)
                              C:\Program Files (x86)\Cypress\PSoC Creator\3.3\PSoC Creator\psoc\content\cycomponentlibrary\CyComponentLibrary.cylib\BLE_v2_20\Library\gccCyBLEStack_BLE_SOC_PERIPHERAL.a(CyBleStackMgrIP_Interface.o) (cyBleStackMemoryConfig)
C:\Program Files (x86)\Cypress\PSoC Creator\3.3\PSoC Creator\psoc\content\cycomponentlibrary\CyComponentLibrary.cylib\BLE_v2_20\Library\gccCyBLEStack_BLE_SOC_PERIPHERAL.a(CyBleStackMgr_StackTaskHandler.o)
                              C:\Program Files (x86)\Cypress\PSoC Creator\3.3\PSoC Creator\psoc\content\cycomponentlibrary\CyComponentLibrary.cylib\BLE_v2_20\Library\gccCyBLEStack_BLE_SOC_PERIPHERAL.a(CyBleStackMgrIP_Interface.o) (CyBle_CreateBleStackTask)
C:\Program Files (x86)\Cypress\PSoC Creator\3.3\PSoC Creator\psoc\content\cycomponentlibrary\CyComponentLibrary.cylib\BLE_v2_20\Library\gccCyBLEStack_BLE_SOC_PERIPHERAL.a(transport_sf.o)
                              C:\Program Files (x86)\Cypress\PSoC Creator\3.3\PSoC Creator\psoc\content\cycomponentlibrary\CyComponentLibrary.cylib\BLE_v2_20\Library\gccCyBLEStack_BLE_SOC_PERIPHERAL.a(CyBleStackMgr_StackTaskHandler.o) (hci_soft_transport_notify_data_received)
C:\Program Files (x86)\Cypress\PSoC Creator\3.3\PSoC Creator\psoc\content\cycomponentlibrary\CyComponentLibrary.cylib\BLE_v2_20\Library\gccCyBLEStack_BLE_SOC_PERIPHERAL.a(CyBleStackMgr_PSoCHal.o)
                              C:\Program Files (x86)\Cypress\PSoC Creator\3.3\PSoC Creator\psoc\content\cycomponentlibrary\CyComponentLibrary.cylib\BLE_v2_20\Library\gccCyBLEStack_BLE_SOC_PERIPHERAL.a(CyBleStackMgrIP_Interface.o) (CyBleStackMgr_HalInit)
C:\Program Files (x86)\Cypress\PSoC Creator\3.3\PSoC Creator\psoc\content\cycomponentlibrary\CyComponentLibrary.cylib\BLE_v2_20\Library\gccCyBLEStack_BLE_SOC_PERIPHERAL.a(CyBleStackMgr_BleSSDriver.o)
[...]
Memory Configuration

Name             Origin             Length             Attributes
rom              0x00000000         0x00020000         xr
ram              0x20000000         0x00004000         xrw
*default*        0x00000000         0xffffffff

Linker script and memory map

LOAD c:/program files (x86)/cypress/psoc creator/3.3/psoc creator/import/gnu/arm/4.9.3/bin/../lib/gcc/arm-none-eabi/4.9.3/armv6-m/crti.o
LOAD c:/program files (x86)/cypress/psoc creator/3.3/psoc creator/import/gnu/arm/4.9.3/bin/../lib/gcc/arm-none-eabi/4.9.3/armv6-m/crtbegin.o
LOAD c:/program files (x86)/cypress/psoc creator/3.3/psoc creator/import/gnu/arm/4.9.3/bin/../lib/gcc/arm-none-eabi/4.9.3/../../../../arm-none-eabi/lib/armv6-m/crt0.o
START GROUP
LOAD .\CortexM0\ARM_GCC_493\Debug\main.o
LOAD .\CortexM0\ARM_GCC_493\Debug\BLEProcess.o
LOAD .\CortexM0\ARM_GCC_493\Debug\servos.o
LOAD .\CortexM0\ARM_GCC_493\Debug\WriteUserSFlash.o
LOAD .\CortexM0\ARM_GCC_493\Debug\cymetadata.o
LOAD .\CortexM0\ARM_GCC_493\Debug\Cm0Start.o
LOAD .\CortexM0\ARM_GCC_493\Debug\EZtimer.a
LOAD C:\Program Files (x86)\Cypress\PSoC Creator\3.3\PSoC Creator\psoc\content\cycomponentlibrary\CyComponentLibrary.cylib\BLE_v2_20\Library\gccCyBLEStack_BLE_SOC_PERIPHERAL.a
LOAD C:\Program Files (x86)\Cypress\PSoC Creator\3.3\PSoC Creator\psoc\content\cycomponentlibrary\CyComponentLibrary.cylib\CortexM0\ARM_GCC_493\Debug\CyComponentLibrary.a
END GROUP
START GROUP
LOAD c:/program files (x86)/cypress/psoc creator/3.3/psoc creator/import/gnu/arm/4.9.3/bin/../lib/gcc/arm-none-eabi/4.9.3/armv6-m\libgcc.a
LOAD c:/program files (x86)/cypress/psoc creator/3.3/psoc creator/import/gnu/arm/4.9.3/bin/../lib/gcc/arm-none-eabi/4.9.3/../../../../arm-none-eabi/lib/armv6-m\libg_nano.a
LOAD c:/program files (x86)/cypress/psoc creator/3.3/psoc creator/import/gnu/arm/4.9.3/bin/../lib/gcc/arm-none-eabi/4.9.3/../../../../arm-none-eabi/lib/armv6-m\libc_nano.a
END GROUP
START GROUP
LOAD c:/program files (x86)/cypress/psoc creator/3.3/psoc creator/import/gnu/arm/4.9.3/bin/../lib/gcc/arm-none-eabi/4.9.3/armv6-m\libgcc.a
LOAD c:/program files (x86)/cypress/psoc creator/3.3/psoc creator/import/gnu/arm/4.9.3/bin/../lib/gcc/arm-none-eabi/4.9.3/../../../../arm-none-eabi/lib/armv6-m\libc_nano.a
END GROUP
LOAD c:/program files (x86)/cypress/psoc creator/3.3/psoc creator/import/gnu/arm/4.9.3/bin/../lib/gcc/arm-none-eabi/4.9.3/armv6-m/crtend.o
LOAD c:/program files (x86)/cypress/psoc creator/3.3/psoc creator/import/gnu/arm/4.9.3/bin/../lib/gcc/arm-none-eabi/4.9.3/armv6-m/crtn.o
START GROUP
LOAD c:/program files (x86)/cypress/psoc creator/3.3/psoc creator/import/gnu/arm/4.9.3/bin/../lib/gcc/arm-none-eabi/4.9.3/armv6-m\libgcc.a
LOAD c:/program files (x86)/cypress/psoc creator/3.3/psoc creator/import/gnu/arm/4.9.3/bin/../lib/gcc/arm-none-eabi/4.9.3/../../../../arm-none-eabi/lib/armv6-m\libc.a
LOAD c:/program files (x86)/cypress/psoc creator/3.3/psoc creator/import/gnu/arm/4.9.3/bin/../lib/gcc/arm-none-eabi/4.9.3/../../../../arm-none-eabi/lib/armv6-m\libnosys.a
END GROUP
                0x00000000                CY_APPL_ORIGIN = 0x0
                0x00000080                CY_FLASH_ROW_SIZE = 0x80
                0x00000001                CY_APPL_NUM = 0x1
                0x00000001                CY_APPL_MAX = 0x1
                0x00000040                CY_METADATA_SIZE = 0x40
                0x00000000                CY_APPL_LOADABLE = 0x0
                0x00000000                CY_CHECKSUM_EXCLUDE_SIZE = ALIGN (0x0, CY_FLASH_ROW_SIZE)
                0x00000000                CY_APP_FOR_STACK_AND_COPIER = 0x0
                0x200027a0                PROVIDE (__cy_heap_start, _end)
                0x00000001                PROVIDE (__cy_region_num, ((__cy_regions_end - __cy_regions) / 0x10))
                0x20004000                PROVIDE (__cy_stack, (ORIGIN (ram) + 0x4000))
                0x20003800                PROVIDE (__cy_heap_end, (__cy_stack - 0x800))

.cybootloader   0x00000000        0x0
 *(.cybootloader)
                0x00000000                appl1_start = CY_APPL_ORIGIN?CY_APPL_ORIGIN:ALIGN (CY_FLASH_ROW_SIZE)
                0x0000ff80                appl2_start = (appl1_start + ALIGN ((((0x20000 - appl1_start) - (0x2 * CY_FLASH_ROW_SIZE)) / 0x2), CY_FLASH_ROW_SIZE))
                0x00000000                appl_start = (CY_APPL_NUM == 0x1)?appl1_start:appl2_start
                0x00000001                cy_project_type_bootloader = (appl_start == 0x0)?0x1:0x0
                0x00000000                cy_project_type_app_for_stack_and_copier = (CY_APP_FOR_STACK_AND_COPIER == 0x1)?0x1:0x0

.text           0x00000000     0x1964
 CREATE_OBJECT_SYMBOLS
                0x00000000                PROVIDE (__cy_interrupt_vector, RomVectors)
 *(.romvectors)
 .romvectors    0x00000000       0x10 .\CortexM0\ARM_GCC_493\Debug\Cm0Start.o
                0x00000000                RomVectors
                0x00000001                ASSERT ((. != __cy_interrupt_vector), No interrupt vector)
                0x00000001                ASSERT (CY_APPL_ORIGIN?(SIZEOF (.cybootloader) <= CY_APPL_ORIGIN):0x1, Wrong image location)
                0x00000010                PROVIDE (__cy_reset, Reset)
 *(.text.Reset)
 .text.Reset    0x00000010        0x8 .\CortexM0\ARM_GCC_493\Debug\Cm0Start.o
                0x00000010                Reset
                0x00000001                ASSERT ((. != __cy_reset), No reset code)
 *(.psocinit)
 .psocinit      0x00000018      0x2ac .\CortexM0\ARM_GCC_493\Debug\EZtimer.a(cyfitter_cfg.o)
                0x00000158                cyfitter_cfg
                0x000002c4                . = MAX (., 0x100)
 *(.text .text.* .gnu.linkonce.t.*)
 .text          0x000002c4       0x60 c:/program files (x86)/cypress/psoc creator/3.3/psoc creator/import/gnu/arm/4.9.3/bin/../lib/gcc/arm-none-eabi/4.9.3/armv6-m/crtbegin.o
 .text.SWPin_Control
                0x00000324       0x30 .\CortexM0\ARM_GCC_493\Debug\main.o
                0x00000324                SWPin_Control
 .text.InitializeSystem
                0x00000354       0x10 .\CortexM0\ARM_GCC_493\Debug\main.o
                0x00000354                InitializeSystem
 .text.main     0x00000364       0x30 .\CortexM0\ARM_GCC_493\Debug\main.o
                0x00000364                main
 .text.UpdateServocharacteristic
                0x00000394       0x30 .\CortexM0\ARM_GCC_493\Debug\BLEProcess.o
                0x00000394                UpdateServocharacteristic
 .text.GeneralEventHandler
                0x000003c4       0xb8 .\CortexM0\ARM_GCC_493\Debug\BLEProcess.o
                0x000003c4                GeneralEventHandler
 .text.UpdateServoPWM
                0x0000047c      0x24c .\CortexM0\ARM_GCC_493\Debug\servos.o
                0x0000047c                UpdateServoPWM
 .text.ReadArraySFlash
                0x000006c8       0x58 .\CortexM0\ARM_GCC_493\Debug\WriteUserSFlash.o
                0x000006c8                ReadArraySFlash
 .text.WriteUserSFlashRow
                0x00000720      0x138 .\CortexM0\ARM_GCC_493\Debug\WriteUserSFlash.o
                0x00000720                WriteUserSFlashRow
 .text.WriteArraySFlash
                0x00000858       0xa8 .\CortexM0\ARM_GCC_493\Debug\WriteUserSFlash.o
                0x00000858                WriteArraySFlash
 .text.IntDefaultHandler
                0x00000900        0x4 .\CortexM0\ARM_GCC_493\Debug\Cm0Start.o
                0x00000900                IntDefaultHandler
 .text.Start_c  0x00000904       0x48 .\CortexM0\ARM_GCC_493\Debug\Cm0Start.o
                0x00000904                Start_c
 .text.initialize_psoc
                0x0000094c       0x54 .\CortexM0\ARM_GCC_493\Debug\Cm0Start.o
                0x0000094c                initialize_psoc
 .text.CyClockStartupError
                0x000009a0        0x4 .\CortexM0\ARM_GCC_493\Debug\EZtimer.a(cyfitter_cfg.o)
 .text.cfg_write_bytes32
                0x000009a4       0x34 .\CortexM0\ARM_GCC_493\Debug\EZtimer.a(cyfitter_cfg.o)
 .text.AnalogSetDefault
                0x000009d8       0x20 .\CortexM0\ARM_GCC_493\Debug\EZtimer.a(cyfitter_cfg.o)
 .text.CYMEMZERO
                0x000009f8        0xc .\CortexM0\ARM_GCC_493\Debug\EZtimer.a(cyfitter_cfg.o)
 .text.CyBle_ServiceInit
                0x00000a04        0x8 .\CortexM0\ARM_GCC_493\Debug\EZtimer.a(BLE.o)
                0x00000a04                CyBle_ServiceInit
 .text.CyBle_Init
                0x00000a0c       0x24 .\CortexM0\ARM_GCC_493\Debug\EZtimer.a(BLE.o)
                0x00000a0c                CyBle_Init
 .text.CyBle_Start
                0x00000a30       0x84 .\CortexM0\ARM_GCC_493\Debug\EZtimer.a(BLE.o)
                0x00000a30                CyBle_Start
 .text.CyBle_GappStartAdvertisement
                0x00000ab4       0x8c .\CortexM0\ARM_GCC_493\Debug\EZtimer.a(BLE.o)
                0x00000ab4                CyBle_GappStartAdvertisement
 .text.CyBle_ChangeAdDeviceAddress
                0x00000b40        0x4 .\CortexM0\ARM_GCC_493\Debug\EZtimer.a(BLE.o)
                0x00000b40                CyBle_ChangeAdDeviceAddress
 .text.CyBle_Get16ByPtr
                0x00000b44        0xc .\CortexM0\ARM_GCC_493\Debug\EZtimer.a(BLE.o)
                0x00000b44                CyBle_Get16ByPtr
 .text.CyBle_GattsWriteEventHandler
                0x00000b50       0x58 .\CortexM0\ARM_GCC_493\Debug\EZtimer.a(BLE_gatt.o)
                0x00000b50                CyBle_GattsWriteEventHandler
 .text.CyBle_GattDisconnectEventHandler
                0x00000ba8       0x10 .\CortexM0\ARM_GCC_493\Debug\EZtimer.a(BLE_eventHandler.o)
 .text.CyBle_IsDeviceAddressValid
                0x00000bb8       0x24 .\CortexM0\ARM_GCC_493\Debug\EZtimer.a(BLE_eventHandler.o)
 .text.CyBle_WriteReqHandler
                0x00000bdc       0x38 .\CortexM0\ARM_GCC_493\Debug\EZtimer.a(BLE_eventHandler.o)
 .text.CyBle_EventHandler
                0x00000c14      0x1c4 .\CortexM0\ARM_GCC_493\Debug\EZtimer.a(BLE_eventHandler.o)
                0x00000c14                CyBle_EventHandler
 .text.CyBle_CustomInit
                0x00000dd8        0x4 .\CortexM0\ARM_GCC_493\Debug\EZtimer.a(BLE_custom.o)
                0x00000dd8                CyBle_CustomInit
 *fill*         0x00000ddc        0x4 
 .text          0x00000de0       0x20 .\CortexM0\ARM_GCC_493\Debug\EZtimer.a(CyBootAsmGnu.o)
                0x00000de0                CyDelayCycles
                0x00000df2                CyEnterCriticalSection
                0x00000dfa                CyExitCriticalSection
 .text.CySysClkWriteImoFreq
                0x00000e00       0x64 .\CortexM0\ARM_GCC_493\Debug\EZtimer.a(CyLib.o)
                0x00000e00                CySysClkWriteImoFreq
 .text.CySysClkEcoReadStatus
                0x00000e64       0x10 .\CortexM0\ARM_GCC_493\Debug\EZtimer.a(CyLib.o)
                0x00000e64                CySysClkEcoReadStatus
 .text.CyIntEnable
                0x00000e74       0x14 .\CortexM0\ARM_GCC_493\Debug\EZtimer.a(CyLib.o)
                0x00000e74                CyIntEnable
 .text.CyHalt   0x00000e88        0x4 .\CortexM0\ARM_GCC_493\Debug\EZtimer.a(CyLib.o)
                0x00000e88                CyHalt
 .text.CyIntSetVector
                0x00000e8c       0x24 .\CortexM0\ARM_GCC_493\Debug\EZtimer.a(CyLib.o)
                0x00000e8c                CyIntSetVector
 .text.CyDelay  0x00000eb0       0x30 .\CortexM0\ARM_GCC_493\Debug\EZtimer.a(CyLib.o)
                0x00000eb0                CyDelay
 .text.CyDelayUs
                0x00000ee0       0x14 .\CortexM0\ARM_GCC_493\Debug\EZtimer.a(CyLib.o)
                0x00000ee0                CyDelayUs
 .text.CySysClkEcoStart
                0x00000ef4       0x54 .\CortexM0\ARM_GCC_493\Debug\EZtimer.a(CyLib.o)
                0x00000ef4                CySysClkEcoStart
 .text.CySysWdtLocked
                0x00000f48       0x14 .\CortexM0\ARM_GCC_493\Debug\EZtimer.a(CyLFClk.o)
 .text.CySysClkWcoStart
                0x00000f5c       0x40 .\CortexM0\ARM_GCC_493\Debug\EZtimer.a(CyLFClk.o)
                0x00000f5c                CySysClkWcoStart
 .text.CySysClkWcoSetPowerMode
                0x00000f9c       0x80 .\CortexM0\ARM_GCC_493\Debug\EZtimer.a(CyLFClk.o)
                0x00000f9c                CySysClkWcoSetPowerMode
 .text.CySysWdtLock
                0x0000101c       0x1c .\CortexM0\ARM_GCC_493\Debug\EZtimer.a(CyLFClk.o)
                0x0000101c                CySysWdtLock
 .text.CySysWdtUnlock
                0x00001038       0x30 .\CortexM0\ARM_GCC_493\Debug\EZtimer.a(CyLFClk.o)
                0x00001038                CySysWdtUnlock
 .text.CySysWdtClearInterrupt
                0x00001068       0x4c .\CortexM0\ARM_GCC_493\Debug\EZtimer.a(CyLFClk.o)
                0x00001068                CySysWdtClearInterrupt
 .text.CySysWdtIsr
                0x000010b4       0xa4 .\CortexM0\ARM_GCC_493\Debug\EZtimer.a(CyLFClk.o)
                0x000010b4                CySysWdtIsr
 .text.InputInterrupt_SetVector
                0x00001158        0xc .\CortexM0\ARM_GCC_493\Debug\EZtimer.a(InputInterrupt.o)
                0x00001158                InputInterrupt_SetVector
 .text.InputInterrupt_SetPriority
                0x00001164       0x20 .\CortexM0\ARM_GCC_493\Debug\EZtimer.a(InputInterrupt.o)
                0x00001164                InputInterrupt_SetPriority
 .text.InputInterrupt_Enable
                0x00001184        0xc .\CortexM0\ARM_GCC_493\Debug\EZtimer.a(InputInterrupt.o)
                0x00001184                InputInterrupt_Enable
 .text.InputInterrupt_Disable
                0x00001190        0xc .\CortexM0\ARM_GCC_493\Debug\EZtimer.a(InputInterrupt.o)
                0x00001190                InputInterrupt_Disable
 .text.InputInterrupt_StartEx
                0x0000119c       0x1c .\CortexM0\ARM_GCC_493\Debug\EZtimer.a(InputInterrupt.o)
                0x0000119c                InputInterrupt_StartEx
 .text.InputPin_Read
                0x000011b8       0x10 .\CortexM0\ARM_GCC_493\Debug\EZtimer.a(InputPin.o)
                0x000011b8                InputPin_Read
 .text.InputPin_ClearInterrupt
                0x000011c8       0x14 .\CortexM0\ARM_GCC_493\Debug\EZtimer.a(InputPin.o)
                0x000011c8                InputPin_ClearInterrupt
 .text.Pin_BLUE_Write
                0x000011dc       0x18 .\CortexM0\ARM_GCC_493\Debug\EZtimer.a(Pin_BLUE.o)
                0x000011dc                Pin_BLUE_Write
 .text.Pin_RED_Write
                0x000011f4       0x18 .\CortexM0\ARM_GCC_493\Debug\EZtimer.a(Pin_RED.o)
                0x000011f4                Pin_RED_Write
 .text.PWM_Beep_Stop
                0x0000120c       0x1c .\CortexM0\ARM_GCC_493\Debug\EZtimer.a(PWM_Beep.o)
                0x0000120c                PWM_Beep_Stop
 .text.PWM_Beep_WriteCounter
                0x00001228       0x10 .\CortexM0\ARM_GCC_493\Debug\EZtimer.a(PWM_Beep.o)
                0x00001228                PWM_Beep_WriteCounter
 .text.PWM_Beep_WritePeriod
                0x00001238       0x10 .\CortexM0\ARM_GCC_493\Debug\EZtimer.a(PWM_Beep.o)
                0x00001238                PWM_Beep_WritePeriod
 .text.PWM_Beep_WriteCompare
                0x00001248       0x10 .\CortexM0\ARM_GCC_493\Debug\EZtimer.a(PWM_Beep.o)
                0x00001248                PWM_Beep_WriteCompare
 .text.PWM_Beep_TriggerCommand
                0x00001258       0x1c .\CortexM0\ARM_GCC_493\Debug\EZtimer.a(PWM_Beep.o)
                0x00001258                PWM_Beep_TriggerCommand
 .text.PWM_Beep_Enable
                0x00001274       0x24 .\CortexM0\ARM_GCC_493\Debug\EZtimer.a(PWM_Beep.o)
                0x00001274                PWM_Beep_Enable
 .text.PWM_Beep_SetInterruptMode
                0x00001298        0xc .\CortexM0\ARM_GCC_493\Debug\EZtimer.a(PWM_Beep.o)
                0x00001298                PWM_Beep_SetInterruptMode
 .text.PWM_Beep_Init
                0x000012a4       0x44 .\CortexM0\ARM_GCC_493\Debug\EZtimer.a(PWM_Beep.o)
                0x000012a4                PWM_Beep_Init
 .text.PWM_Beep_Start
                0x000012e8       0x20 .\CortexM0\ARM_GCC_493\Debug\EZtimer.a(PWM_Beep.o)
                0x000012e8                PWM_Beep_Start
 .text.PWM_12_Enable
                0x00001308       0x10 .\CortexM0\ARM_GCC_493\Debug\EZtimer.a(PWM_12.o)
                0x00001308                PWM_12_Enable
 .text.PWM_12_Stop
                0x00001318       0x10 .\CortexM0\ARM_GCC_493\Debug\EZtimer.a(PWM_12.o)
                0x00001318                PWM_12_Stop
 .text.PWM_12_WriteCounter
                0x00001328        0xc .\CortexM0\ARM_GCC_493\Debug\EZtimer.a(PWM_12.o)
                0x00001328                PWM_12_WriteCounter
 .text.PWM_12_WritePeriod
                0x00001334        0xc .\CortexM0\ARM_GCC_493\Debug\EZtimer.a(PWM_12.o)
                0x00001334                PWM_12_WritePeriod
 .text.PWM_12_WriteCompare1
                0x00001340        0xc .\CortexM0\ARM_GCC_493\Debug\EZtimer.a(PWM_12.o)
                0x00001340                PWM_12_WriteCompare1
 .text.PWM_12_WriteCompare2
                0x0000134c        0xc .\CortexM0\ARM_GCC_493\Debug\EZtimer.a(PWM_12.o)
                0x0000134c                PWM_12_WriteCompare2
 .text.PWM_12_SetInterruptMode
                0x00001358        0xc .\CortexM0\ARM_GCC_493\Debug\EZtimer.a(PWM_12.o)
                0x00001358                PWM_12_SetInterruptMode
 .text.PWM_12_ReadStatusRegister
                0x00001364        0xc .\CortexM0\ARM_GCC_493\Debug\EZtimer.a(PWM_12.o)
                0x00001364                PWM_12_ReadStatusRegister
 .text.PWM_12_ReadCapture
                0x00001370        0xc .\CortexM0\ARM_GCC_493\Debug\EZtimer.a(PWM_12.o)
                0x00001370                PWM_12_ReadCapture
 .text.PWM_12_ClearFIFO
                0x0000137c       0x14 .\CortexM0\ARM_GCC_493\Debug\EZtimer.a(PWM_12.o)
                0x0000137c                PWM_12_ClearFIFO
 .text.PWM_12_Init
                0x00001390       0x74 .\CortexM0\ARM_GCC_493\Debug\EZtimer.a(PWM_12.o)
                0x00001390                PWM_12_Init
 .text.PWM_12_Start
                0x00001404       0x20 .\CortexM0\ARM_GCC_493\Debug\EZtimer.a(PWM_12.o)
                0x00001404                PWM_12_Start
 .text.CyBLE_Bless_LlRegWrite
                0x00001424        0x4 .\CortexM0\ARM_GCC_493\Debug\EZtimer.a(BLE_HAL_PVT.o)
                0x00001424                CyBLE_Bless_LlRegWrite
 .text.CyBLE_Bless_RfRegWrite
                0x00001428        0x4 .\CortexM0\ARM_GCC_493\Debug\EZtimer.a(BLE_HAL_PVT.o)
                0x00001428                CyBLE_Bless_RfRegWrite
 .text.CyBLE_BlessDeviceConfig
                0x0000142c       0xdc .\CortexM0\ARM_GCC_493\Debug\EZtimer.a(BLE_HAL_PVT.o)
                0x0000142c                CyBLE_BlessDeviceConfig
 .text.CyBleHal_DelayUs
                0x00001508        0x8 .\CortexM0\ARM_GCC_493\Debug\EZtimer.a(BLE_HAL_PVT.o)
                0x00001508                CyBleHal_DelayUs
 .text.CyBleHal_EnableGlobalInterrupts
                0x00001510        0x8 .\CortexM0\ARM_GCC_493\Debug\EZtimer.a(BLE_HAL_PVT.o)
                0x00001510                CyBleHal_EnableGlobalInterrupts
 .text.CyBleHal_DisableGlobalInterrupts
                0x00001518        0x8 .\CortexM0\ARM_GCC_493\Debug\EZtimer.a(BLE_HAL_PVT.o)
                0x00001518                CyBleHal_DisableGlobalInterrupts
 .text.CyBle_HalInit
                0x00001520       0x18 .\CortexM0\ARM_GCC_493\Debug\EZtimer.a(BLE_HAL_PVT.o)
                0x00001520                CyBle_HalInit
 .text.CYBLE_BlessStart
                0x00001538       0x10 .\CortexM0\ARM_GCC_493\Debug\EZtimer.a(BLE_HAL_PVT.o)
                0x00001538                CYBLE_BlessStart
 .text.BLE_bless_isr_SetVector
                0x00001548        0xc .\CortexM0\ARM_GCC_493\Debug\EZtimer.a(BLE_bless_isr.o)
                0x00001548                BLE_bless_isr_SetVector
 .text.BLE_bless_isr_SetPriority
                0x00001554       0x20 .\CortexM0\ARM_GCC_493\Debug\EZtimer.a(BLE_bless_isr.o)
                0x00001554                BLE_bless_isr_SetPriority
 .text.BLE_bless_isr_Enable
                0x00001574       0x10 .\CortexM0\ARM_GCC_493\Debug\EZtimer.a(BLE_bless_isr.o)
                0x00001574                BLE_bless_isr_Enable
 .text.BLE_bless_isr_Disable
                0x00001584       0x10 .\CortexM0\ARM_GCC_493\Debug\EZtimer.a(BLE_bless_isr.o)
                0x00001584                BLE_bless_isr_Disable
 .text.BLE_bless_isr_StartEx
                0x00001594       0x1c .\CortexM0\ARM_GCC_493\Debug\EZtimer.a(BLE_bless_isr.o)
                0x00001594                BLE_bless_isr_StartEx
 .text.CySysPmSleep
                0x000015b0       0x1c .\CortexM0\ARM_GCC_493\Debug\EZtimer.a(cyPm.o)
                0x000015b0                CySysPmSleep
 .text.CyBLE_Bless_Interrupt
                0x000015cc        0x8 .\CortexM0\ARM_GCC_493\Debug\EZtimer.a(BLE_HAL_INT.o)
                0x000015cc                CyBLE_Bless_Interrupt
 .text          0x000015d4      0x120 c:/program files (x86)/cypress/psoc creator/3.3/psoc creator/import/gnu/arm/4.9.3/bin/../lib/gcc/arm-none-eabi/4.9.3/armv6-m\libgcc.a(_udivsi3.o)
                0x000015d4                __aeabi_uidiv
                0x000015d4                __udivsi3
                0x000016e0                __aeabi_uidivmod
 .text          0x000016f4      0x1e0 c:/program files (x86)/cypress/psoc creator/3.3/psoc creator/import/gnu/arm/4.9.3/bin/../lib/gcc/arm-none-eabi/4.9.3/armv6-m\libgcc.a(_divsi3.o)
                0x000016f4                __divsi3
                0x000016f4                __aeabi_idiv
                0x000018c0                __aeabi_idivmod
 .text          0x000018d4        0x4 c:/program files (x86)/cypress/psoc creator/3.3/psoc creator/import/gnu/arm/4.9.3/bin/../lib/gcc/arm-none-eabi/4.9.3/armv6-m\libgcc.a(_dvmd_tls.o)
                0x000018d4                __aeabi_idiv0
                0x000018d4                __aeabi_ldiv0
 .text.__libc_init_array
                0x000018d8       0x4c c:/program files (x86)/cypress/psoc creator/3.3/psoc creator/import/gnu/arm/4.9.3/bin/../lib/gcc/arm-none-eabi/4.9.3/../../../../arm-none-eabi/lib/armv6-m\libg_nano.a(lib_a-init.o)
                0x000018d8                __libc_init_array
 .text.memcmp   0x00001924       0x1e c:/program files (x86)/cypress/psoc creator/3.3/psoc creator/import/gnu/arm/4.9.3/bin/../lib/gcc/arm-none-eabi/4.9.3/../../../../arm-none-eabi/lib/armv6-m\libg_nano.a(lib_a-memcmp.o)
                0x00001924                memcmp
 .text.memcpy   0x00001942       0x12 c:/program files (x86)/cypress/psoc creator/3.3/psoc creator/import/gnu/arm/4.9.3/bin/../lib/gcc/arm-none-eabi/4.9.3/../../../../arm-none-eabi/lib/armv6-m\libg_nano.a(lib_a-memcpy.o)
                0x00001942                memcpy
 .text.memset   0x00001954       0x10 c:/program files (x86)/cypress/psoc creator/3.3/psoc creator/import/gnu/arm/4.9.3/bin/../lib/gcc/arm-none-eabi/4.9.3/../../../../arm-none-eabi/lib/armv6-m\libg_nano.a(lib_a-memset.o)
                0x00001954                memset
 *(.plt)
 *(.gnu.warning)
 *(.glue_7t)
 .glue_7t       0x00000000        0x0 linker stubs
 *(.glue_7)
 .glue_7        0x00000000        0x0 linker stubs
 *(.vfp11_veneer)
 .vfp11_veneer  0x00000000        0x0 linker stubs
 *(.bootloader)
 *(.ARM.extab* .gnu.linkonce.armextab.*)
 *(.gcc_except_table)

.v4_bx          0x00001964        0x0
 .v4_bx         0x00000000        0x0 linker stubs

.iplt           0x00001964        0x0
 .iplt          0x00000000        0x0 c:/program files (x86)/cypress/psoc creator/3.3/psoc creator/import/gnu/arm/4.9.3/bin/../lib/gcc/arm-none-eabi/4.9.3/armv6-m/crtbegin.o

i.CyBle_ExitLPM
                0x00001964        0x8
 i.CyBle_ExitLPM
                0x00001964        0x8 C:\Program Files (x86)\Cypress\PSoC Creator\3.3\PSoC Creator\psoc\content\cycomponentlibrary\CyComponentLibrary.cylib\BLE_v2_20\Library\gccCyBLEStack_BLE_SOC_PERIPHERAL.a(CyBle.o)
                0x00001964                CyBle_ExitLPM

i.CyBle_ProcessEvents
                0x0000196c        0x8
 i.CyBle_ProcessEvents
                0x0000196c        0x8 C:\Program Files (x86)\Cypress\PSoC Creator\3.3\PSoC Creator\psoc\content\cycomponentlibrary\CyComponentLibrary.cylib\BLE_v2_20\Library\gccCyBLEStack_BLE_SOC_PERIPHERAL.a(CyBle.o)
                0x0000196c                CyBle_ProcessEvents

i.CyBle_SetDeviceAddress
                0x00001974       0x24
 i.CyBle_SetDeviceAddress
                0x00001974       0x24 C:\Program Files (x86)\Cypress\PSoC Creator\3.3\PSoC Creator\psoc\content\cycomponentlibrary\CyComponentLibrary.cylib\BLE_v2_20\Library\gccCyBLEStack_BLE_SOC_PERIPHERAL.a(CyBle.o)
                0x00001974                CyBle_SetDeviceAddress

i.CyBle_StackInit
                0x00001998       0xfc
 i.CyBle_StackInit
                0x00001998       0xfc C:\Program Files (x86)\Cypress\PSoC Creator\3.3\PSoC Creator\psoc\content\cycomponentlibrary\CyComponentLibrary.cylib\BLE_v2_20\Library\gccCyBLEStack_BLE_SOC_PERIPHERAL.a(CyBle.o)
                0x00001998                CyBle_StackInit

i.CyBle_StackValidateInputParams
                0x00001a94       0xf4
 i.CyBle_StackValidateInputParams
                0x00001a94       0xf4 C:\Program Files (x86)\Cypress\PSoC Creator\3.3\PSoC Creator\psoc\content\cycomponentlibrary\CyComponentLibrary.cylib\BLE_v2_20\Library\gccCyBLEStack_BLE_SOC_PERIPHERAL.a(CyBle.o)

i.__ARM_common_switch8
                0x00001b88       0x1a
 i.__ARM_common_switch8
                0x00001b88       0x1a C:\Program Files (x86)\Cypress\PSoC Creator\3.3\PSoC Creator\psoc\content\cycomponentlibrary\CyComponentLibrary.cylib\BLE_v2_20\Library\gccCyBLEStack_BLE_SOC_PERIPHERAL.a(CyBle.o)
                0x00001b88                __ARM_common_switch8

i.CyBleStackMgr_Init
                0x00001ba4       0x9c
 i.CyBleStackMgr_Init
                0x00001ba4       0x9c C:\Program Files (x86)\Cypress\PSoC Creator\3.3\PSoC Creator\psoc\content\cycomponentlibrary\CyComponentLibrary.cylib\BLE_v2_20\Library\gccCyBLEStack_BLE_SOC_PERIPHERAL.a(CyBleStackMgrIP_Interface.o)
                0x00001ba4                CyBleStackMgr_Init

i.CyBleStackMgr_ProcessBleEvents
                0x00001c40       0x14
 i.CyBleStackMgr_ProcessBleEvents
                0x00001c40       0x14 C:\Program Files (x86)\Cypress\PSoC Creator\3.3\PSoC Creator\psoc\content\cycomponentlibrary\CyComponentLibrary.cylib\BLE_v2_20\Library\gccCyBLEStack_BLE_SOC_PERIPHERAL.a(CyBleStackMgrIP_Interface.o)
                0x00001c40                CyBleStackMgr_ProcessBleEvents

i.CyBle_GetHeapMemory
                0x00001c54       0x28
 i.CyBle_GetHeapMemory
                0x00001c54       0x28 C:\Program Files (x86)\Cypress\PSoC Creator\3.3\PSoC Creator\psoc\content\cycomponentlibrary\CyComponentLibrary.cylib\BLE_v2_20\Library\gccCyBLEStack_BLE_SOC_PERIPHERAL.a(CyBleStackMgrIP_Interface.o)
                0x00001c54                CyBle_GetHeapMemory

i.CyBle_GetNumAppBufferPools
                0x00001c7c        0xc
 i.CyBle_GetNumAppBufferPools
                0x00001c7c        0xc C:\Program Files (x86)\Cypress\PSoC Creator\3.3\PSoC Creator\psoc\content\cycomponentlibrary\CyComponentLibrary.cylib\BLE_v2_20\Library\gccCyBLEStack_BLE_SOC_PERIPHERAL.a(CyBleStackMgrIP_Interface.o)
                0x00001c7c                CyBle_GetNumAppBufferPools

i.CyBle_HostStackBufferPoolInit
                0x00001c88       0xec
 i.CyBle_HostStackBufferPoolInit
                0x00001c88       0xec C:\Program Files (x86)\Cypress\PSoC Creator\3.3\PSoC Creator\psoc\content\cycomponentlibrary\CyComponentLibrary.cylib\BLE_v2_20\Library\gccCyBLEStack_BLE_SOC_PERIPHERAL.a(CyBleStackMgrIP_Interface.o)

i.ble_stack_idle_task_callback
                0x00001d74        0x2
 i.ble_stack_idle_task_callback
                0x00001d74        0x2 C:\Program Files (x86)\Cypress\PSoC Creator\3.3\PSoC Creator\psoc\content\cycomponentlibrary\CyComponentLibrary.cylib\BLE_v2_20\Library\gccCyBLEStack_BLE_SOC_PERIPHERAL.a(CyBleStackMgrIP_Interface.o)
                0x00001d74                ble_stack_idle_task_callback

i.BT_OSFreeBuf  0x00001d78       0x20
 i.BT_OSFreeBuf
                0x00001d78       0x20 C:\Program Files (x86)\Cypress\PSoC Creator\3.3\PSoC Creator\psoc\content\cycomponentlibrary\CyComponentLibrary.cylib\BLE_v2_20\Library\gccCyBLEStack_BLE_SOC_PERIPHERAL.a(BT_os.o)
                0x00001d78                BT_OSFreeBuf

i.BT_OSGetBuF   0x00001d98       0x34
 i.BT_OSGetBuF  0x00001d98       0x34 C:\Program Files (x86)\Cypress\PSoC Creator\3.3\PSoC Creator\psoc\content\cycomponentlibrary\CyComponentLibrary.cylib\BLE_v2_20\Library\gccCyBLEStack_BLE_SOC_PERIPHERAL.a(BT_os.o)
                0x00001d98                BT_OSGetBuF

i.BT_OSMemCreate
                0x00001dcc       0x3c
 i.BT_OSMemCreate
                0x00001dcc       0x3c C:\Program Files (x86)\Cypress\PSoC Creator\3.3\PSoC Creator\psoc\content\cycomponentlibrary\CyComponentLibrary.cylib\BLE_v2_20\Library\gccCyBLEStack_BLE_SOC_PERIPHERAL.a(BT_os.o)
                0x00001dcc                BT_OSMemCreate

i.BT_alloc_mem_ext
                0x00001e08       0x3c
 i.BT_alloc_mem_ext
                0x00001e08       0x3c C:\Program Files (x86)\Cypress\PSoC Creator\3.3\PSoC Creator\psoc\content\cycomponentlibrary\CyComponentLibrary.cylib\BLE_v2_20\Library\gccCyBLEStack_BLE_SOC_PERIPHERAL.a(BT_os.o)
                0x00001e08                BT_alloc_mem_ext

i.BT_free_mem   0x00001e44        0xc
 i.BT_free_mem  0x00001e44        0xc C:\Program Files (x86)\Cypress\PSoC Creator\3.3\PSoC Creator\psoc\content\cycomponentlibrary\CyComponentLibrary.cylib\BLE_v2_20\Library\gccCyBLEStack_BLE_SOC_PERIPHERAL.a(BT_os.o)
                0x00001e44                BT_free_mem

i.bt_stack_create_buffer_pool
                0x00001e50       0x30
 i.bt_stack_create_buffer_pool
                0x00001e50       0x30 C:\Program Files (x86)\Cypress\PSoC Creator\3.3\PSoC Creator\psoc\content\cycomponentlibrary\CyComponentLibrary.cylib\BLE_v2_20\Library\gccCyBLEStack_BLE_SOC_PERIPHERAL.a(BT_os.o)
                0x00001e50                bt_stack_create_buffer_pool

i.CyBle_CheckBleStackTaskStatus
                0x00001e80        0x4
 i.CyBle_CheckBleStackTaskStatus
                0x00001e80        0x4 C:\Program Files (x86)\Cypress\PSoC Creator\3.3\PSoC Creator\psoc\content\cycomponentlibrary\CyComponentLibrary.cylib\BLE_v2_20\Library\gccCyBLEStack_BLE_SOC_PERIPHERAL.a(CyBleStackMgr_StackTaskHandler.o)
                0x00001e80                CyBle_CheckBleStackTaskStatus

i.CyBle_CreateBleStackTask
                0x00001e84       0x2c
 i.CyBle_CreateBleStackTask
                0x00001e84       0x2c C:\Program Files (x86)\Cypress\PSoC Creator\3.3\PSoC Creator\psoc\content\cycomponentlibrary\CyComponentLibrary.cylib\BLE_v2_20\Library\gccCyBLEStack_BLE_SOC_PERIPHERAL.a(CyBleStackMgr_StackTaskHandler.o)
                0x00001e84                CyBle_CreateBleStackTask

i.CyBle_SignalBleStackTask
                0x00001eb0       0x50
 i.CyBle_SignalBleStackTask
                0x00001eb0       0x50 C:\Program Files (x86)\Cypress\PSoC Creator\3.3\PSoC Creator\psoc\content\cycomponentlibrary\CyComponentLibrary.cylib\BLE_v2_20\Library\gccCyBLEStack_BLE_SOC_PERIPHERAL.a(CyBleStackMgr_StackTaskHandler.o)
                0x00001eb0                CyBle_SignalBleStackTask

i.CyBle_StackTaskHandler
                0x00001f00       0x5c
 i.CyBle_StackTaskHandler
                0x00001f00       0x5c C:\Program Files (x86)\Cypress\PSoC Creator\3.3\PSoC Creator\psoc\content\cycomponentlibrary\CyComponentLibrary.cylib\BLE_v2_20\Library\gccCyBLEStack_BLE_SOC_PERIPHERAL.a(CyBleStackMgr_StackTaskHandler.o)
                0x00001f00                CyBle_StackTaskHandler

i.hci_soft_transport_notify_data_received
                0x00001f5c        0xc
 i.hci_soft_transport_notify_data_received
                0x00001f5c        0xc C:\Program Files (x86)\Cypress\PSoC Creator\3.3\PSoC Creator\psoc\content\cycomponentlibrary\CyComponentLibrary.cylib\BLE_v2_20\Library\gccCyBLEStack_BLE_SOC_PERIPHERAL.a(transport_sf.o)
                0x00001f5c                hci_soft_transport_notify_data_received

i.hci_soft_transport_rx_data
                0x00001f68       0x40
 i.hci_soft_transport_rx_data
                0x00001f68       0x40 C:\Program Files (x86)\Cypress\PSoC Creator\3.3\PSoC Creator\psoc\content\cycomponentlibrary\CyComponentLibrary.cylib\BLE_v2_20\Library\gccCyBLEStack_BLE_SOC_PERIPHERAL.a(transport_sf.o)
                0x00001f68                hci_soft_transport_rx_data

i.hci_transport_bt_init
                0x00001fa8        0x2
 i.hci_transport_bt_init
                0x00001fa8        0x2 C:\Program Files (x86)\Cypress\PSoC Creator\3.3\PSoC Creator\psoc\content\cycomponentlibrary\CyComponentLibrary.cylib\BLE_v2_20\Library\gccCyBLEStack_BLE_SOC_PERIPHERAL.a(transport_sf.o)
                0x00001fa8                hci_transport_bt_init

i.hci_transport_init
                0x00001fac       0x10
 i.hci_transport_init
                0x00001fac       0x10 C:\Program Files (x86)\Cypress\PSoC Creator\3.3\PSoC Creator\psoc\content\cycomponentlibrary\CyComponentLibrary.cylib\BLE_v2_20\Library\gccCyBLEStack_BLE_SOC_PERIPHERAL.a(transport_sf.o)
                0x00001fac                hci_transport_init

i.hci_transport_write_data
                0x00001fbc       0xd4
 i.hci_transport_write_data
                0x00001fbc       0xd4 C:\Program Files (x86)\Cypress\PSoC Creator\3.3\PSoC Creator\psoc\content\cycomponentlibrary\CyComponentLibrary.cylib\BLE_v2_20\Library\gccCyBLEStack_BLE_SOC_PERIPHERAL.a(transport_sf.o)
                0x00001fbc                hci_transport_write_data

i.pf_hci_soft_transport_write
                0x00002090       0x44
 i.pf_hci_soft_transport_write
                0x00002090       0x44 C:\Program Files (x86)\Cypress\PSoC Creator\3.3\PSoC Creator\psoc\content\cycomponentlibrary\CyComponentLibrary.cylib\BLE_v2_20\Library\gccCyBLEStack_BLE_SOC_PERIPHERAL.a(transport_sf.o)
                0x00002090                pf_hci_soft_transport_write

i.pf_soft_hci_transport_init
                0x000020d4        0xc
 i.pf_soft_hci_transport_init
                0x000020d4        0xc C:\Program Files (x86)\Cypress\PSoC Creator\3.3\PSoC Creator\psoc\content\cycomponentlibrary\CyComponentLibrary.cylib\BLE_v2_20\Library\gccCyBLEStack_BLE_SOC_PERIPHERAL.a(transport_sf.o)
                0x000020d4                pf_soft_hci_transport_init

i.CyBleStackMgr_GetTime
                0x000020e0       0x14
 i.CyBleStackMgr_GetTime
                0x000020e0       0x14 C:\Program Files (x86)\Cypress\PSoC Creator\3.3\PSoC Creator\psoc\content\cycomponentlibrary\CyComponentLibrary.cylib\BLE_v2_20\Library\gccCyBLEStack_BLE_SOC_PERIPHERAL.a(CyBleStackMgr_PSoCHal.o)
                0x000020e0                CyBleStackMgr_GetTime

i.CyBleStackMgr_HalInit
                0x000020f4       0x24
 i.CyBleStackMgr_HalInit
                0x000020f4       0x24 C:\Program Files (x86)\Cypress\PSoC Creator\3.3\PSoC Creator\psoc\content\cycomponentlibrary\CyComponentLibrary.cylib\BLE_v2_20\Library\gccCyBLEStack_BLE_SOC_PERIPHERAL.a(CyBleStackMgr_PSoCHal.o)
                0x000020f4                CyBleStackMgr_HalInit

i.CyBleStackMgr_HalIntrEnable
                0x00002118        0x8
 i.CyBleStackMgr_HalIntrEnable
                0x00002118        0x8 C:\Program Files (x86)\Cypress\PSoC Creator\3.3\PSoC Creator\psoc\content\cycomponentlibrary\CyComponentLibrary.cylib\BLE_v2_20\Library\gccCyBLEStack_BLE_SOC_PERIPHERAL.a(CyBleStackMgr_PSoCHal.o)
                0x00002118                CyBleStackMgr_HalIntrEnable

i.CyBleStackMgr_HandleLinkLayerTick
                0x00002120       0x5c
 i.CyBleStackMgr_HandleLinkLayerTick
                0x00002120       0x5c C:\Program Files (x86)\Cypress\PSoC Creator\3.3\PSoC Creator\psoc\content\cycomponentlibrary\CyComponentLibrary.cylib\BLE_v2_20\Library\gccCyBLEStack_BLE_SOC_PERIPHERAL.a(CyBleStackMgr_PSoCHal.o)
                0x00002120                CyBleStackMgr_HandleLinkLayerTick

i.CyBleStackMgr_HciPortInit
                0x0000217c        0xc
 i.CyBleStackMgr_HciPortInit
                0x0000217c        0xc C:\Program Files (x86)\Cypress\PSoC Creator\3.3\PSoC Creator\psoc\content\cycomponentlibrary\CyComponentLibrary.cylib\BLE_v2_20\Library\gccCyBLEStack_BLE_SOC_PERIPHERAL.a(CyBleStackMgr_PSoCHal.o)
                0x0000217c                CyBleStackMgr_HciPortInit

i.CyBleStackMgr_HciPortReset
                0x00002188        0x2
 i.CyBleStackMgr_HciPortReset
                0x00002188        0x2 C:\Program Files (x86)\Cypress\PSoC Creator\3.3\PSoC Creator\psoc\content\cycomponentlibrary\CyComponentLibrary.cylib\BLE_v2_20\Library\gccCyBLEStack_BLE_SOC_PERIPHERAL.a(CyBleStackMgr_PSoCHal.o)
                0x00002188                CyBleStackMgr_HciPortReset

i.CyBleStackMgr_HciPortWrite
                0x0000218a        0x8
 i.CyBleStackMgr_HciPortWrite
                0x0000218a        0x8 C:\Program Files (x86)\Cypress\PSoC Creator\3.3\PSoC Creator\psoc\content\cycomponentlibrary\CyComponentLibrary.cylib\BLE_v2_20\Library\gccCyBLEStack_BLE_SOC_PERIPHERAL.a(CyBleStackMgr_PSoCHal.o)
                0x0000218a                CyBleStackMgr_HciPortWrite

i.CyBleStackMgr_ResetLinkLayerTimerEntity
                0x00002194       0x14
 i.CyBleStackMgr_ResetLinkLayerTimerEntity
                0x00002194       0x14 C:\Program Files (x86)\Cypress\PSoC Creator\3.3\PSoC Creator\psoc\content\cycomponentlibrary\CyComponentLibrary.cylib\BLE_v2_20\Library\gccCyBLEStack_BLE_SOC_PERIPHERAL.a(CyBleStackMgr_PSoCHal.o)
                0x00002194                CyBleStackMgr_ResetLinkLayerTimerEntity

i.CyBleStackMgr_TimerStart
                0x000021a8       0x2c
 i.CyBleStackMgr_TimerStart
                0x000021a8       0x2c C:\Program Files (x86)\Cypress\PSoC Creator\3.3\PSoC Creator\psoc\content\cycomponentlibrary\CyComponentLibrary.cylib\BLE_v2_20\Library\gccCyBLEStack_BLE_SOC_PERIPHERAL.a(CyBleStackMgr_PSoCHal.o)
                0x000021a8                CyBleStackMgr_TimerStart

i.CyBleStackMgr_TimerStop
                0x000021d4       0x18
 i.CyBleStackMgr_TimerStop
                0x000021d4       0x18 C:\Program Files (x86)\Cypress\PSoC Creator\3.3\PSoC Creator\psoc\content\cycomponentlibrary\CyComponentLibrary.cylib\BLE_v2_20\Library\gccCyBLEStack_BLE_SOC_PERIPHERAL.a(CyBleStackMgr_PSoCHal.o)
                0x000021d4                CyBleStackMgr_TimerStop

i.CyBleStackMgr_isTimerRunning
                0x000021ec       0x10
 i.CyBleStackMgr_isTimerRunning
                0x000021ec       0x10 C:\Program Files (x86)\Cypress\PSoC Creator\3.3\PSoC Creator\psoc\content\cycomponentlibrary\CyComponentLibrary.cylib\BLE_v2_20\Library\gccCyBLEStack_BLE_SOC_PERIPHERAL.a(CyBleStackMgr_PSoCHal.o)
                0x000021ec                CyBleStackMgr_isTimerRunning

i.CyBleAtlantisRadioInit
                0x000021fc      0x110
 i.CyBleAtlantisRadioInit
                0x000021fc      0x110 C:\Program Files (x86)\Cypress\PSoC Creator\3.3\PSoC Creator\psoc\content\cycomponentlibrary\CyComponentLibrary.cylib\BLE_v2_20\Library\gccCyBLEStack_BLE_SOC_PERIPHERAL.a(CyBleStackMgr_BleSSDriver.o)

i.CyBleStackMgr_BleSSFifoRead
                0x0000230c       0x38
 i.CyBleStackMgr_BleSSFifoRead
                0x0000230c       0x38 C:\Program Files (x86)\Cypress\PSoC Creator\3.3\PSoC Creator\psoc\content\cycomponentlibrary\CyComponentLibrary.cylib\BLE_v2_20\Library\gccCyBLEStack_BLE_SOC_PERIPHERAL.a(CyBleStackMgr_BleSSDriver.o)
                0x0000230c                CyBleStackMgr_BleSSFifoRead

i.CyBleStackMgr_BleSSFifoWrite
                0x00002344       0x30
 i.CyBleStackMgr_BleSSFifoWrite
                0x00002344       0x30 C:\Program Files (x86)\Cypress\PSoC Creator\3.3\PSoC Creator\psoc\content\cycomponentlibrary\CyComponentLibrary.cylib\BLE_v2_20\Library\gccCyBLEStack_BLE_SOC_PERIPHERAL.a(CyBleStackMgr_BleSSDriver.o)
                0x00002344                CyBleStackMgr_BleSSFifoWrite

i.CyBleStackMgr_BleSSInit
                0x00002374       0x50
 i.CyBleStackMgr_BleSSInit
                0x00002374       0x50 C:\Program Files (x86)\Cypress\PSoC Creator\3.3\PSoC Creator\psoc\content\cycomponentlibrary\CyComponentLibrary.cylib\BLE_v2_20\Library\gccCyBLEStack_BLE_SOC_PERIPHERAL.a(CyBleStackMgr_BleSSDriver.o)
                0x00002374                CyBleStackMgr_BleSSInit

i.CyBleStackMgr_BleSSMemRead
                0x000023c4       0x26
 i.CyBleStackMgr_BleSSMemRead
                0x000023c4       0x26 C:\Program Files (x86)\Cypress\PSoC Creator\3.3\PSoC Creator\psoc\content\cycomponentlibrary\CyComponentLibrary.cylib\BLE_v2_20\Library\gccCyBLEStack_BLE_SOC_PERIPHERAL.a(CyBleStackMgr_BleSSDriver.o)
                0x000023c4                CyBleStackMgr_BleSSMemRead

i.CyBleStackMgr_BleSSMemWrite
                0x000023ec       0x34
 i.CyBleStackMgr_BleSSMemWrite
                0x000023ec       0x34 C:\Program Files (x86)\Cypress\PSoC Creator\3.3\PSoC Creator\psoc\content\cycomponentlibrary\CyComponentLibrary.cylib\BLE_v2_20\Library\gccCyBLEStack_BLE_SOC_PERIPHERAL.a(CyBleStackMgr_BleSSDriver.o)
                0x000023ec                CyBleStackMgr_BleSSMemWrite

i.CyBleStackMgr_BleSSRegRead
                0x00002420        0xc
 i.CyBleStackMgr_BleSSRegRead
                0x00002420        0xc C:\Program Files (x86)\Cypress\PSoC Creator\3.3\PSoC Creator\psoc\content\cycomponentlibrary\CyComponentLibrary.cylib\BLE_v2_20\Library\gccCyBLEStack_BLE_SOC_PERIPHERAL.a(CyBleStackMgr_BleSSDriver.o)
                0x00002420                CyBleStackMgr_BleSSRegRead

i.CyBleStackMgr_BleSSRegWrite
                0x0000242c        0xc
 i.CyBleStackMgr_BleSSRegWrite
                0x0000242c        0xc C:\Program Files (x86)\Cypress\PSoC Creator\3.3\PSoC Creator\psoc\content\cycomponentlibrary\CyComponentLibrary.cylib\BLE_v2_20\Library\gccCyBLEStack_BLE_SOC_PERIPHERAL.a(CyBleStackMgr_BleSSDriver.o)
                0x0000242c                CyBleStackMgr_BleSSRegWrite

i.CyBleStackMgr_BleSSReset
                0x00002438       0x38
 i.CyBleStackMgr_BleSSReset
                0x00002438       0x38 C:\Program Files (x86)\Cypress\PSoC Creator\3.3\PSoC Creator\psoc\content\cycomponentlibrary\CyComponentLibrary.cylib\BLE_v2_20\Library\gccCyBLEStack_BLE_SOC_PERIPHERAL.a(CyBleStackMgr_BleSSDriver.o)
                0x00002438                CyBleStackMgr_BleSSReset

i.CyBleStackMgr_GenericIface
                0x00002470       0x3c
 i.CyBleStackMgr_GenericIface
                0x00002470       0x3c C:\Program Files (x86)\Cypress\PSoC Creator\3.3\PSoC Creator\psoc\content\cycomponentlibrary\CyComponentLibrary.cylib\BLE_v2_20\Library\gccCyBLEStack_BLE_SOC_PERIPHERAL.a(CyBleStackMgr_BleSSDriver.o)
                0x00002470                CyBleStackMgr_GenericIface

i.CyBleStackMgr_HandleBleSSIntr
                0x000024ac       0x90
 i.CyBleStackMgr_HandleBleSSIntr
                0x000024ac       0x90 C:\Program Files (x86)\Cypress\PSoC Creator\3.3\PSoC Creator\psoc\content\cycomponentlibrary\CyComponentLibrary.cylib\BLE_v2_20\Library\gccCyBLEStack_BLE_SOC_PERIPHERAL.a(CyBleStackMgr_BleSSDriver.o)
                0x000024ac                CyBleStackMgr_HandleBleSSIntr

i.CyBleStackMgr_SetClockParam
                0x0000253c       0xb4
 i.CyBleStackMgr_SetClockParam
                0x0000253c       0xb4 C:\Program Files (x86)\Cypress\PSoC Creator\3.3\PSoC Creator\psoc\content\cycomponentlibrary\CyComponentLibrary.cylib\BLE_v2_20\Library\gccCyBLEStack_BLE_SOC_PERIPHERAL.a(CyBleStackMgr_BleSSDriver.o)

i.CyBle_ExitDsmMode
                0x000025f0       0x2c
 i.CyBle_ExitDsmMode
                0x000025f0       0x2c C:\Program Files (x86)\Cypress\PSoC Creator\3.3\PSoC Creator\psoc\content\cycomponentlibrary\CyComponentLibrary.cylib\BLE_v2_20\Library\gccCyBLEStack_BLE_SOC_PERIPHERAL.a(CyBleStackMgr_BleSSDriver.o)
                0x000025f0                CyBle_ExitDsmMode

i.CyBle_GetBleSsOperationalMode
                0x0000261c        0xc
 i.CyBle_GetBleSsOperationalMode
                0x0000261c        0xc C:\Program Files (x86)\Cypress\PSoC Creator\3.3\PSoC Creator\psoc\content\cycomponentlibrary\CyComponentLibrary.cylib\BLE_v2_20\Library\gccCyBLEStack_BLE_SOC_PERIPHERAL.a(CyBleStackMgr_BleSSDriver.o)
                0x0000261c                CyBle_GetBleSsOperationalMode

i.CyBle_GetLpMode
                0x00002628       0x26
 i.CyBle_GetLpMode
                0x00002628       0x26 C:\Program Files (x86)\Cypress\PSoC Creator\3.3\PSoC Creator\psoc\content\cycomponentlibrary\CyComponentLibrary.cylib\BLE_v2_20\Library\gccCyBLEStack_BLE_SOC_PERIPHERAL.a(CyBleStackMgr_BleSSDriver.o)
                0x00002628                CyBle_GetLpMode

i.CyBle_GetTxGainMode
                0x00002650       0x2c
 i.CyBle_GetTxGainMode
                0x00002650       0x2c C:\Program Files (x86)\Cypress\PSoC Creator\3.3\PSoC Creator\psoc\content\cycomponentlibrary\CyComponentLibrary.cylib\BLE_v2_20\Library\gccCyBLEStack_BLE_SOC_PERIPHERAL.a(CyBleStackMgr_BleSSDriver.o)
                0x00002650                CyBle_GetTxGainMode

i.CyBle_SetBleSsOperationalMode
                0x0000267c       0x20
 i.CyBle_SetBleSsOperationalMode
                0x0000267c       0x20 C:\Program Files (x86)\Cypress\PSoC Creator\3.3\PSoC Creator\psoc\content\cycomponentlibrary\CyComponentLibrary.cylib\BLE_v2_20\Library\gccCyBLEStack_BLE_SOC_PERIPHERAL.a(CyBleStackMgr_BleSSDriver.o)
                0x0000267c                CyBle_SetBleSsOperationalMode

i.CyBle_SetEventCloseState
                0x0000269c        0xc
 i.CyBle_SetEventCloseState
                0x0000269c        0xc C:\Program Files (x86)\Cypress\PSoC Creator\3.3\PSoC Creator\psoc\content\cycomponentlibrary\CyComponentLibrary.cylib\BLE_v2_20\Library\gccCyBLEStack_BLE_SOC_PERIPHERAL.a(CyBleStackMgr_BleSSDriver.o)
                0x0000269c                CyBle_SetEventCloseState

i.CyBle_SetRxGainMode
                0x000026a8       0x20
 i.CyBle_SetRxGainMode
                0x000026a8       0x20 C:\Program Files (x86)\Cypress\PSoC Creator\3.3\PSoC Creator\psoc\content\cycomponentlibrary\CyComponentLibrary.cylib\BLE_v2_20\Library\gccCyBLEStack_BLE_SOC_PERIPHERAL.a(CyBleStackMgr_BleSSDriver.o)
                0x000026a8                CyBle_SetRxGainMode

i.CyBle_SetTxGainMode
                0x000026c8       0x38
 i.CyBle_SetTxGainMode
                0x000026c8       0x38 C:\Program Files (x86)\Cypress\PSoC Creator\3.3\PSoC Creator\psoc\content\cycomponentlibrary\CyComponentLibrary.cylib\BLE_v2_20\Library\gccCyBLEStack_BLE_SOC_PERIPHERAL.a(CyBleStackMgr_BleSSDriver.o)
                0x000026c8                CyBle_SetTxGainMode

i.pf_rf_get_abs_rssi
                0x00002700       0x24
 i.pf_rf_get_abs_rssi
                0x00002700       0x24 C:\Program Files (x86)\Cypress\PSoC Creator\3.3\PSoC Creator\psoc\content\cycomponentlibrary\CyComponentLibrary.cylib\BLE_v2_20\Library\gccCyBLEStack_BLE_SOC_PERIPHERAL.a(CyBleStackMgr_BleSSDriver.o)
                0x00002700                pf_rf_get_abs_rssi

i.BleStackFlashStorageInit
                0x00002724       0x74
 i.BleStackFlashStorageInit
                0x00002724       0x74 C:\Program Files (x86)\Cypress\PSoC Creator\3.3\PSoC Creator\psoc\content\cycomponentlibrary\CyComponentLibrary.cylib\BLE_v2_20\Library\gccCyBLEStack_BLE_SOC_PERIPHERAL.a(storage_pl.o)
                0x00002724                BleStackFlashStorageInit

i.BleStackWriteToFlashPending
                0x00002798       0x24
 i.BleStackWriteToFlashPending
                0x00002798       0x24 C:\Program Files (x86)\Cypress\PSoC Creator\3.3\PSoC Creator\psoc\content\cycomponentlibrary\CyComponentLibrary.cylib\BLE_v2_20\Library\gccCyBLEStack_BLE_SOC_PERIPHERAL.a(storage_pl.o)
                0x00002798                BleStackWriteToFlashPending

i.BleStackWriteToFlashRam
                0x000027bc       0x70
 i.BleStackWriteToFlashRam
                0x000027bc       0x70 C:\Program Files (x86)\Cypress\PSoC Creator\3.3\PSoC Creator\psoc\content\cycomponentlibrary\CyComponentLibrary.cylib\BLE_v2_20\Library\gccCyBLEStack_BLE_SOC_PERIPHERAL.a(storage_pl.o)
                0x000027bc                BleStackWriteToFlashRam

i.storage_bt_init_pl
                0x0000282c       0x28
 i.storage_bt_init_pl
                0x0000282c       0x28 C:\Program Files (x86)\Cypress\PSoC Creator\3.3\PSoC Creator\psoc\content\cycomponentlibrary\CyComponentLibrary.cylib\BLE_v2_20\Library\gccCyBLEStack_BLE_SOC_PERIPHERAL.a(storage_pl.o)
                0x0000282c                storage_bt_init_pl

i.storage_close_pl
                0x00002854        0x4
 i.storage_close_pl
                0x00002854        0x4 C:\Program Files (x86)\Cypress\PSoC Creator\3.3\PSoC Creator\psoc\content\cycomponentlibrary\CyComponentLibrary.cylib\BLE_v2_20\Library\gccCyBLEStack_BLE_SOC_PERIPHERAL.a(storage_pl.o)
                0x00002854                storage_close_pl

i.storage_open_pl
                0x00002858       0x1c
 i.storage_open_pl
                0x00002858       0x1c C:\Program Files (x86)\Cypress\PSoC Creator\3.3\PSoC Creator\psoc\content\cycomponentlibrary\CyComponentLibrary.cylib\BLE_v2_20\Library\gccCyBLEStack_BLE_SOC_PERIPHERAL.a(storage_pl.o)
                0x00002858                storage_open_pl

i.storage_read_pl
                0x00002874       0x28
 i.storage_read_pl
                0x00002874       0x28 C:\Program Files (x86)\Cypress\PSoC Creator\3.3\PSoC Creator\psoc\content\cycomponentlibrary\CyComponentLibrary.cylib\BLE_v2_20\Library\gccCyBLEStack_BLE_SOC_PERIPHERAL.a(storage_pl.o)
                0x00002874                storage_read_pl

i.storage_read_signature_pl
                0x0000289c       0x2c
 i.storage_read_signature_pl
                0x0000289c       0x2c C:\Program Files (x86)\Cypress\PSoC Creator\3.3\PSoC Creator\psoc\content\cycomponentlibrary\CyComponentLibrary.cylib\BLE_v2_20\Library\gccCyBLEStack_BLE_SOC_PERIPHERAL.a(storage_pl.o)
                0x0000289c                storage_read_signature_pl

i.storage_register_flash_pointer
                0x000028c8       0x20
 i.storage_register_flash_pointer
                0x000028c8       0x20 C:\Program Files (x86)\Cypress\PSoC Creator\3.3\PSoC Creator\psoc\content\cycomponentlibrary\CyComponentLibrary.cylib\BLE_v2_20\Library\gccCyBLEStack_BLE_SOC_PERIPHERAL.a(storage_pl.o)
                0x000028c8                storage_register_flash_pointer

i.storage_reset_storage_offset
                0x000028e8       0x10
 i.storage_reset_storage_offset
                0x000028e8       0x10 C:\Program Files (x86)\Cypress\PSoC Creator\3.3\PSoC Creator\psoc\content\cycomponentlibrary\CyComponentLibrary.cylib\BLE_v2_20\Library\gccCyBLEStack_BLE_SOC_PERIPHERAL.a(storage_pl.o)

i.storage_write_pl
                0x000028f8       0x24
 i.storage_write_pl
                0x000028f8       0x24 C:\Program Files (x86)\Cypress\PSoC Creator\3.3\PSoC Creator\psoc\content\cycomponentlibrary\CyComponentLibrary.cylib\BLE_v2_20\Library\gccCyBLEStack_BLE_SOC_PERIPHERAL.a(storage_pl.o)
                0x000028f8                storage_write_pl

i.storage_write_signature_pl
                0x0000291c       0x14
 i.storage_write_signature_pl
                0x0000291c       0x14 C:\Program Files (x86)\Cypress\PSoC Creator\3.3\PSoC Creator\psoc\content\cycomponentlibrary\CyComponentLibrary.cylib\BLE_v2_20\Library\gccCyBLEStack_BLE_SOC_PERIPHERAL.a(storage_pl.o)
                0x0000291c                storage_write_signature_pl

i.OS_init       0x00002930       0x64
 i.OS_init      0x00002930       0x64 C:\Program Files (x86)\Cypress\PSoC Creator\3.3\PSoC Creator\psoc\content\cycomponentlibrary\CyComponentLibrary.cylib\BLE_v2_20\Library\gccCyBLEStack_BLE_SOC_PERIPHERAL.a(mint_os.o)
                0x00002930                OS_init

i.mintos_malloc
                0x00002994       0x34
 i.mintos_malloc
                0x00002994       0x34 C:\Program Files (x86)\Cypress\PSoC Creator\3.3\PSoC Creator\psoc\content\cycomponentlibrary\CyComponentLibrary.cylib\BLE_v2_20\Library\gccCyBLEStack_BLE_SOC_PERIPHERAL.a(mint_os.o)
                0x00002994                mintos_malloc

i.OS_create_queue
                0x000029c8       0x64
 i.OS_create_queue
                0x000029c8       0x64 C:\Program Files (x86)\Cypress\PSoC Creator\3.3\PSoC Creator\psoc\content\cycomponentlibrary\CyComponentLibrary.cylib\BLE_v2_20\Library\gccCyBLEStack_BLE_SOC_PERIPHERAL.a(mint_os_queue.o)
                0x000029c8                OS_create_queue

i.OS_enqueue_item
                0x00002a2c       0x8c
 i.OS_enqueue_item
                0x00002a2c       0x8c C:\Program Files (x86)\Cypress\PSoC Creator\3.3\PSoC Creator\psoc\content\cycomponentlibrary\CyComponentLibrary.cylib\BLE_v2_20\Library\gccCyBLEStack_BLE_SOC_PERIPHERAL.a(mint_os_queue.o)
                0x00002a2c                OS_enqueue_item

i.OS_queue_get_num_of_items
                0x00002ab8       0x28
 i.OS_queue_get_num_of_items
                0x00002ab8       0x28 C:\Program Files (x86)\Cypress\PSoC Creator\3.3\PSoC Creator\psoc\content\cycomponentlibrary\CyComponentLibrary.cylib\BLE_v2_20\Library\gccCyBLEStack_BLE_SOC_PERIPHERAL.a(mint_os_queue.o)
                0x00002ab8                OS_queue_get_num_of_items

i.OS_queue_mgmt_init
                0x00002ae0       0x40
 i.OS_queue_mgmt_init
                0x00002ae0       0x40 C:\Program Files (x86)\Cypress\PSoC Creator\3.3\PSoC Creator\psoc\content\cycomponentlibrary\CyComponentLibrary.cylib\BLE_v2_20\Library\gccCyBLEStack_BLE_SOC_PERIPHERAL.a(mint_os_queue.o)
                0x00002ae0                OS_queue_mgmt_init

i.OS_remove_item
                0x00002b20       0xa0
 i.OS_remove_item
                0x00002b20       0xa0 C:\Program Files (x86)\Cypress\PSoC Creator\3.3\PSoC Creator\psoc\content\cycomponentlibrary\CyComponentLibrary.cylib\BLE_v2_20\Library\gccCyBLEStack_BLE_SOC_PERIPHERAL.a(mint_os_queue.o)
                0x00002b20                OS_remove_item

i.OS_create_task
                0x00002bc0       0x88
 i.OS_create_task
                0x00002bc0       0x88 C:\Program Files (x86)\Cypress\PSoC Creator\3.3\PSoC Creator\psoc\content\cycomponentlibrary\CyComponentLibrary.cylib\BLE_v2_20\Library\gccCyBLEStack_BLE_SOC_PERIPHERAL.a(mint_os_task.o)
                0x00002bc0                OS_create_task

i.OS_isr_send_signal_to_task
                0x00002c48        0xc
 i.OS_isr_send_signal_to_task
                0x00002c48        0xc C:\Program Files (x86)\Cypress\PSoC Creator\3.3\PSoC Creator\psoc\content\cycomponentlibrary\CyComponentLibrary.cylib\BLE_v2_20\Library\gccCyBLEStack_BLE_SOC_PERIPHERAL.a(mint_os_task.o)
                0x00002c48                OS_isr_send_signal_to_task

i.OS_scheduler  0x00002c54       0x64
 i.OS_scheduler
                0x00002c54       0x64 C:\Program Files (x86)\Cypress\PSoC Creator\3.3\PSoC Creator\psoc\content\cycomponentlibrary\CyComponentLibrary.cylib\BLE_v2_20\Library\gccCyBLEStack_BLE_SOC_PERIPHERAL.a(mint_os_task.o)
                0x00002c54                OS_scheduler

i.OS_send_signal_to_task
                0x00002cb8        0xc
 i.OS_send_signal_to_task
                0x00002cb8        0xc C:\Program Files (x86)\Cypress\PSoC Creator\3.3\PSoC Creator\psoc\content\cycomponentlibrary\CyComponentLibrary.cylib\BLE_v2_20\Library\gccCyBLEStack_BLE_SOC_PERIPHERAL.a(mint_os_task.o)
                0x00002cb8                OS_send_signal_to_task

i.OS_send_signal_to_task_context
                0x00002cc4       0x3c
 i.OS_send_signal_to_task_context
                0x00002cc4       0x3c C:\Program Files (x86)\Cypress\PSoC Creator\3.3\PSoC Creator\psoc\content\cycomponentlibrary\CyComponentLibrary.cylib\BLE_v2_20\Library\gccCyBLEStack_BLE_SOC_PERIPHERAL.a(mint_os_task.o)

i.OS_task_mgmt_init
                0x00002d00       0x50
 i.OS_task_mgmt_init
                0x00002d00       0x50 C:\Program Files (x86)\Cypress\PSoC Creator\3.3\PSoC Creator\psoc\content\cycomponentlibrary\CyComponentLibrary.cylib\BLE_v2_20\Library\gccCyBLEStack_BLE_SOC_PERIPHERAL.a(mint_os_task.o)
                0x00002d00                OS_task_mgmt_init

i.mint_buf_mgmt_allocate_buffer
                0x00002d50       0x4c
 i.mint_buf_mgmt_allocate_buffer
                0x00002d50       0x4c C:\Program Files (x86)\Cypress\PSoC Creator\3.3\PSoC Creator\psoc\content\cycomponentlibrary\CyComponentLibrary.cylib\BLE_v2_20\Library\gccCyBLEStack_BLE_SOC_PERIPHERAL.a(mint_buf_mgmt.o)
                0x00002d50                mint_buf_mgmt_allocate_buffer

i.mint_buf_mgmt_create_pool
                0x00002d9c       0xd0
 i.mint_buf_mgmt_create_pool
                0x00002d9c       0xd0 C:\Program Files (x86)\Cypress\PSoC Creator\3.3\PSoC Creator\psoc\content\cycomponentlibrary\CyComponentLibrary.cylib\BLE_v2_20\Library\gccCyBLEStack_BLE_SOC_PERIPHERAL.a(mint_buf_mgmt.o)
                0x00002d9c                mint_buf_mgmt_create_pool

i.mint_buf_mgmt_free_buffer
                0x00002e6c       0xa4
 i.mint_buf_mgmt_free_buffer
                0x00002e6c       0xa4 C:\Program Files (x86)\Cypress\PSoC Creator\3.3\PSoC Creator\psoc\content\cycomponentlibrary\CyComponentLibrary.cylib\BLE_v2_20\Library\gccCyBLEStack_BLE_SOC_PERIPHERAL.a(mint_buf_mgmt.o)
                0x00002e6c                mint_buf_mgmt_free_buffer

i.mint_buf_mgmt_init
                0x00002f10       0x44
 i.mint_buf_mgmt_init
                0x00002f10       0x44 C:\Program Files (x86)\Cypress\PSoC Creator\3.3\PSoC Creator\psoc\content\cycomponentlibrary\CyComponentLibrary.cylib\BLE_v2_20\Library\gccCyBLEStack_BLE_SOC_PERIPHERAL.a(mint_buf_mgmt.o)
                0x00002f10                mint_buf_mgmt_init

i.mint_buf_mgmt_malloc
                0x00002f54       0x2c
 i.mint_buf_mgmt_malloc
                0x00002f54       0x2c C:\Program Files (x86)\Cypress\PSoC Creator\3.3\PSoC Creator\psoc\content\cycomponentlibrary\CyComponentLibrary.cylib\BLE_v2_20\Library\gccCyBLEStack_BLE_SOC_PERIPHERAL.a(mint_buf_mgmt.o)
                0x00002f54                mint_buf_mgmt_malloc

i.mint_buf_mgmt_pl_init
                0x00002f80       0x48
 i.mint_buf_mgmt_pl_init
                0x00002f80       0x48 C:\Program Files (x86)\Cypress\PSoC Creator\3.3\PSoC Creator\psoc\content\cycomponentlibrary\CyComponentLibrary.cylib\BLE_v2_20\Library\gccCyBLEStack_BLE_SOC_PERIPHERAL.a(mint_buf_mgmt.o)
                0x00002f80                mint_buf_mgmt_pl_init

i.mint_buf_mgmt_reset_pool
                0x00002fc8       0x70
 i.mint_buf_mgmt_reset_pool
                0x00002fc8       0x70 C:\Program Files (x86)\Cypress\PSoC Creator\3.3\PSoC Creator\psoc\content\cycomponentlibrary\CyComponentLibrary.cylib\BLE_v2_20\Library\gccCyBLEStack_BLE_SOC_PERIPHERAL.a(mint_buf_mgmt.o)
                0x00002fc8                mint_buf_mgmt_reset_pool

i.mint_buf_mgmt_stack_init
                0x00003038       0x24
 i.mint_buf_mgmt_stack_init
                0x00003038       0x24 C:\Program Files (x86)\Cypress\PSoC Creator\3.3\PSoC Creator\psoc\content\cycomponentlibrary\CyComponentLibrary.cylib\BLE_v2_20\Library\gccCyBLEStack_BLE_SOC_PERIPHERAL.a(mint_buf_mgmt.o)
                0x00003038                mint_buf_mgmt_stack_init

i.mint_buf_mgmt_stack_pop
                0x0000305c       0x36
 i.mint_buf_mgmt_stack_pop
                0x0000305c       0x36 C:\Program Files (x86)\Cypress\PSoC Creator\3.3\PSoC Creator\psoc\content\cycomponentlibrary\CyComponentLibrary.cylib\BLE_v2_20\Library\gccCyBLEStack_BLE_SOC_PERIPHERAL.a(mint_buf_mgmt.o)
                0x0000305c                mint_buf_mgmt_stack_pop

i.mint_buf_mgmt_stack_push
                0x00003092       0x36
 i.mint_buf_mgmt_stack_push
                0x00003092       0x36 C:\Program Files (x86)\Cypress\PSoC Creator\3.3\PSoC Creator\psoc\content\cycomponentlibrary\CyComponentLibrary.cylib\BLE_v2_20\Library\gccCyBLEStack_BLE_SOC_PERIPHERAL.a(mint_buf_mgmt.o)
                0x00003092                mint_buf_mgmt_stack_push

i.mint_buf_mgmt_stack_reset
                0x000030c8       0x1e
 i.mint_buf_mgmt_stack_reset
                0x000030c8       0x1e C:\Program Files (x86)\Cypress\PSoC Creator\3.3\PSoC Creator\psoc\content\cycomponentlibrary\CyComponentLibrary.cylib\BLE_v2_20\Library\gccCyBLEStack_BLE_SOC_PERIPHERAL.a(mint_buf_mgmt.o)
                0x000030c8                mint_buf_mgmt_stack_reset

i.mint_buf_mgmt_stack_search_item
                0x000030e6       0x30
 i.mint_buf_mgmt_stack_search_item
                0x000030e6       0x30 C:\Program Files (x86)\Cypress\PSoC Creator\3.3\PSoC Creator\psoc\content\cycomponentlibrary\CyComponentLibrary.cylib\BLE_v2_20\Library\gccCyBLEStack_BLE_SOC_PERIPHERAL.a(mint_buf_mgmt.o)
                0x000030e6                mint_buf_mgmt_stack_search_item

i.CyBleControllerIP_GetPingState
                0x00003118        0xc
 i.CyBleControllerIP_GetPingState
                0x00003118        0xc C:\Program Files (x86)\Cypress\PSoC Creator\3.3\PSoC Creator\psoc\content\cycomponentlibrary\CyComponentLibrary.cylib\BLE_v2_20\Library\gccCyBLEStack_BLE_SOC_PERIPHERAL.a(CyBleControllerIP_Interface.o)
                0x00003118                CyBleControllerIP_GetPingState

i.CyBleController_AddDeviceToWhiteList
                0x00003124       0x40
 i.CyBleController_AddDeviceToWhiteList
                0x00003124       0x40 C:\Program Files (x86)\Cypress\PSoC Creator\3.3\PSoC Creator\psoc\content\cycomponentlibrary\CyComponentLibrary.cylib\BLE_v2_20\Library\gccCyBLEStack_BLE_SOC_PERIPHERAL.a(CyBleControllerIP_Interface.o)
                0x00003124                CyBleController_AddDeviceToWhiteList

i.CyBleController_ExitLowPowerMode
                0x00003164       0x10
 i.CyBleController_ExitLowPowerMode
                0x00003164       0x10 C:\Program Files (x86)\Cypress\PSoC Creator\3.3\PSoC Creator\psoc\content\cycomponentlibrary\CyComponentLibrary.cylib\BLE_v2_20\Library\gccCyBLEStack_BLE_SOC_PERIPHERAL.a(CyBleControllerIP_Interface.o)
                0x00003164                CyBleController_ExitLowPowerMode

i.CyBleController_Init
                0x00003174       0x32
 i.CyBleController_Init
                0x00003174       0x32 C:\Program Files (x86)\Cypress\PSoC Creator\3.3\PSoC Creator\psoc\content\cycomponentlibrary\CyComponentLibrary.cylib\BLE_v2_20\Library\gccCyBLEStack_BLE_SOC_PERIPHERAL.a(CyBleControllerIP_Interface.o)
                0x00003174                CyBleController_Init

i.CyBleController_SetDeviceAddress
                0x000031a6       0x2e
 i.CyBleController_SetDeviceAddress
                0x000031a6       0x2e C:\Program Files (x86)\Cypress\PSoC Creator\3.3\PSoC Creator\psoc\content\cycomponentlibrary\CyComponentLibrary.cylib\BLE_v2_20\Library\gccCyBLEStack_BLE_SOC_PERIPHERAL.a(CyBleControllerIP_Interface.o)
                0x000031a6                CyBleController_SetDeviceAddress

i.CyBle_GetTxPowerLevel
                0x000031d4       0x4e
 i.CyBle_GetTxPowerLevel
                0x000031d4       0x4e C:\Program Files (x86)\Cypress\PSoC Creator\3.3\PSoC Creator\psoc\content\cycomponentlibrary\CyComponentLibrary.cylib\BLE_v2_20\Library\gccCyBLEStack_BLE_SOC_PERIPHERAL.a(CyBleControllerIP_Interface.o)
                0x000031d4                CyBle_GetTxPowerLevel

i.CyBle_SetTxPowerLevel
                0x00003222       0x56
 i.CyBle_SetTxPowerLevel
                0x00003222       0x56 C:\Program Files (x86)\Cypress\PSoC Creator\3.3\PSoC Creator\psoc\content\cycomponentlibrary\CyComponentLibrary.cylib\BLE_v2_20\Library\gccCyBLEStack_BLE_SOC_PERIPHERAL.a(CyBleControllerIP_Interface.o)
                0x00003222                CyBle_SetTxPowerLevel

i.ll_check_and_mark_packet_ready_for_transmission
                0x00003278       0x28
 i.ll_check_and_mark_packet_ready_for_transmission
                0x00003278       0x28 C:\Program Files (x86)\Cypress\PSoC Creator\3.3\PSoC Creator\psoc\content\cycomponentlibrary\CyComponentLibrary.cylib\BLE_v2_20\Library\gccCyBLEStack_BLE_SOC_PERIPHERAL.a(ll.o)
                0x00003278                ll_check_and_mark_packet_ready_for_transmission

i.ll_cleanup_pending_data_pdu
                0x000032a0       0x38
 i.ll_cleanup_pending_data_pdu
                0x000032a0       0x38 C:\Program Files (x86)\Cypress\PSoC Creator\3.3\PSoC Creator\psoc\content\cycomponentlibrary\CyComponentLibrary.cylib\BLE_v2_20\Library\gccCyBLEStack_BLE_SOC_PERIPHERAL.a(ll.o)
                0x000032a0                ll_cleanup_pending_data_pdu

i.ll_exit_low_power_mode
                0x000032d8       0xac
 i.ll_exit_low_power_mode
                0x000032d8       0xac C:\Program Files (x86)\Cypress\PSoC Creator\3.3\PSoC Creator\psoc\content\cycomponentlibrary\CyComponentLibrary.cylib\BLE_v2_20\Library\gccCyBLEStack_BLE_SOC_PERIPHERAL.a(ll.o)
                0x000032d8                ll_exit_low_power_mode

i.ll_get_ack_status
                0x00003384       0x3c
 i.ll_get_ack_status
                0x00003384       0x3c C:\Program Files (x86)\Cypress\PSoC Creator\3.3\PSoC Creator\psoc\content\cycomponentlibrary\CyComponentLibrary.cylib\BLE_v2_20\Library\gccCyBLEStack_BLE_SOC_PERIPHERAL.a(ll.o)
                0x00003384                ll_get_ack_status

i.ll_get_adv_ch_tx_power
                0x000033c0       0x20
 i.ll_get_adv_ch_tx_power
                0x000033c0       0x20 C:\Program Files (x86)\Cypress\PSoC Creator\3.3\PSoC Creator\psoc\content\cycomponentlibrary\CyComponentLibrary.cylib\BLE_v2_20\Library\gccCyBLEStack_BLE_SOC_PERIPHERAL.a(ll.o)
                0x000033c0                ll_get_adv_ch_tx_power

i.ll_get_data_channel_map
                0x000033e0       0x24
 i.ll_get_data_channel_map
                0x000033e0       0x24 C:\Program Files (x86)\Cypress\PSoC Creator\3.3\PSoC Creator\psoc\content\cycomponentlibrary\CyComponentLibrary.cylib\BLE_v2_20\Library\gccCyBLEStack_BLE_SOC_PERIPHERAL.a(ll.o)
                0x000033e0                ll_get_data_channel_map

i.ll_get_max_white_list_size
                0x00003404        0xc
 i.ll_get_max_white_list_size
                0x00003404        0xc C:\Program Files (x86)\Cypress\PSoC Creator\3.3\PSoC Creator\psoc\content\cycomponentlibrary\CyComponentLibrary.cylib\BLE_v2_20\Library\gccCyBLEStack_BLE_SOC_PERIPHERAL.a(ll.o)
                0x00003404                ll_get_max_white_list_size

i.ll_get_my_role
                0x00003410        0xc
 i.ll_get_my_role
                0x00003410        0xc C:\Program Files (x86)\Cypress\PSoC Creator\3.3\PSoC Creator\psoc\content\cycomponentlibrary\CyComponentLibrary.cylib\BLE_v2_20\Library\gccCyBLEStack_BLE_SOC_PERIPHERAL.a(ll.o)
                0x00003410                ll_get_my_role

i.ll_get_next_available_fifo_for_data_pdu
                0x0000341c        0x8
 i.ll_get_next_available_fifo_for_data_pdu
                0x0000341c        0x8 C:\Program Files (x86)\Cypress\PSoC Creator\3.3\PSoC Creator\psoc\content\cycomponentlibrary\CyComponentLibrary.cylib\BLE_v2_20\Library\gccCyBLEStack_BLE_SOC_PERIPHERAL.a(ll.o)
                0x0000341c                ll_get_next_available_fifo_for_data_pdu

i.ll_get_next_available_fifo_for_ll_pdu
                0x00003424       0x24
 i.ll_get_next_available_fifo_for_ll_pdu
                0x00003424       0x24 C:\Program Files (x86)\Cypress\PSoC Creator\3.3\PSoC Creator\psoc\content\cycomponentlibrary\CyComponentLibrary.cylib\BLE_v2_20\Library\gccCyBLEStack_BLE_SOC_PERIPHERAL.a(ll.o)
                0x00003424                ll_get_next_available_fifo_for_ll_pdu

i.ll_get_rssi_value
                0x00003448       0x26
 i.ll_get_rssi_value
                0x00003448       0x26 C:\Program Files (x86)\Cypress\PSoC Creator\3.3\PSoC Creator\psoc\content\cycomponentlibrary\CyComponentLibrary.cylib\BLE_v2_20\Library\gccCyBLEStack_BLE_SOC_PERIPHERAL.a(ll.o)
                0x00003448                ll_get_rssi_value

i.ll_get_transmit_power_level
                0x00003470       0x2c
 i.ll_get_transmit_power_level
                0x00003470       0x2c C:\Program Files (x86)\Cypress\PSoC Creator\3.3\PSoC Creator\psoc\content\cycomponentlibrary\CyComponentLibrary.cylib\BLE_v2_20\Library\gccCyBLEStack_BLE_SOC_PERIPHERAL.a(ll.o)
                0x00003470                ll_get_transmit_power_level

i.ll_handle_ack_received
                0x0000349c       0x74
 i.ll_handle_ack_received
                0x0000349c       0x74 C:\Program Files (x86)\Cypress\PSoC Creator\3.3\PSoC Creator\psoc\content\cycomponentlibrary\CyComponentLibrary.cylib\BLE_v2_20\Library\gccCyBLEStack_BLE_SOC_PERIPHERAL.a(ll.o)
                0x0000349c                ll_handle_ack_received

i.ll_handle_add_device_in_whitelist
                0x00003510       0x3a
 i.ll_handle_add_device_in_whitelist
                0x00003510       0x3a C:\Program Files (x86)\Cypress\PSoC Creator\3.3\PSoC Creator\psoc\content\cycomponentlibrary\CyComponentLibrary.cylib\BLE_v2_20\Library\gccCyBLEStack_BLE_SOC_PERIPHERAL.a(ll.o)
                0x00003510                ll_handle_add_device_in_whitelist

i.ll_handle_clear_whitelist
                0x0000354a       0x16
 i.ll_handle_clear_whitelist
                0x0000354a       0x16 C:\Program Files (x86)\Cypress\PSoC Creator\3.3\PSoC Creator\psoc\content\cycomponentlibrary\CyComponentLibrary.cylib\BLE_v2_20\Library\gccCyBLEStack_BLE_SOC_PERIPHERAL.a(ll.o)
                0x0000354a                ll_handle_clear_whitelist

i.ll_handle_encrypt_host_data
                0x00003560       0x36
 i.ll_handle_encrypt_host_data
                0x00003560       0x36 C:\Program Files (x86)\Cypress\PSoC Creator\3.3\PSoC Creator\psoc\content\cycomponentlibrary\CyComponentLibrary.cylib\BLE_v2_20\Library\gccCyBLEStack_BLE_SOC_PERIPHERAL.a(ll.o)
                0x00003560                ll_handle_encrypt_host_data

i.ll_handle_host_data_packet
                0x00003596       0x54
 i.ll_handle_host_data_packet
                0x00003596       0x54 C:\Program Files (x86)\Cypress\PSoC Creator\3.3\PSoC Creator\psoc\content\cycomponentlibrary\CyComponentLibrary.cylib\BLE_v2_20\Library\gccCyBLEStack_BLE_SOC_PERIPHERAL.a(ll.o)
                0x00003596                ll_handle_host_data_packet

i.ll_handle_read_host_channel_map
                0x000035ea        0x4
 i.ll_handle_read_host_channel_map
                0x000035ea        0x4 C:\Program Files (x86)\Cypress\PSoC Creator\3.3\PSoC Creator\psoc\content\cycomponentlibrary\CyComponentLibrary.cylib\BLE_v2_20\Library\gccCyBLEStack_BLE_SOC_PERIPHERAL.a(ll.o)
                0x000035ea                ll_handle_read_host_channel_map

i.ll_handle_remove_device_in_whitelist
                0x000035ee       0x2a
 i.ll_handle_remove_device_in_whitelist
                0x000035ee       0x2a C:\Program Files (x86)\Cypress\PSoC Creator\3.3\PSoC Creator\psoc\content\cycomponentlibrary\CyComponentLibrary.cylib\BLE_v2_20\Library\gccCyBLEStack_BLE_SOC_PERIPHERAL.a(ll.o)
                0x000035ee                ll_handle_remove_device_in_whitelist

i.ll_handle_reset
                0x00003618        0xe
 i.ll_handle_reset
                0x00003618        0xe C:\Program Files (x86)\Cypress\PSoC Creator\3.3\PSoC Creator\psoc\content\cycomponentlibrary\CyComponentLibrary.cylib\BLE_v2_20\Library\gccCyBLEStack_BLE_SOC_PERIPHERAL.a(ll.o)
                0x00003618                ll_handle_reset

i.ll_handle_set_random_address
                0x00003626       0x36
 i.ll_handle_set_random_address
                0x00003626       0x36 C:\Program Files (x86)\Cypress\PSoC Creator\3.3\PSoC Creator\psoc\content\cycomponentlibrary\CyComponentLibrary.cylib\BLE_v2_20\Library\gccCyBLEStack_BLE_SOC_PERIPHERAL.a(ll.o)
                0x00003626                ll_handle_set_random_address

i.ll_init       0x0000365c       0x18
 i.ll_init      0x0000365c       0x18 C:\Program Files (x86)\Cypress\PSoC Creator\3.3\PSoC Creator\psoc\content\cycomponentlibrary\CyComponentLibrary.cylib\BLE_v2_20\Library\gccCyBLEStack_BLE_SOC_PERIPHERAL.a(ll.o)
                0x0000365c                ll_init

i.ll_initialize_device_attributes
                0x00003674       0x4c
 i.ll_initialize_device_attributes
                0x00003674       0x4c C:\Program Files (x86)\Cypress\PSoC Creator\3.3\PSoC Creator\psoc\content\cycomponentlibrary\CyComponentLibrary.cylib\BLE_v2_20\Library\gccCyBLEStack_BLE_SOC_PERIPHERAL.a(ll.o)
                0x00003674                ll_initialize_device_attributes

i.ll_is_pkt_pending
                0x000036c0       0x2a
 i.ll_is_pkt_pending
                0x000036c0       0x2a C:\Program Files (x86)\Cypress\PSoC Creator\3.3\PSoC Creator\psoc\content\cycomponentlibrary\CyComponentLibrary.cylib\BLE_v2_20\Library\gccCyBLEStack_BLE_SOC_PERIPHERAL.a(ll.o)
                0x000036c0                ll_is_pkt_pending

i.ll_is_sent_pkt_pending
                0x000036ea       0x1a
 i.ll_is_sent_pkt_pending
                0x000036ea       0x1a C:\Program Files (x86)\Cypress\PSoC Creator\3.3\PSoC Creator\psoc\content\cycomponentlibrary\CyComponentLibrary.cylib\BLE_v2_20\Library\gccCyBLEStack_BLE_SOC_PERIPHERAL.a(ll.o)
                0x000036ea                ll_is_sent_pkt_pending

i.ll_isr_exit_low_power_mode
                0x00003704       0x16
 i.ll_isr_exit_low_power_mode
                0x00003704       0x16 C:\Program Files (x86)\Cypress\PSoC Creator\3.3\PSoC Creator\psoc\content\cycomponentlibrary\CyComponentLibrary.cylib\BLE_v2_20\Library\gccCyBLEStack_BLE_SOC_PERIPHERAL.a(ll.o)
                0x00003704                ll_isr_exit_low_power_mode

i.ll_load_host_data_packet
                0x0000371a       0x4a
 i.ll_load_host_data_packet
                0x0000371a       0x4a C:\Program Files (x86)\Cypress\PSoC Creator\3.3\PSoC Creator\psoc\content\cycomponentlibrary\CyComponentLibrary.cylib\BLE_v2_20\Library\gccCyBLEStack_BLE_SOC_PERIPHERAL.a(ll.o)
                0x0000371a                ll_load_host_data_packet

i.ll_load_packet_to_fifo
                0x00003764       0x6e
 i.ll_load_packet_to_fifo
                0x00003764       0x6e C:\Program Files (x86)\Cypress\PSoC Creator\3.3\PSoC Creator\psoc\content\cycomponentlibrary\CyComponentLibrary.cylib\BLE_v2_20\Library\gccCyBLEStack_BLE_SOC_PERIPHERAL.a(ll.o)
                0x00003764                ll_load_packet_to_fifo

i.ll_process_acks
                0x000037d2       0x3c
 i.ll_process_acks
                0x000037d2       0x3c C:\Program Files (x86)\Cypress\PSoC Creator\3.3\PSoC Creator\psoc\content\cycomponentlibrary\CyComponentLibrary.cylib\BLE_v2_20\Library\gccCyBLEStack_BLE_SOC_PERIPHERAL.a(ll.o)
                0x000037d2                ll_process_acks

i.ll_reset      0x0000380e       0x12
 i.ll_reset     0x0000380e       0x12 C:\Program Files (x86)\Cypress\PSoC Creator\3.3\PSoC Creator\psoc\content\cycomponentlibrary\CyComponentLibrary.cylib\BLE_v2_20\Library\gccCyBLEStack_BLE_SOC_PERIPHERAL.a(ll.o)
                0x0000380e                ll_reset

i.ll_update_active_features
                0x00003820       0x58
 i.ll_update_active_features
                0x00003820       0x58 C:\Program Files (x86)\Cypress\PSoC Creator\3.3\PSoC Creator\psoc\content\cycomponentlibrary\CyComponentLibrary.cylib\BLE_v2_20\Library\gccCyBLEStack_BLE_SOC_PERIPHERAL.a(ll.o)
                0x00003820                ll_update_active_features

i.ll_update_device_fsm
                0x00003878        0x8
 i.ll_update_device_fsm
                0x00003878        0x8 C:\Program Files (x86)\Cypress\PSoC Creator\3.3\PSoC Creator\psoc\content\cycomponentlibrary\CyComponentLibrary.cylib\BLE_v2_20\Library\gccCyBLEStack_BLE_SOC_PERIPHERAL.a(ll.o)
                0x00003878                ll_update_device_fsm

i.pf_le_start_timer
                0x00003880       0x16
 i.pf_le_start_timer
                0x00003880       0x16 C:\Program Files (x86)\Cypress\PSoC Creator\3.3\PSoC Creator\psoc\content\cycomponentlibrary\CyComponentLibrary.cylib\BLE_v2_20\Library\gccCyBLEStack_BLE_SOC_PERIPHERAL.a(ll.o)
                0x00003880                pf_le_start_timer

i.pf_le_stop_timer
                0x00003896       0x12
 i.pf_le_stop_timer
                0x00003896       0x12 C:\Program Files (x86)\Cypress\PSoC Creator\3.3\PSoC Creator\psoc\content\cycomponentlibrary\CyComponentLibrary.cylib\BLE_v2_20\Library\gccCyBLEStack_BLE_SOC_PERIPHERAL.a(ll.o)
                0x00003896                pf_le_stop_timer

i.CyBleControllerIP_TuneAdvEventInterPktSlots
                0x000038a8       0x44
 i.CyBleControllerIP_TuneAdvEventInterPktSlots
                0x000038a8       0x44 C:\Program Files (x86)\Cypress\PSoC Creator\3.3\PSoC Creator\psoc\content\cycomponentlibrary\CyComponentLibrary.cylib\BLE_v2_20\Library\gccCyBLEStack_BLE_SOC_PERIPHERAL.a(ll_advertiser.o)
                0x000038a8                CyBleControllerIP_TuneAdvEventInterPktSlots

i.ll_adv_is_configured_connection_adv
                0x000038ec       0x1e
 i.ll_adv_is_configured_connection_adv
                0x000038ec       0x1e C:\Program Files (x86)\Cypress\PSoC Creator\3.3\PSoC Creator\psoc\content\cycomponentlibrary\CyComponentLibrary.cylib\BLE_v2_20\Library\gccCyBLEStack_BLE_SOC_PERIPHERAL.a(ll_advertiser.o)
                0x000038ec                ll_adv_is_configured_connection_adv

i.ll_check_random_address_in_use_by_advertiser
                0x0000390a       0x10
 i.ll_check_random_address_in_use_by_advertiser
                0x0000390a       0x10 C:\Program Files (x86)\Cypress\PSoC Creator\3.3\PSoC Creator\psoc\content\cycomponentlibrary\CyComponentLibrary.cylib\BLE_v2_20\Library\gccCyBLEStack_BLE_SOC_PERIPHERAL.a(ll_advertiser.o)
                0x0000390a                ll_check_random_address_in_use_by_advertiser

i.ll_check_whitelist_in_use_by_advertiser
                0x0000391a       0x10
 i.ll_check_whitelist_in_use_by_advertiser
                0x0000391a       0x10 C:\Program Files (x86)\Cypress\PSoC Creator\3.3\PSoC Creator\psoc\content\cycomponentlibrary\CyComponentLibrary.cylib\BLE_v2_20\Library\gccCyBLEStack_BLE_SOC_PERIPHERAL.a(ll_advertiser.o)
                0x0000391a                ll_check_whitelist_in_use_by_advertiser

i.ll_get_adv_status
                0x0000392a        0xc
 i.ll_get_adv_status
                0x0000392a        0xc C:\Program Files (x86)\Cypress\PSoC Creator\3.3\PSoC Creator\psoc\content\cycomponentlibrary\CyComponentLibrary.cylib\BLE_v2_20\Library\gccCyBLEStack_BLE_SOC_PERIPHERAL.a(ll_advertiser.o)
                0x0000392a                ll_get_adv_status

i.ll_get_adv_type
                0x00003936       0x16
 i.ll_get_adv_type
                0x00003936       0x16 C:\Program Files (x86)\Cypress\PSoC Creator\3.3\PSoC Creator\psoc\content\cycomponentlibrary\CyComponentLibrary.cylib\BLE_v2_20\Library\gccCyBLEStack_BLE_SOC_PERIPHERAL.a(ll_advertiser.o)
                0x00003936                ll_get_adv_type

i.ll_handle_adv_intr
                0x0000394c       0x50
 i.ll_handle_adv_intr
                0x0000394c       0x50 C:\Program Files (x86)\Cypress\PSoC Creator\3.3\PSoC Creator\psoc\content\cycomponentlibrary\CyComponentLibrary.cylib\BLE_v2_20\Library\gccCyBLEStack_BLE_SOC_PERIPHERAL.a(ll_advertiser.o)
                0x0000394c                ll_handle_adv_intr

i.ll_handle_set_adv_data
                0x0000399c       0x14
 i.ll_handle_set_adv_data
                0x0000399c       0x14 C:\Program Files (x86)\Cypress\PSoC Creator\3.3\PSoC Creator\psoc\content\cycomponentlibrary\CyComponentLibrary.cylib\BLE_v2_20\Library\gccCyBLEStack_BLE_SOC_PERIPHERAL.a(ll_advertiser.o)
                0x0000399c                ll_handle_set_adv_data

i.ll_handle_set_adv_parameters
                0x000039b0       0x84
 i.ll_handle_set_adv_parameters
                0x000039b0       0x84 C:\Program Files (x86)\Cypress\PSoC Creator\3.3\PSoC Creator\psoc\content\cycomponentlibrary\CyComponentLibrary.cylib\BLE_v2_20\Library\gccCyBLEStack_BLE_SOC_PERIPHERAL.a(ll_advertiser.o)
                0x000039b0                ll_handle_set_adv_parameters

i.ll_handle_set_advertise_enable
                0x00003a34       0x70
 i.ll_handle_set_advertise_enable
                0x00003a34       0x70 C:\Program Files (x86)\Cypress\PSoC Creator\3.3\PSoC Creator\psoc\content\cycomponentlibrary\CyComponentLibrary.cylib\BLE_v2_20\Library\gccCyBLEStack_BLE_SOC_PERIPHERAL.a(ll_advertiser.o)
                0x00003a34                ll_handle_set_advertise_enable

i.ll_handle_set_scan_resp_data
                0x00003aa4       0x14
 i.ll_handle_set_scan_resp_data
                0x00003aa4       0x14 C:\Program Files (x86)\Cypress\PSoC Creator\3.3\PSoC Creator\psoc\content\cycomponentlibrary\CyComponentLibrary.cylib\BLE_v2_20\Library\gccCyBLEStack_BLE_SOC_PERIPHERAL.a(ll_advertiser.o)
                0x00003aa4                ll_handle_set_scan_resp_data

i.ll_init_advertiser
                0x00003ab8       0x68
 i.ll_init_advertiser
                0x00003ab8       0x68 C:\Program Files (x86)\Cypress\PSoC Creator\3.3\PSoC Creator\psoc\content\cycomponentlibrary\CyComponentLibrary.cylib\BLE_v2_20\Library\gccCyBLEStack_BLE_SOC_PERIPHERAL.a(ll_advertiser.o)
                0x00003ab8                ll_init_advertiser

i.is_le_connection_handle
                0x00003b20       0x28
 i.is_le_connection_handle
                0x00003b20       0x28 C:\Program Files (x86)\Cypress\PSoC Creator\3.3\PSoC Creator\psoc\content\cycomponentlibrary\CyComponentLibrary.cylib\BLE_v2_20\Library\gccCyBLEStack_BLE_SOC_PERIPHERAL.a(ll_connection.o)
                0x00003b20                is_le_connection_handle

i.le_assign_connection_handle
                0x00003b48       0x28
 i.le_assign_connection_handle
                0x00003b48       0x28 C:\Program Files (x86)\Cypress\PSoC Creator\3.3\PSoC Creator\psoc\content\cycomponentlibrary\CyComponentLibrary.cylib\BLE_v2_20\Library\gccCyBLEStack_BLE_SOC_PERIPHERAL.a(ll_connection.o)
                0x00003b48                le_assign_connection_handle

i.le_get_connection_index
                0x00003b70        0x6
 i.le_get_connection_index
                0x00003b70        0x6 C:\Program Files (x86)\Cypress\PSoC Creator\3.3\PSoC Creator\psoc\content\cycomponentlibrary\CyComponentLibrary.cylib\BLE_v2_20\Library\gccCyBLEStack_BLE_SOC_PERIPHERAL.a(ll_connection.o)
                0x00003b70                le_get_connection_index

i.ll_allocate_connection
                0x00003b78       0x44
 i.ll_allocate_connection
                0x00003b78       0x44 C:\Program Files (x86)\Cypress\PSoC Creator\3.3\PSoC Creator\psoc\content\cycomponentlibrary\CyComponentLibrary.cylib\BLE_v2_20\Library\gccCyBLEStack_BLE_SOC_PERIPHERAL.a(ll_connection.o)
                0x00003b78                ll_allocate_connection

i.ll_calculate_and_program_def_win_widen_drift
                0x00003bbc       0x14
 i.ll_calculate_and_program_def_win_widen_drift
                0x00003bbc       0x14 C:\Program Files (x86)\Cypress\PSoC Creator\3.3\PSoC Creator\psoc\content\cycomponentlibrary\CyComponentLibrary.cylib\BLE_v2_20\Library\gccCyBLEStack_BLE_SOC_PERIPHERAL.a(ll_connection.o)
                0x00003bbc                ll_calculate_and_program_def_win_widen_drift

i.ll_calculate_drift
                0x00003bd0       0x2c
 i.ll_calculate_drift
                0x00003bd0       0x2c C:\Program Files (x86)\Cypress\PSoC Creator\3.3\PSoC Creator\psoc\content\cycomponentlibrary\CyComponentLibrary.cylib\BLE_v2_20\Library\gccCyBLEStack_BLE_SOC_PERIPHERAL.a(ll_connection.o)
                0x00003bd0                ll_calculate_drift

i.ll_check_and_decrypt_ll_pdu
                0x00003bfc       0x68
 i.ll_check_and_decrypt_ll_pdu
                0x00003bfc       0x68 C:\Program Files (x86)\Cypress\PSoC Creator\3.3\PSoC Creator\psoc\content\cycomponentlibrary\CyComponentLibrary.cylib\BLE_v2_20\Library\gccCyBLEStack_BLE_SOC_PERIPHERAL.a(ll_connection.o)
                0x00003bfc                ll_check_and_decrypt_ll_pdu

i.ll_check_and_decrypt_packet
                0x00003c64       0x6a
 i.ll_check_and_decrypt_packet
                0x00003c64       0x6a C:\Program Files (x86)\Cypress\PSoC Creator\3.3\PSoC Creator\psoc\content\cycomponentlibrary\CyComponentLibrary.cylib\BLE_v2_20\Library\gccCyBLEStack_BLE_SOC_PERIPHERAL.a(ll_connection.o)
                0x00003c64                ll_check_and_decrypt_packet

i.ll_check_and_encrypt_ll_pdu
                0x00003cce       0x72
 i.ll_check_and_encrypt_ll_pdu
                0x00003cce       0x72 C:\Program Files (x86)\Cypress\PSoC Creator\3.3\PSoC Creator\psoc\content\cycomponentlibrary\CyComponentLibrary.cylib\BLE_v2_20\Library\gccCyBLEStack_BLE_SOC_PERIPHERAL.a(ll_connection.o)
                0x00003cce                ll_check_and_encrypt_ll_pdu

i.ll_check_and_encrypt_packet
                0x00003d40       0x8a
 i.ll_check_and_encrypt_packet
                0x00003d40       0x8a C:\Program Files (x86)\Cypress\PSoC Creator\3.3\PSoC Creator\psoc\content\cycomponentlibrary\CyComponentLibrary.cylib\BLE_v2_20\Library\gccCyBLEStack_BLE_SOC_PERIPHERAL.a(ll_connection.o)
                0x00003d40                ll_check_and_encrypt_packet

i.ll_check_for_allowing_incoming_connection_update
                0x00003dca       0x42
 i.ll_check_for_allowing_incoming_connection_update
                0x00003dca       0x42 C:\Program Files (x86)\Cypress\PSoC Creator\3.3\PSoC Creator\psoc\content\cycomponentlibrary\CyComponentLibrary.cylib\BLE_v2_20\Library\gccCyBLEStack_BLE_SOC_PERIPHERAL.a(ll_connection.o)
                0x00003dca                ll_check_for_allowing_incoming_connection_update

i.ll_check_if_pdu_is_loaded_to_hardware
                0x00003e0c       0x1c
 i.ll_check_if_pdu_is_loaded_to_hardware
                0x00003e0c       0x1c C:\Program Files (x86)\Cypress\PSoC Creator\3.3\PSoC Creator\psoc\content\cycomponentlibrary\CyComponentLibrary.cylib\BLE_v2_20\Library\gccCyBLEStack_BLE_SOC_PERIPHERAL.a(ll_connection.o)
                0x00003e0c                ll_check_if_pdu_is_loaded_to_hardware

i.ll_check_random_address_in_use_by_initiator
                0x00003e28       0x30
 i.ll_check_random_address_in_use_by_initiator
                0x00003e28       0x30 C:\Program Files (x86)\Cypress\PSoC Creator\3.3\PSoC Creator\psoc\content\cycomponentlibrary\CyComponentLibrary.cylib\BLE_v2_20\Library\gccCyBLEStack_BLE_SOC_PERIPHERAL.a(ll_connection.o)
                0x00003e28                ll_check_random_address_in_use_by_initiator

i.ll_check_white_list_in_use_by_initiator
                0x00003e58       0x30
 i.ll_check_white_list_in_use_by_initiator
                0x00003e58       0x30 C:\Program Files (x86)\Cypress\PSoC Creator\3.3\PSoC Creator\psoc\content\cycomponentlibrary\CyComponentLibrary.cylib\BLE_v2_20\Library\gccCyBLEStack_BLE_SOC_PERIPHERAL.a(ll_connection.o)
                0x00003e58                ll_check_white_list_in_use_by_initiator

i.ll_conn_free_enc_txn_buffer
                0x00003e88       0x16
 i.ll_conn_free_enc_txn_buffer
                0x00003e88       0x16 C:\Program Files (x86)\Cypress\PSoC Creator\3.3\PSoC Creator\psoc\content\cycomponentlibrary\CyComponentLibrary.cylib\BLE_v2_20\Library\gccCyBLEStack_BLE_SOC_PERIPHERAL.a(ll_connection.o)
                0x00003e88                ll_conn_free_enc_txn_buffer

i.ll_conn_fsm_update_channel_state
                0x00003e9e        0x6
 i.ll_conn_fsm_update_channel_state
                0x00003e9e        0x6 C:\Program Files (x86)\Cypress\PSoC Creator\3.3\PSoC Creator\psoc\content\cycomponentlibrary\CyComponentLibrary.cylib\BLE_v2_20\Library\gccCyBLEStack_BLE_SOC_PERIPHERAL.a(ll_connection.o)
                0x00003e9e                ll_conn_fsm_update_channel_state

i.ll_conn_fsm_update_conn_update_state
                0x00003ea4        0x6
 i.ll_conn_fsm_update_conn_update_state
                0x00003ea4        0x6 C:\Program Files (x86)\Cypress\PSoC Creator\3.3\PSoC Creator\psoc\content\cycomponentlibrary\CyComponentLibrary.cylib\BLE_v2_20\Library\gccCyBLEStack_BLE_SOC_PERIPHERAL.a(ll_connection.o)
                0x00003ea4                ll_conn_fsm_update_conn_update_state

i.ll_conn_fsm_update_enc_state
                0x00003eaa        0x6
 i.ll_conn_fsm_update_enc_state
                0x00003eaa        0x6 C:\Program Files (x86)\Cypress\PSoC Creator\3.3\PSoC Creator\psoc\content\cycomponentlibrary\CyComponentLibrary.cylib\BLE_v2_20\Library\gccCyBLEStack_BLE_SOC_PERIPHERAL.a(ll_connection.o)
                0x00003eaa                ll_conn_fsm_update_enc_state

i.ll_conn_fsm_update_state
                0x00003eb0        0x4
 i.ll_conn_fsm_update_state
                0x00003eb0        0x4 C:\Program Files (x86)\Cypress\PSoC Creator\3.3\PSoC Creator\psoc\content\cycomponentlibrary\CyComponentLibrary.cylib\BLE_v2_20\Library\gccCyBLEStack_BLE_SOC_PERIPHERAL.a(ll_connection.o)
                0x00003eb0                ll_conn_fsm_update_state

i.ll_conn_handle_data_pdu_from_host_when_data_paused
                0x00003eb4        0x8
 i.ll_conn_handle_data_pdu_from_host_when_data_paused
                0x00003eb4        0x8 C:\Program Files (x86)\Cypress\PSoC Creator\3.3\PSoC Creator\psoc\content\cycomponentlibrary\CyComponentLibrary.cylib\BLE_v2_20\Library\gccCyBLEStack_BLE_SOC_PERIPHERAL.a(ll_connection.o)
                0x00003eb4                ll_conn_handle_data_pdu_from_host_when_data_paused

i.ll_conn_handle_direct_adv_timeout
                0x00003ebc       0x2a
 i.ll_conn_handle_direct_adv_timeout
                0x00003ebc       0x2a C:\Program Files (x86)\Cypress\PSoC Creator\3.3\PSoC Creator\psoc\content\cycomponentlibrary\CyComponentLibrary.cylib\BLE_v2_20\Library\gccCyBLEStack_BLE_SOC_PERIPHERAL.a(ll_connection.o)
                0x00003ebc                ll_conn_handle_direct_adv_timeout

i.ll_conn_handle_ping_timer_expired_interrupt
                0x00003ee8       0x1c
 i.ll_conn_handle_ping_timer_expired_interrupt
                0x00003ee8       0x1c C:\Program Files (x86)\Cypress\PSoC Creator\3.3\PSoC Creator\psoc\content\cycomponentlibrary\CyComponentLibrary.cylib\BLE_v2_20\Library\gccCyBLEStack_BLE_SOC_PERIPHERAL.a(ll_connection.o)
                0x00003ee8                ll_conn_handle_ping_timer_expired_interrupt

i.ll_conn_handle_ping_timer_nearly_expired_interrupt
                0x00003f04       0x20
 i.ll_conn_handle_ping_timer_nearly_expired_interrupt
                0x00003f04       0x20 C:\Program Files (x86)\Cypress\PSoC Creator\3.3\PSoC Creator\psoc\content\cycomponentlibrary\CyComponentLibrary.cylib\BLE_v2_20\Library\gccCyBLEStack_BLE_SOC_PERIPHERAL.a(ll_connection.o)
                0x00003f04                ll_conn_handle_ping_timer_nearly_expired_interrupt

i.ll_conn_handle_stop_connectable_adv
                0x00003f24       0x12
 i.ll_conn_handle_stop_connectable_adv
                0x00003f24       0x12 C:\Program Files (x86)\Cypress\PSoC Creator\3.3\PSoC Creator\psoc\content\cycomponentlibrary\CyComponentLibrary.cylib\BLE_v2_20\Library\gccCyBLEStack_BLE_SOC_PERIPHERAL.a(ll_connection.o)
                0x00003f24                ll_conn_handle_stop_connectable_adv

i.ll_conn_process_pending_transactions
                0x00003f36        0x4
 i.ll_conn_process_pending_transactions
                0x00003f36        0x4 C:\Program Files (x86)\Cypress\PSoC Creator\3.3\PSoC Creator\psoc\content\cycomponentlibrary\CyComponentLibrary.cylib\BLE_v2_20\Library\gccCyBLEStack_BLE_SOC_PERIPHERAL.a(ll_connection.o)
                0x00003f36                ll_conn_process_pending_transactions

i.ll_conn_program_authenticated_payload_timer
                0x00003f3c       0x50
 i.ll_conn_program_authenticated_payload_timer
                0x00003f3c       0x50 C:\Program Files (x86)\Cypress\PSoC Creator\3.3\PSoC Creator\psoc\content\cycomponentlibrary\CyComponentLibrary.cylib\BLE_v2_20\Library\gccCyBLEStack_BLE_SOC_PERIPHERAL.a(ll_connection.o)
                0x00003f3c                ll_conn_program_authenticated_payload_timer

i.ll_conn_read_data_pdu_from_hardware
                0x00003f8c       0x14
 i.ll_conn_read_data_pdu_from_hardware
                0x00003f8c       0x14 C:\Program Files (x86)\Cypress\PSoC Creator\3.3\PSoC Creator\psoc\content\cycomponentlibrary\CyComponentLibrary.cylib\BLE_v2_20\Library\gccCyBLEStack_BLE_SOC_PERIPHERAL.a(ll_connection.o)
                0x00003f8c                ll_conn_read_data_pdu_from_hardware

i.ll_conn_send_ping_req_pdu
                0x00003fa0       0x40
 i.ll_conn_send_ping_req_pdu
                0x00003fa0       0x40 C:\Program Files (x86)\Cypress\PSoC Creator\3.3\PSoC Creator\psoc\content\cycomponentlibrary\CyComponentLibrary.cylib\BLE_v2_20\Library\gccCyBLEStack_BLE_SOC_PERIPHERAL.a(ll_connection.o)
                0x00003fa0                ll_conn_send_ping_req_pdu

i.ll_conn_store_pending_tx_pdu
                0x00003fe0       0x1a
 i.ll_conn_store_pending_tx_pdu
                0x00003fe0       0x1a C:\Program Files (x86)\Cypress\PSoC Creator\3.3\PSoC Creator\psoc\content\cycomponentlibrary\CyComponentLibrary.cylib\BLE_v2_20\Library\gccCyBLEStack_BLE_SOC_PERIPHERAL.a(ll_connection.o)
                0x00003fe0                ll_conn_store_pending_tx_pdu

i.ll_conn_update_rssi
                0x00003ffa       0x16
 i.ll_conn_update_rssi
                0x00003ffa       0x16 C:\Program Files (x86)\Cypress\PSoC Creator\3.3\PSoC Creator\psoc\content\cycomponentlibrary\CyComponentLibrary.cylib\BLE_v2_20\Library\gccCyBLEStack_BLE_SOC_PERIPHERAL.a(ll_connection.o)
                0x00003ffa                ll_conn_update_rssi

i.ll_convert_hci_llid_to_ll_llid_host_to_controller
                0x00004010        0x8
 i.ll_convert_hci_llid_to_ll_llid_host_to_controller
                0x00004010        0x8 C:\Program Files (x86)\Cypress\PSoC Creator\3.3\PSoC Creator\psoc\content\cycomponentlibrary\CyComponentLibrary.cylib\BLE_v2_20\Library\gccCyBLEStack_BLE_SOC_PERIPHERAL.a(ll_connection.o)
                0x00004010                ll_convert_hci_llid_to_ll_llid_host_to_controller

i.ll_convert_ll_llid_to_hci_llid_controller_to_host
                0x00004018        0x2
 i.ll_convert_ll_llid_to_hci_llid_controller_to_host
                0x00004018        0x2 C:\Program Files (x86)\Cypress\PSoC Creator\3.3\PSoC Creator\psoc\content\cycomponentlibrary\CyComponentLibrary.cylib\BLE_v2_20\Library\gccCyBLEStack_BLE_SOC_PERIPHERAL.a(ll_connection.o)
                0x00004018                ll_convert_ll_llid_to_hci_llid_controller_to_host

i.ll_decode_and_program_connect_req
                0x0000401c       0xec
 i.ll_decode_and_program_connect_req