ARM GAS  C:\Users\Kevin\AppData\Local\Temp\ccOotEeU.s 			page 1


   1              		.cpu cortex-m0
   2              		.fpu softvfp
   3              		.eabi_attribute 20, 1
   4              		.eabi_attribute 21, 1
   5              		.eabi_attribute 23, 3
   6              		.eabi_attribute 24, 1
   7              		.eabi_attribute 25, 1
   8              		.eabi_attribute 26, 1
   9              		.eabi_attribute 30, 1
  10              		.eabi_attribute 34, 0
  11              		.eabi_attribute 18, 4
  12              		.code	16
  13              		.file	"SPI_SPI.c"
  14              		.text
  15              	.Ltext0:
  16              		.cfi_sections	.debug_frame
  17              		.section	.text.SPI_SpiPostEnable,"ax",%progbits
  18              		.align	2
  19              		.global	SPI_SpiPostEnable
  20              		.code	16
  21              		.thumb_func
  22              		.type	SPI_SpiPostEnable, %function
  23              	SPI_SpiPostEnable:
  24              	.LFB3:
  25              		.file 1 ".\\Generated_Source\\PSoC4\\SPI_SPI.c"
   1:.\Generated_Source\PSoC4/SPI_SPI.c **** /*******************************************************************************
   2:.\Generated_Source\PSoC4/SPI_SPI.c **** * File Name: SPI_SPI.c
   3:.\Generated_Source\PSoC4/SPI_SPI.c **** * Version 3.0
   4:.\Generated_Source\PSoC4/SPI_SPI.c **** *
   5:.\Generated_Source\PSoC4/SPI_SPI.c **** * Description:
   6:.\Generated_Source\PSoC4/SPI_SPI.c **** *  This file provides the source code to the API for the SCB Component in
   7:.\Generated_Source\PSoC4/SPI_SPI.c **** *  SPI mode.
   8:.\Generated_Source\PSoC4/SPI_SPI.c **** *
   9:.\Generated_Source\PSoC4/SPI_SPI.c **** * Note:
  10:.\Generated_Source\PSoC4/SPI_SPI.c **** *
  11:.\Generated_Source\PSoC4/SPI_SPI.c **** *******************************************************************************
  12:.\Generated_Source\PSoC4/SPI_SPI.c **** * Copyright 2013-2015, Cypress Semiconductor Corporation.  All rights reserved.
  13:.\Generated_Source\PSoC4/SPI_SPI.c **** * You may use this file only in accordance with the license, terms, conditions,
  14:.\Generated_Source\PSoC4/SPI_SPI.c **** * disclaimers, and limitations in the end user license agreement accompanying
  15:.\Generated_Source\PSoC4/SPI_SPI.c **** * the software package with which this file was provided.
  16:.\Generated_Source\PSoC4/SPI_SPI.c **** *******************************************************************************/
  17:.\Generated_Source\PSoC4/SPI_SPI.c **** 
  18:.\Generated_Source\PSoC4/SPI_SPI.c **** #include "SPI_PVT.h"
  19:.\Generated_Source\PSoC4/SPI_SPI.c **** #include "SPI_SPI_UART_PVT.h"
  20:.\Generated_Source\PSoC4/SPI_SPI.c **** 
  21:.\Generated_Source\PSoC4/SPI_SPI.c **** #if(SPI_SCB_MODE_UNCONFIG_CONST_CFG)
  22:.\Generated_Source\PSoC4/SPI_SPI.c **** 
  23:.\Generated_Source\PSoC4/SPI_SPI.c ****     /***************************************
  24:.\Generated_Source\PSoC4/SPI_SPI.c ****     *  Configuration Structure Initialization
  25:.\Generated_Source\PSoC4/SPI_SPI.c ****     ***************************************/
  26:.\Generated_Source\PSoC4/SPI_SPI.c **** 
  27:.\Generated_Source\PSoC4/SPI_SPI.c ****     const SPI_SPI_INIT_STRUCT SPI_configSpi =
  28:.\Generated_Source\PSoC4/SPI_SPI.c ****     {
  29:.\Generated_Source\PSoC4/SPI_SPI.c ****         SPI_SPI_MODE,
  30:.\Generated_Source\PSoC4/SPI_SPI.c ****         SPI_SPI_SUB_MODE,
  31:.\Generated_Source\PSoC4/SPI_SPI.c ****         SPI_SPI_CLOCK_MODE,
  32:.\Generated_Source\PSoC4/SPI_SPI.c ****         SPI_SPI_OVS_FACTOR,
ARM GAS  C:\Users\Kevin\AppData\Local\Temp\ccOotEeU.s 			page 2


  33:.\Generated_Source\PSoC4/SPI_SPI.c ****         SPI_SPI_MEDIAN_FILTER_ENABLE,
  34:.\Generated_Source\PSoC4/SPI_SPI.c ****         SPI_SPI_LATE_MISO_SAMPLE_ENABLE,
  35:.\Generated_Source\PSoC4/SPI_SPI.c ****         SPI_SPI_WAKE_ENABLE,
  36:.\Generated_Source\PSoC4/SPI_SPI.c ****         SPI_SPI_RX_DATA_BITS_NUM,
  37:.\Generated_Source\PSoC4/SPI_SPI.c ****         SPI_SPI_TX_DATA_BITS_NUM,
  38:.\Generated_Source\PSoC4/SPI_SPI.c ****         SPI_SPI_BITS_ORDER,
  39:.\Generated_Source\PSoC4/SPI_SPI.c ****         SPI_SPI_TRANSFER_SEPARATION,
  40:.\Generated_Source\PSoC4/SPI_SPI.c ****         0u,
  41:.\Generated_Source\PSoC4/SPI_SPI.c ****         NULL,
  42:.\Generated_Source\PSoC4/SPI_SPI.c ****         0u,
  43:.\Generated_Source\PSoC4/SPI_SPI.c ****         NULL,
  44:.\Generated_Source\PSoC4/SPI_SPI.c ****         (uint32) SPI_SCB_IRQ_INTERNAL,
  45:.\Generated_Source\PSoC4/SPI_SPI.c ****         SPI_SPI_INTR_RX_MASK,
  46:.\Generated_Source\PSoC4/SPI_SPI.c ****         SPI_SPI_RX_TRIGGER_LEVEL,
  47:.\Generated_Source\PSoC4/SPI_SPI.c ****         SPI_SPI_INTR_TX_MASK,
  48:.\Generated_Source\PSoC4/SPI_SPI.c ****         SPI_SPI_TX_TRIGGER_LEVEL,
  49:.\Generated_Source\PSoC4/SPI_SPI.c ****         (uint8) SPI_SPI_BYTE_MODE_ENABLE,
  50:.\Generated_Source\PSoC4/SPI_SPI.c ****         (uint8) SPI_SPI_FREE_RUN_SCLK_ENABLE,
  51:.\Generated_Source\PSoC4/SPI_SPI.c ****         (uint8) SPI_SPI_SS_POLARITY
  52:.\Generated_Source\PSoC4/SPI_SPI.c ****     };
  53:.\Generated_Source\PSoC4/SPI_SPI.c **** 
  54:.\Generated_Source\PSoC4/SPI_SPI.c **** 
  55:.\Generated_Source\PSoC4/SPI_SPI.c ****     /*******************************************************************************
  56:.\Generated_Source\PSoC4/SPI_SPI.c ****     * Function Name: SPI_SpiInit
  57:.\Generated_Source\PSoC4/SPI_SPI.c ****     ********************************************************************************
  58:.\Generated_Source\PSoC4/SPI_SPI.c ****     *
  59:.\Generated_Source\PSoC4/SPI_SPI.c ****     * Summary:
  60:.\Generated_Source\PSoC4/SPI_SPI.c ****     *  Configures the SCB for the SPI operation.
  61:.\Generated_Source\PSoC4/SPI_SPI.c ****     *
  62:.\Generated_Source\PSoC4/SPI_SPI.c ****     * Parameters:
  63:.\Generated_Source\PSoC4/SPI_SPI.c ****     *  config:  Pointer to a structure that contains the following ordered list of
  64:.\Generated_Source\PSoC4/SPI_SPI.c ****     *           fields. These fields match the selections available in the
  65:.\Generated_Source\PSoC4/SPI_SPI.c ****     *           customizer.
  66:.\Generated_Source\PSoC4/SPI_SPI.c ****     *
  67:.\Generated_Source\PSoC4/SPI_SPI.c ****     * Return:
  68:.\Generated_Source\PSoC4/SPI_SPI.c ****     *  None
  69:.\Generated_Source\PSoC4/SPI_SPI.c ****     *
  70:.\Generated_Source\PSoC4/SPI_SPI.c ****     *******************************************************************************/
  71:.\Generated_Source\PSoC4/SPI_SPI.c ****     void SPI_SpiInit(const SPI_SPI_INIT_STRUCT *config)
  72:.\Generated_Source\PSoC4/SPI_SPI.c ****     {
  73:.\Generated_Source\PSoC4/SPI_SPI.c ****         if(NULL == config)
  74:.\Generated_Source\PSoC4/SPI_SPI.c ****         {
  75:.\Generated_Source\PSoC4/SPI_SPI.c ****             CYASSERT(0u != 0u); /* Halt execution due to bad function parameter */
  76:.\Generated_Source\PSoC4/SPI_SPI.c ****         }
  77:.\Generated_Source\PSoC4/SPI_SPI.c ****         else
  78:.\Generated_Source\PSoC4/SPI_SPI.c ****         {
  79:.\Generated_Source\PSoC4/SPI_SPI.c ****             /* Configure pins */
  80:.\Generated_Source\PSoC4/SPI_SPI.c ****             SPI_SetPins(SPI_SCB_MODE_SPI, config->mode, SPI_DUMMY_PARAM);
  81:.\Generated_Source\PSoC4/SPI_SPI.c **** 
  82:.\Generated_Source\PSoC4/SPI_SPI.c ****             /* Store internal configuration */
  83:.\Generated_Source\PSoC4/SPI_SPI.c ****             SPI_scbMode       = (uint8) SPI_SCB_MODE_SPI;
  84:.\Generated_Source\PSoC4/SPI_SPI.c ****             SPI_scbEnableWake = (uint8) config->enableWake;
  85:.\Generated_Source\PSoC4/SPI_SPI.c ****             SPI_scbEnableIntr = (uint8) config->enableInterrupt;
  86:.\Generated_Source\PSoC4/SPI_SPI.c **** 
  87:.\Generated_Source\PSoC4/SPI_SPI.c ****             /* Set RX direction internal variables */
  88:.\Generated_Source\PSoC4/SPI_SPI.c ****             SPI_rxBuffer      =         config->rxBuffer;
  89:.\Generated_Source\PSoC4/SPI_SPI.c ****             SPI_rxDataBits    = (uint8) config->rxDataBits;
ARM GAS  C:\Users\Kevin\AppData\Local\Temp\ccOotEeU.s 			page 3


  90:.\Generated_Source\PSoC4/SPI_SPI.c ****             SPI_rxBufferSize  = (uint8) config->rxBufferSize;
  91:.\Generated_Source\PSoC4/SPI_SPI.c **** 
  92:.\Generated_Source\PSoC4/SPI_SPI.c ****             /* Set TX direction internal variables */
  93:.\Generated_Source\PSoC4/SPI_SPI.c ****             SPI_txBuffer      =         config->txBuffer;
  94:.\Generated_Source\PSoC4/SPI_SPI.c ****             SPI_txDataBits    = (uint8) config->txDataBits;
  95:.\Generated_Source\PSoC4/SPI_SPI.c ****             SPI_txBufferSize  = (uint8) config->txBufferSize;
  96:.\Generated_Source\PSoC4/SPI_SPI.c **** 
  97:.\Generated_Source\PSoC4/SPI_SPI.c ****             /* Configure SPI interface */
  98:.\Generated_Source\PSoC4/SPI_SPI.c ****             SPI_CTRL_REG     = SPI_GET_CTRL_OVS(config->oversample)           |
  99:.\Generated_Source\PSoC4/SPI_SPI.c ****                                             SPI_GET_CTRL_BYTE_MODE(config->enableByteMode) |
 100:.\Generated_Source\PSoC4/SPI_SPI.c ****                                             SPI_GET_CTRL_EC_AM_MODE(config->enableWake)    |
 101:.\Generated_Source\PSoC4/SPI_SPI.c ****                                             SPI_CTRL_SPI;
 102:.\Generated_Source\PSoC4/SPI_SPI.c **** 
 103:.\Generated_Source\PSoC4/SPI_SPI.c ****             SPI_SPI_CTRL_REG = SPI_GET_SPI_CTRL_CONTINUOUS    (config->transferSeperation)  |
 104:.\Generated_Source\PSoC4/SPI_SPI.c ****                                             SPI_GET_SPI_CTRL_SELECT_PRECEDE(config->submode &
 105:.\Generated_Source\PSoC4/SPI_SPI.c ****                                                                           SPI_SPI_MODE_TI_PRECEDES_
 106:.\Generated_Source\PSoC4/SPI_SPI.c ****                                             SPI_GET_SPI_CTRL_SCLK_MODE     (config->sclkMode)      
 107:.\Generated_Source\PSoC4/SPI_SPI.c ****                                             SPI_GET_SPI_CTRL_LATE_MISO_SAMPLE(config->enableLateSam
 108:.\Generated_Source\PSoC4/SPI_SPI.c ****                                             SPI_GET_SPI_CTRL_SCLK_CONTINUOUS(config->enableFreeRunS
 109:.\Generated_Source\PSoC4/SPI_SPI.c ****                                             SPI_GET_SPI_CTRL_SSEL_POLARITY (config->polaritySs)    
 110:.\Generated_Source\PSoC4/SPI_SPI.c ****                                             SPI_GET_SPI_CTRL_SUB_MODE      (config->submode)       
 111:.\Generated_Source\PSoC4/SPI_SPI.c ****                                             SPI_GET_SPI_CTRL_MASTER_MODE   (config->mode);
 112:.\Generated_Source\PSoC4/SPI_SPI.c **** 
 113:.\Generated_Source\PSoC4/SPI_SPI.c ****             /* Configure RX direction */
 114:.\Generated_Source\PSoC4/SPI_SPI.c ****             SPI_RX_CTRL_REG     =  SPI_GET_RX_CTRL_DATA_WIDTH(config->rxDataBits)         |
 115:.\Generated_Source\PSoC4/SPI_SPI.c ****                                                 SPI_GET_RX_CTRL_BIT_ORDER (config->bitOrder)       
 116:.\Generated_Source\PSoC4/SPI_SPI.c ****                                                 SPI_GET_RX_CTRL_MEDIAN    (config->enableMedianFilt
 117:.\Generated_Source\PSoC4/SPI_SPI.c ****                                                 SPI_SPI_RX_CTRL;
 118:.\Generated_Source\PSoC4/SPI_SPI.c **** 
 119:.\Generated_Source\PSoC4/SPI_SPI.c ****             SPI_RX_FIFO_CTRL_REG = SPI_GET_RX_FIFO_CTRL_TRIGGER_LEVEL(config->rxTriggerLevel);
 120:.\Generated_Source\PSoC4/SPI_SPI.c **** 
 121:.\Generated_Source\PSoC4/SPI_SPI.c ****             /* Configure TX direction */
 122:.\Generated_Source\PSoC4/SPI_SPI.c ****             SPI_TX_CTRL_REG      = SPI_GET_TX_CTRL_DATA_WIDTH(config->txDataBits) |
 123:.\Generated_Source\PSoC4/SPI_SPI.c ****                                                 SPI_GET_TX_CTRL_BIT_ORDER (config->bitOrder)   |
 124:.\Generated_Source\PSoC4/SPI_SPI.c ****                                                 SPI_SPI_TX_CTRL;
 125:.\Generated_Source\PSoC4/SPI_SPI.c **** 
 126:.\Generated_Source\PSoC4/SPI_SPI.c ****             SPI_TX_FIFO_CTRL_REG = SPI_GET_TX_FIFO_CTRL_TRIGGER_LEVEL(config->txTriggerLevel);
 127:.\Generated_Source\PSoC4/SPI_SPI.c **** 
 128:.\Generated_Source\PSoC4/SPI_SPI.c ****             /* Configure interrupt with SPI handler but do not enable it */
 129:.\Generated_Source\PSoC4/SPI_SPI.c ****             CyIntDisable    (SPI_ISR_NUMBER);
 130:.\Generated_Source\PSoC4/SPI_SPI.c ****             CyIntSetPriority(SPI_ISR_NUMBER, SPI_ISR_PRIORITY);
 131:.\Generated_Source\PSoC4/SPI_SPI.c ****             (void) CyIntSetVector(SPI_ISR_NUMBER, &SPI_SPI_UART_ISR);
 132:.\Generated_Source\PSoC4/SPI_SPI.c **** 
 133:.\Generated_Source\PSoC4/SPI_SPI.c ****             /* Configure interrupt sources */
 134:.\Generated_Source\PSoC4/SPI_SPI.c ****             SPI_INTR_I2C_EC_MASK_REG = SPI_NO_INTR_SOURCES;
 135:.\Generated_Source\PSoC4/SPI_SPI.c ****             SPI_INTR_SPI_EC_MASK_REG = SPI_NO_INTR_SOURCES;
 136:.\Generated_Source\PSoC4/SPI_SPI.c ****             SPI_INTR_SLAVE_MASK_REG  = SPI_GET_SPI_INTR_SLAVE_MASK(config->rxInterruptMask);
 137:.\Generated_Source\PSoC4/SPI_SPI.c ****             SPI_INTR_MASTER_MASK_REG = SPI_GET_SPI_INTR_MASTER_MASK(config->txInterruptMask);
 138:.\Generated_Source\PSoC4/SPI_SPI.c ****             SPI_INTR_RX_MASK_REG     = SPI_GET_SPI_INTR_RX_MASK(config->rxInterruptMask);
 139:.\Generated_Source\PSoC4/SPI_SPI.c ****             SPI_INTR_TX_MASK_REG     = SPI_GET_SPI_INTR_TX_MASK(config->txInterruptMask);
 140:.\Generated_Source\PSoC4/SPI_SPI.c **** 
 141:.\Generated_Source\PSoC4/SPI_SPI.c ****             /* Set active SS0 */
 142:.\Generated_Source\PSoC4/SPI_SPI.c ****             SPI_SpiSetActiveSlaveSelect(SPI_SPI_SLAVE_SELECT0);
 143:.\Generated_Source\PSoC4/SPI_SPI.c **** 
 144:.\Generated_Source\PSoC4/SPI_SPI.c ****             /* Clear RX buffer indexes */
 145:.\Generated_Source\PSoC4/SPI_SPI.c ****             SPI_rxBufferHead     = 0u;
 146:.\Generated_Source\PSoC4/SPI_SPI.c ****             SPI_rxBufferTail     = 0u;
ARM GAS  C:\Users\Kevin\AppData\Local\Temp\ccOotEeU.s 			page 4


 147:.\Generated_Source\PSoC4/SPI_SPI.c ****             SPI_rxBufferOverflow = 0u;
 148:.\Generated_Source\PSoC4/SPI_SPI.c **** 
 149:.\Generated_Source\PSoC4/SPI_SPI.c ****             /* Clear TX buffer indexes */
 150:.\Generated_Source\PSoC4/SPI_SPI.c ****             SPI_txBufferHead = 0u;
 151:.\Generated_Source\PSoC4/SPI_SPI.c ****             SPI_txBufferTail = 0u;
 152:.\Generated_Source\PSoC4/SPI_SPI.c ****         }
 153:.\Generated_Source\PSoC4/SPI_SPI.c ****     }
 154:.\Generated_Source\PSoC4/SPI_SPI.c **** 
 155:.\Generated_Source\PSoC4/SPI_SPI.c **** #else
 156:.\Generated_Source\PSoC4/SPI_SPI.c **** 
 157:.\Generated_Source\PSoC4/SPI_SPI.c ****     /*******************************************************************************
 158:.\Generated_Source\PSoC4/SPI_SPI.c ****     * Function Name: SPI_SpiInit
 159:.\Generated_Source\PSoC4/SPI_SPI.c ****     ********************************************************************************
 160:.\Generated_Source\PSoC4/SPI_SPI.c ****     *
 161:.\Generated_Source\PSoC4/SPI_SPI.c ****     * Summary:
 162:.\Generated_Source\PSoC4/SPI_SPI.c ****     *  Configures the SCB for the SPI operation.
 163:.\Generated_Source\PSoC4/SPI_SPI.c ****     *
 164:.\Generated_Source\PSoC4/SPI_SPI.c ****     * Parameters:
 165:.\Generated_Source\PSoC4/SPI_SPI.c ****     *  None
 166:.\Generated_Source\PSoC4/SPI_SPI.c ****     *
 167:.\Generated_Source\PSoC4/SPI_SPI.c ****     * Return:
 168:.\Generated_Source\PSoC4/SPI_SPI.c ****     *  None
 169:.\Generated_Source\PSoC4/SPI_SPI.c ****     *
 170:.\Generated_Source\PSoC4/SPI_SPI.c ****     *******************************************************************************/
 171:.\Generated_Source\PSoC4/SPI_SPI.c ****     void SPI_SpiInit(void)
 172:.\Generated_Source\PSoC4/SPI_SPI.c ****     {
 173:.\Generated_Source\PSoC4/SPI_SPI.c ****         /* Configure SPI interface */
 174:.\Generated_Source\PSoC4/SPI_SPI.c ****         SPI_CTRL_REG     = SPI_SPI_DEFAULT_CTRL;
 175:.\Generated_Source\PSoC4/SPI_SPI.c ****         SPI_SPI_CTRL_REG = SPI_SPI_DEFAULT_SPI_CTRL;
 176:.\Generated_Source\PSoC4/SPI_SPI.c **** 
 177:.\Generated_Source\PSoC4/SPI_SPI.c ****         /* Configure TX and RX direction */
 178:.\Generated_Source\PSoC4/SPI_SPI.c ****         SPI_RX_CTRL_REG      = SPI_SPI_DEFAULT_RX_CTRL;
 179:.\Generated_Source\PSoC4/SPI_SPI.c ****         SPI_RX_FIFO_CTRL_REG = SPI_SPI_DEFAULT_RX_FIFO_CTRL;
 180:.\Generated_Source\PSoC4/SPI_SPI.c **** 
 181:.\Generated_Source\PSoC4/SPI_SPI.c ****         /* Configure TX and RX direction */
 182:.\Generated_Source\PSoC4/SPI_SPI.c ****         SPI_TX_CTRL_REG      = SPI_SPI_DEFAULT_TX_CTRL;
 183:.\Generated_Source\PSoC4/SPI_SPI.c ****         SPI_TX_FIFO_CTRL_REG = SPI_SPI_DEFAULT_TX_FIFO_CTRL;
 184:.\Generated_Source\PSoC4/SPI_SPI.c **** 
 185:.\Generated_Source\PSoC4/SPI_SPI.c ****         /* Configure interrupt with SPI handler but do not enable it */
 186:.\Generated_Source\PSoC4/SPI_SPI.c ****     #if(SPI_SCB_IRQ_INTERNAL)
 187:.\Generated_Source\PSoC4/SPI_SPI.c ****             CyIntDisable    (SPI_ISR_NUMBER);
 188:.\Generated_Source\PSoC4/SPI_SPI.c ****             CyIntSetPriority(SPI_ISR_NUMBER, SPI_ISR_PRIORITY);
 189:.\Generated_Source\PSoC4/SPI_SPI.c ****             (void) CyIntSetVector(SPI_ISR_NUMBER, &SPI_SPI_UART_ISR);
 190:.\Generated_Source\PSoC4/SPI_SPI.c ****     #endif /* (SPI_SCB_IRQ_INTERNAL) */
 191:.\Generated_Source\PSoC4/SPI_SPI.c **** 
 192:.\Generated_Source\PSoC4/SPI_SPI.c ****         /* Configure interrupt sources */
 193:.\Generated_Source\PSoC4/SPI_SPI.c ****         SPI_INTR_I2C_EC_MASK_REG = SPI_SPI_DEFAULT_INTR_I2C_EC_MASK;
 194:.\Generated_Source\PSoC4/SPI_SPI.c ****         SPI_INTR_SPI_EC_MASK_REG = SPI_SPI_DEFAULT_INTR_SPI_EC_MASK;
 195:.\Generated_Source\PSoC4/SPI_SPI.c ****         SPI_INTR_SLAVE_MASK_REG  = SPI_SPI_DEFAULT_INTR_SLAVE_MASK;
 196:.\Generated_Source\PSoC4/SPI_SPI.c ****         SPI_INTR_MASTER_MASK_REG = SPI_SPI_DEFAULT_INTR_MASTER_MASK;
 197:.\Generated_Source\PSoC4/SPI_SPI.c ****         SPI_INTR_RX_MASK_REG     = SPI_SPI_DEFAULT_INTR_RX_MASK;
 198:.\Generated_Source\PSoC4/SPI_SPI.c ****         SPI_INTR_TX_MASK_REG     = SPI_SPI_DEFAULT_INTR_TX_MASK;
 199:.\Generated_Source\PSoC4/SPI_SPI.c **** 
 200:.\Generated_Source\PSoC4/SPI_SPI.c ****         /* Set active SS0 for master */
 201:.\Generated_Source\PSoC4/SPI_SPI.c ****     #if (SPI_SPI_MASTER_CONST)
 202:.\Generated_Source\PSoC4/SPI_SPI.c ****         SPI_SpiSetActiveSlaveSelect(SPI_SPI_SLAVE_SELECT0);
 203:.\Generated_Source\PSoC4/SPI_SPI.c ****     #endif /* (SPI_SPI_MASTER_CONST) */
ARM GAS  C:\Users\Kevin\AppData\Local\Temp\ccOotEeU.s 			page 5


 204:.\Generated_Source\PSoC4/SPI_SPI.c **** 
 205:.\Generated_Source\PSoC4/SPI_SPI.c ****     #if(SPI_INTERNAL_RX_SW_BUFFER_CONST)
 206:.\Generated_Source\PSoC4/SPI_SPI.c ****         SPI_rxBufferHead     = 0u;
 207:.\Generated_Source\PSoC4/SPI_SPI.c ****         SPI_rxBufferTail     = 0u;
 208:.\Generated_Source\PSoC4/SPI_SPI.c ****         SPI_rxBufferOverflow = 0u;
 209:.\Generated_Source\PSoC4/SPI_SPI.c ****     #endif /* (SPI_INTERNAL_RX_SW_BUFFER_CONST) */
 210:.\Generated_Source\PSoC4/SPI_SPI.c **** 
 211:.\Generated_Source\PSoC4/SPI_SPI.c ****     #if(SPI_INTERNAL_TX_SW_BUFFER_CONST)
 212:.\Generated_Source\PSoC4/SPI_SPI.c ****         SPI_txBufferHead = 0u;
 213:.\Generated_Source\PSoC4/SPI_SPI.c ****         SPI_txBufferTail = 0u;
 214:.\Generated_Source\PSoC4/SPI_SPI.c ****     #endif /* (SPI_INTERNAL_TX_SW_BUFFER_CONST) */
 215:.\Generated_Source\PSoC4/SPI_SPI.c ****     }
 216:.\Generated_Source\PSoC4/SPI_SPI.c **** #endif /* (SPI_SCB_MODE_UNCONFIG_CONST_CFG) */
 217:.\Generated_Source\PSoC4/SPI_SPI.c **** 
 218:.\Generated_Source\PSoC4/SPI_SPI.c **** 
 219:.\Generated_Source\PSoC4/SPI_SPI.c **** /*******************************************************************************
 220:.\Generated_Source\PSoC4/SPI_SPI.c **** * Function Name: SPI_SpiPostEnable
 221:.\Generated_Source\PSoC4/SPI_SPI.c **** ********************************************************************************
 222:.\Generated_Source\PSoC4/SPI_SPI.c **** *
 223:.\Generated_Source\PSoC4/SPI_SPI.c **** * Summary:
 224:.\Generated_Source\PSoC4/SPI_SPI.c **** *  Restores HSIOM settings for the SPI master output pins (SCLK and/or SS0-SS3) 
 225:.\Generated_Source\PSoC4/SPI_SPI.c **** *  to be controlled by the SCB SPI.
 226:.\Generated_Source\PSoC4/SPI_SPI.c **** *
 227:.\Generated_Source\PSoC4/SPI_SPI.c **** * Parameters:
 228:.\Generated_Source\PSoC4/SPI_SPI.c **** *  None
 229:.\Generated_Source\PSoC4/SPI_SPI.c **** *
 230:.\Generated_Source\PSoC4/SPI_SPI.c **** * Return:
 231:.\Generated_Source\PSoC4/SPI_SPI.c **** *  None
 232:.\Generated_Source\PSoC4/SPI_SPI.c **** *
 233:.\Generated_Source\PSoC4/SPI_SPI.c **** *******************************************************************************/
 234:.\Generated_Source\PSoC4/SPI_SPI.c **** void SPI_SpiPostEnable(void)
 235:.\Generated_Source\PSoC4/SPI_SPI.c **** {
  26              		.loc 1 235 0
  27              		.cfi_startproc
 236:.\Generated_Source\PSoC4/SPI_SPI.c **** #if(SPI_SCB_MODE_UNCONFIG_CONST_CFG)
 237:.\Generated_Source\PSoC4/SPI_SPI.c **** 
 238:.\Generated_Source\PSoC4/SPI_SPI.c ****     if (SPI_CHECK_SPI_MASTER)
 239:.\Generated_Source\PSoC4/SPI_SPI.c ****     {
 240:.\Generated_Source\PSoC4/SPI_SPI.c ****     #if (SPI_CTS_SCLK_PIN)
 241:.\Generated_Source\PSoC4/SPI_SPI.c ****         /* Set SCB SPI to drive output pin */
 242:.\Generated_Source\PSoC4/SPI_SPI.c ****         SPI_SET_HSIOM_SEL(SPI_CTS_SCLK_HSIOM_REG, SPI_CTS_SCLK_HSIOM_MASK,
 243:.\Generated_Source\PSoC4/SPI_SPI.c ****                                        SPI_CTS_SCLK_HSIOM_POS, SPI_HSIOM_SPI_SEL);
 244:.\Generated_Source\PSoC4/SPI_SPI.c ****     #endif /* (SPI_CTS_SCLK_PIN) */
 245:.\Generated_Source\PSoC4/SPI_SPI.c **** 
 246:.\Generated_Source\PSoC4/SPI_SPI.c ****     #if (SPI_RTS_SS0_PIN)
 247:.\Generated_Source\PSoC4/SPI_SPI.c ****         /* Set SCB SPI to drive output pin */
 248:.\Generated_Source\PSoC4/SPI_SPI.c ****         SPI_SET_HSIOM_SEL(SPI_RTS_SS0_HSIOM_REG, SPI_RTS_SS0_HSIOM_MASK,
 249:.\Generated_Source\PSoC4/SPI_SPI.c ****                                        SPI_RTS_SS0_HSIOM_POS, SPI_HSIOM_SPI_SEL);
 250:.\Generated_Source\PSoC4/SPI_SPI.c ****     #endif /* (SPI_RTS_SS0_PIN) */
 251:.\Generated_Source\PSoC4/SPI_SPI.c **** 
 252:.\Generated_Source\PSoC4/SPI_SPI.c ****     #if (SPI_SS1_PIN)
 253:.\Generated_Source\PSoC4/SPI_SPI.c ****         /* Set SCB SPI to drive output pin */
 254:.\Generated_Source\PSoC4/SPI_SPI.c ****         SPI_SET_HSIOM_SEL(SPI_SS1_HSIOM_REG, SPI_SS1_HSIOM_MASK,
 255:.\Generated_Source\PSoC4/SPI_SPI.c ****                                        SPI_SS1_HSIOM_POS, SPI_HSIOM_SPI_SEL);
 256:.\Generated_Source\PSoC4/SPI_SPI.c ****     #endif /* (SPI_SS1_PIN) */
 257:.\Generated_Source\PSoC4/SPI_SPI.c **** 
 258:.\Generated_Source\PSoC4/SPI_SPI.c ****     #if (SPI_SS2_PIN)
ARM GAS  C:\Users\Kevin\AppData\Local\Temp\ccOotEeU.s 			page 6


 259:.\Generated_Source\PSoC4/SPI_SPI.c ****         /* Set SCB SPI to drive output pin */
 260:.\Generated_Source\PSoC4/SPI_SPI.c ****         SPI_SET_HSIOM_SEL(SPI_SS2_HSIOM_REG, SPI_SS2_HSIOM_MASK,
 261:.\Generated_Source\PSoC4/SPI_SPI.c ****                                        SPI_SS2_HSIOM_POS, SPI_HSIOM_SPI_SEL);
 262:.\Generated_Source\PSoC4/SPI_SPI.c ****     #endif /* (SPI_SS2_PIN) */
 263:.\Generated_Source\PSoC4/SPI_SPI.c **** 
 264:.\Generated_Source\PSoC4/SPI_SPI.c ****     #if (SPI_SS3_PIN)
 265:.\Generated_Source\PSoC4/SPI_SPI.c ****         /* Set SCB SPI to drive output pin */
 266:.\Generated_Source\PSoC4/SPI_SPI.c ****         SPI_SET_HSIOM_SEL(SPI_SS3_HSIOM_REG, SPI_SS3_HSIOM_MASK,
 267:.\Generated_Source\PSoC4/SPI_SPI.c ****                                        SPI_SS3_HSIOM_POS, SPI_HSIOM_SPI_SEL);
 268:.\Generated_Source\PSoC4/SPI_SPI.c ****     #endif /* (SPI_SS3_PIN) */
 269:.\Generated_Source\PSoC4/SPI_SPI.c ****     }
 270:.\Generated_Source\PSoC4/SPI_SPI.c **** 
 271:.\Generated_Source\PSoC4/SPI_SPI.c **** #else
 272:.\Generated_Source\PSoC4/SPI_SPI.c **** 
 273:.\Generated_Source\PSoC4/SPI_SPI.c **** #if (SPI_SPI_MASTER_SCLK_PIN)
 274:.\Generated_Source\PSoC4/SPI_SPI.c ****     /* Set SCB SPI to drive output pin */
 275:.\Generated_Source\PSoC4/SPI_SPI.c ****     SPI_SET_HSIOM_SEL(SPI_SCLK_M_HSIOM_REG, SPI_SCLK_M_HSIOM_MASK,
  28              		.loc 1 275 0
  29 0000 054B     		ldr	r3, .L2
  30 0002 1A68     		ldr	r2, [r3]
  31 0004 F021     		mov	r1, #240
  32 0006 0906     		lsl	r1, r1, #24
  33 0008 0A43     		orr	r2, r1
  34 000a 1A60     		str	r2, [r3]
 276:.\Generated_Source\PSoC4/SPI_SPI.c ****                                    SPI_SCLK_M_HSIOM_POS, SPI_HSIOM_SPI_SEL);
 277:.\Generated_Source\PSoC4/SPI_SPI.c **** #endif /* (SPI_MISO_SDA_TX_PIN_PIN) */
 278:.\Generated_Source\PSoC4/SPI_SPI.c **** 
 279:.\Generated_Source\PSoC4/SPI_SPI.c **** #if (SPI_SPI_MASTER_SS0_PIN)
 280:.\Generated_Source\PSoC4/SPI_SPI.c ****     /* Set SCB SPI to drive output pin */
 281:.\Generated_Source\PSoC4/SPI_SPI.c ****     SPI_SET_HSIOM_SEL(SPI_SS0_M_HSIOM_REG, SPI_SS0_M_HSIOM_MASK,
  35              		.loc 1 281 0
  36 000c 1A68     		ldr	r2, [r3]
  37 000e F021     		mov	r1, #240
  38 0010 0905     		lsl	r1, r1, #20
  39 0012 0A43     		orr	r2, r1
  40 0014 1A60     		str	r2, [r3]
 282:.\Generated_Source\PSoC4/SPI_SPI.c ****                                    SPI_SS0_M_HSIOM_POS, SPI_HSIOM_SPI_SEL);
 283:.\Generated_Source\PSoC4/SPI_SPI.c **** #endif /* (SPI_SPI_MASTER_SS0_PIN) */
 284:.\Generated_Source\PSoC4/SPI_SPI.c **** 
 285:.\Generated_Source\PSoC4/SPI_SPI.c **** #if (SPI_SPI_MASTER_SS1_PIN)
 286:.\Generated_Source\PSoC4/SPI_SPI.c ****     /* Set SCB SPI to drive output pin */
 287:.\Generated_Source\PSoC4/SPI_SPI.c ****     SPI_SET_HSIOM_SEL(SPI_SS1_M_HSIOM_REG, SPI_SS1_M_HSIOM_MASK,
 288:.\Generated_Source\PSoC4/SPI_SPI.c ****                                    SPI_SS1_M_HSIOM_POS, SPI_HSIOM_SPI_SEL);
 289:.\Generated_Source\PSoC4/SPI_SPI.c **** #endif /* (SPI_SPI_MASTER_SS1_PIN) */
 290:.\Generated_Source\PSoC4/SPI_SPI.c **** 
 291:.\Generated_Source\PSoC4/SPI_SPI.c **** #if (SPI_SPI_MASTER_SS2_PIN)
 292:.\Generated_Source\PSoC4/SPI_SPI.c ****     /* Set SCB SPI to drive output pin */
 293:.\Generated_Source\PSoC4/SPI_SPI.c ****     SPI_SET_HSIOM_SEL(SPI_SS2_M_HSIOM_REG, SPI_SS2_M_HSIOM_MASK,
 294:.\Generated_Source\PSoC4/SPI_SPI.c ****                                    SPI_SS2_M_HSIOM_POS, SPI_HSIOM_SPI_SEL);
 295:.\Generated_Source\PSoC4/SPI_SPI.c **** #endif /* (SPI_SPI_MASTER_SS2_PIN) */
 296:.\Generated_Source\PSoC4/SPI_SPI.c **** 
 297:.\Generated_Source\PSoC4/SPI_SPI.c **** #if (SPI_SPI_MASTER_SS3_PIN)
 298:.\Generated_Source\PSoC4/SPI_SPI.c ****     /* Set SCB SPI to drive output pin */
 299:.\Generated_Source\PSoC4/SPI_SPI.c ****     SPI_SET_HSIOM_SEL(SPI_SS3_M_HSIOM_REG, SPI_SS3_M_HSIOM_MASK,
 300:.\Generated_Source\PSoC4/SPI_SPI.c ****                                    SPI_SS3_M_HSIOM_POS, SPI_HSIOM_SPI_SEL);
 301:.\Generated_Source\PSoC4/SPI_SPI.c **** #endif /* (SPI_SPI_MASTER_SS3_PIN) */
 302:.\Generated_Source\PSoC4/SPI_SPI.c **** 
ARM GAS  C:\Users\Kevin\AppData\Local\Temp\ccOotEeU.s 			page 7


 303:.\Generated_Source\PSoC4/SPI_SPI.c **** #endif /* (SPI_SCB_MODE_UNCONFIG_CONST_CFG) */
 304:.\Generated_Source\PSoC4/SPI_SPI.c **** }
  41              		.loc 1 304 0
  42              		@ sp needed
  43 0016 7047     		bx	lr
  44              	.L3:
  45              		.align	2
  46              	.L2:
  47 0018 00000240 		.word	1073872896
  48              		.cfi_endproc
  49              	.LFE3:
  50              		.size	SPI_SpiPostEnable, .-SPI_SpiPostEnable
  51              		.section	.text.SPI_SpiStop,"ax",%progbits
  52              		.align	2
  53              		.global	SPI_SpiStop
  54              		.code	16
  55              		.thumb_func
  56              		.type	SPI_SpiStop, %function
  57              	SPI_SpiStop:
  58              	.LFB4:
 305:.\Generated_Source\PSoC4/SPI_SPI.c **** 
 306:.\Generated_Source\PSoC4/SPI_SPI.c **** 
 307:.\Generated_Source\PSoC4/SPI_SPI.c **** /*******************************************************************************
 308:.\Generated_Source\PSoC4/SPI_SPI.c **** * Function Name: SPI_SpiStop
 309:.\Generated_Source\PSoC4/SPI_SPI.c **** ********************************************************************************
 310:.\Generated_Source\PSoC4/SPI_SPI.c **** *
 311:.\Generated_Source\PSoC4/SPI_SPI.c **** * Summary:
 312:.\Generated_Source\PSoC4/SPI_SPI.c **** *  Changes the HSIOM settings for the SPI master output pins (SCLK and/or SS0-SS3) to
 313:.\Generated_Source\PSoC4/SPI_SPI.c **** *  keep them inactive after the block is disabled. The output pins are
 314:.\Generated_Source\PSoC4/SPI_SPI.c **** *  controlled by the GPIO data register.
 315:.\Generated_Source\PSoC4/SPI_SPI.c **** *
 316:.\Generated_Source\PSoC4/SPI_SPI.c **** * Parameters:
 317:.\Generated_Source\PSoC4/SPI_SPI.c **** *  None
 318:.\Generated_Source\PSoC4/SPI_SPI.c **** *
 319:.\Generated_Source\PSoC4/SPI_SPI.c **** * Return:
 320:.\Generated_Source\PSoC4/SPI_SPI.c **** *  None
 321:.\Generated_Source\PSoC4/SPI_SPI.c **** *
 322:.\Generated_Source\PSoC4/SPI_SPI.c **** *******************************************************************************/
 323:.\Generated_Source\PSoC4/SPI_SPI.c **** void SPI_SpiStop(void)
 324:.\Generated_Source\PSoC4/SPI_SPI.c **** {
  59              		.loc 1 324 0
  60              		.cfi_startproc
  61 0000 38B5     		push	{r3, r4, r5, lr}
  62              		.cfi_def_cfa_offset 16
  63              		.cfi_offset 3, -16
  64              		.cfi_offset 4, -12
  65              		.cfi_offset 5, -8
  66              		.cfi_offset 14, -4
 325:.\Generated_Source\PSoC4/SPI_SPI.c **** #if(SPI_SCB_MODE_UNCONFIG_CONST_CFG)
 326:.\Generated_Source\PSoC4/SPI_SPI.c **** 
 327:.\Generated_Source\PSoC4/SPI_SPI.c ****     if (SPI_CHECK_SPI_MASTER)
 328:.\Generated_Source\PSoC4/SPI_SPI.c ****     {
 329:.\Generated_Source\PSoC4/SPI_SPI.c ****     #if (SPI_SCLK_PIN)
 330:.\Generated_Source\PSoC4/SPI_SPI.c ****         /* Set output pin state after block is disabled */
 331:.\Generated_Source\PSoC4/SPI_SPI.c ****         SPI_uart_cts_spi_sclk_Write(SPI_GET_SPI_SCLK_INACTIVE);
 332:.\Generated_Source\PSoC4/SPI_SPI.c **** 
 333:.\Generated_Source\PSoC4/SPI_SPI.c ****         /* Set GPIO to drive output pin */
ARM GAS  C:\Users\Kevin\AppData\Local\Temp\ccOotEeU.s 			page 8


 334:.\Generated_Source\PSoC4/SPI_SPI.c ****         SPI_SET_HSIOM_SEL(SPI_SCLK_HSIOM_REG, SPI_SCLK_HSIOM_MASK,
 335:.\Generated_Source\PSoC4/SPI_SPI.c ****                                        SPI_SCLK_HSIOM_POS, SPI_HSIOM_GPIO_SEL);
 336:.\Generated_Source\PSoC4/SPI_SPI.c ****     #endif /* (SPI_MISO_SDA_TX_PIN_PIN) */
 337:.\Generated_Source\PSoC4/SPI_SPI.c **** 
 338:.\Generated_Source\PSoC4/SPI_SPI.c ****     #if (SPI_SS0_PIN)
 339:.\Generated_Source\PSoC4/SPI_SPI.c ****         /* Set output pin state after block is disabled */
 340:.\Generated_Source\PSoC4/SPI_SPI.c ****         SPI_uart_rts_spi_ss0_Write(SPI_GET_SPI_SS0_INACTIVE);
 341:.\Generated_Source\PSoC4/SPI_SPI.c **** 
 342:.\Generated_Source\PSoC4/SPI_SPI.c ****         /* Set GPIO to drive output pin */
 343:.\Generated_Source\PSoC4/SPI_SPI.c ****         SPI_SET_HSIOM_SEL(SPI_SS0_HSIOM_REG, SPI_SS0_HSIOM_MASK,
 344:.\Generated_Source\PSoC4/SPI_SPI.c ****                                        SPI_SS0_HSIOM_POS, SPI_HSIOM_GPIO_SEL);
 345:.\Generated_Source\PSoC4/SPI_SPI.c ****     #endif /* (SPI_SS0_PIN) */
 346:.\Generated_Source\PSoC4/SPI_SPI.c **** 
 347:.\Generated_Source\PSoC4/SPI_SPI.c ****     #if (SPI_SS1_PIN)
 348:.\Generated_Source\PSoC4/SPI_SPI.c ****         /* Set output pin state after block is disabled */
 349:.\Generated_Source\PSoC4/SPI_SPI.c ****         SPI_spi_ss1_Write(SPI_GET_SPI_SS1_INACTIVE);
 350:.\Generated_Source\PSoC4/SPI_SPI.c **** 
 351:.\Generated_Source\PSoC4/SPI_SPI.c ****         /* Set GPIO to drive output pin */
 352:.\Generated_Source\PSoC4/SPI_SPI.c ****         SPI_SET_HSIOM_SEL(SPI_SS1_HSIOM_REG, SPI_SS1_HSIOM_MASK,
 353:.\Generated_Source\PSoC4/SPI_SPI.c ****                                        SPI_SS1_HSIOM_POS, SPI_HSIOM_GPIO_SEL);
 354:.\Generated_Source\PSoC4/SPI_SPI.c ****     #endif /* (SPI_SS1_PIN) */
 355:.\Generated_Source\PSoC4/SPI_SPI.c **** 
 356:.\Generated_Source\PSoC4/SPI_SPI.c ****     #if (SPI_SS2_PIN)
 357:.\Generated_Source\PSoC4/SPI_SPI.c ****         /* Set output pin state after block is disabled */
 358:.\Generated_Source\PSoC4/SPI_SPI.c ****         SPI_spi_ss2_Write(SPI_GET_SPI_SS2_INACTIVE);
 359:.\Generated_Source\PSoC4/SPI_SPI.c **** 
 360:.\Generated_Source\PSoC4/SPI_SPI.c ****         /* Set GPIO to drive output pin */
 361:.\Generated_Source\PSoC4/SPI_SPI.c ****         SPI_SET_HSIOM_SEL(SPI_SS2_HSIOM_REG, SPI_SS2_HSIOM_MASK,
 362:.\Generated_Source\PSoC4/SPI_SPI.c ****                                        SPI_SS2_HSIOM_POS, SPI_HSIOM_GPIO_SEL);
 363:.\Generated_Source\PSoC4/SPI_SPI.c ****     #endif /* (SPI_SS2_PIN) */
 364:.\Generated_Source\PSoC4/SPI_SPI.c **** 
 365:.\Generated_Source\PSoC4/SPI_SPI.c ****     #if (SPI_SS3_PIN)
 366:.\Generated_Source\PSoC4/SPI_SPI.c ****         /* Set output pin state after block is disabled */
 367:.\Generated_Source\PSoC4/SPI_SPI.c ****         SPI_spi_ss3_Write(SPI_GET_SPI_SS3_INACTIVE);
 368:.\Generated_Source\PSoC4/SPI_SPI.c **** 
 369:.\Generated_Source\PSoC4/SPI_SPI.c ****         /* Set GPIO to drive output pin */
 370:.\Generated_Source\PSoC4/SPI_SPI.c ****         SPI_SET_HSIOM_SEL(SPI_SS3_HSIOM_REG, SPI_SS3_HSIOM_MASK,
 371:.\Generated_Source\PSoC4/SPI_SPI.c ****                                        SPI_SS3_HSIOM_POS, SPI_HSIOM_GPIO_SEL);
 372:.\Generated_Source\PSoC4/SPI_SPI.c ****     #endif /* (SPI_SS3_PIN) */
 373:.\Generated_Source\PSoC4/SPI_SPI.c ****     }
 374:.\Generated_Source\PSoC4/SPI_SPI.c **** 
 375:.\Generated_Source\PSoC4/SPI_SPI.c **** #else
 376:.\Generated_Source\PSoC4/SPI_SPI.c **** 
 377:.\Generated_Source\PSoC4/SPI_SPI.c **** #if (SPI_SPI_MASTER_SCLK_PIN)
 378:.\Generated_Source\PSoC4/SPI_SPI.c ****     /* Set output pin state after block is disabled */
 379:.\Generated_Source\PSoC4/SPI_SPI.c ****     SPI_sclk_m_Write(SPI_GET_SPI_SCLK_INACTIVE);
  67              		.loc 1 379 0
  68 0002 0C4D     		ldr	r5, .L5
  69 0004 2868     		ldr	r0, [r5]
  70 0006 0007     		lsl	r0, r0, #28
  71 0008 C00F     		lsr	r0, r0, #31
  72 000a FFF7FEFF 		bl	SPI_sclk_m_Write
  73              	.LVL0:
 380:.\Generated_Source\PSoC4/SPI_SPI.c **** 
 381:.\Generated_Source\PSoC4/SPI_SPI.c ****     /* Set GPIO to drive output pin */
 382:.\Generated_Source\PSoC4/SPI_SPI.c ****     SPI_SET_HSIOM_SEL(SPI_SCLK_M_HSIOM_REG, SPI_SCLK_M_HSIOM_MASK,
  74              		.loc 1 382 0
ARM GAS  C:\Users\Kevin\AppData\Local\Temp\ccOotEeU.s 			page 9


  75 000e 0A4C     		ldr	r4, .L5+4
  76 0010 2368     		ldr	r3, [r4]
  77 0012 1B01     		lsl	r3, r3, #4
  78 0014 1B09     		lsr	r3, r3, #4
  79 0016 2360     		str	r3, [r4]
 383:.\Generated_Source\PSoC4/SPI_SPI.c ****                                    SPI_SCLK_M_HSIOM_POS, SPI_HSIOM_GPIO_SEL);
 384:.\Generated_Source\PSoC4/SPI_SPI.c **** #endif /* (SPI_MISO_SDA_TX_PIN_PIN) */
 385:.\Generated_Source\PSoC4/SPI_SPI.c **** 
 386:.\Generated_Source\PSoC4/SPI_SPI.c **** #if (SPI_SPI_MASTER_SS0_PIN)
 387:.\Generated_Source\PSoC4/SPI_SPI.c ****     /* Set output pin state after block is disabled */
 388:.\Generated_Source\PSoC4/SPI_SPI.c ****     SPI_ss0_m_Write(SPI_GET_SPI_SS0_INACTIVE);
  80              		.loc 1 388 0
  81 0018 2868     		ldr	r0, [r5]
  82 001a 8023     		mov	r3, #128
  83 001c 5B00     		lsl	r3, r3, #1
  84 001e 1840     		and	r0, r3
  85 0020 4342     		neg	r3, r0
  86 0022 5841     		adc	r0, r0, r3
  87 0024 C0B2     		uxtb	r0, r0
  88 0026 FFF7FEFF 		bl	SPI_ss0_m_Write
  89              	.LVL1:
 389:.\Generated_Source\PSoC4/SPI_SPI.c **** 
 390:.\Generated_Source\PSoC4/SPI_SPI.c ****     /* Set GPIO to drive output pin */
 391:.\Generated_Source\PSoC4/SPI_SPI.c ****     SPI_SET_HSIOM_SEL(SPI_SS0_M_HSIOM_REG, SPI_SS0_M_HSIOM_MASK,
  90              		.loc 1 391 0
  91 002a 2268     		ldr	r2, [r4]
  92 002c 034B     		ldr	r3, .L5+8
  93 002e 1340     		and	r3, r2
  94 0030 2360     		str	r3, [r4]
 392:.\Generated_Source\PSoC4/SPI_SPI.c ****                                    SPI_SS0_M_HSIOM_POS, SPI_HSIOM_GPIO_SEL);
 393:.\Generated_Source\PSoC4/SPI_SPI.c **** #endif /* (SPI_SPI_MASTER_SS0_PIN) */
 394:.\Generated_Source\PSoC4/SPI_SPI.c **** 
 395:.\Generated_Source\PSoC4/SPI_SPI.c **** #if (SPI_SPI_MASTER_SS1_PIN)
 396:.\Generated_Source\PSoC4/SPI_SPI.c ****     /* Set output pin state after block is disabled */
 397:.\Generated_Source\PSoC4/SPI_SPI.c ****     SPI_ss1_m_Write(SPI_GET_SPI_SS1_INACTIVE);
 398:.\Generated_Source\PSoC4/SPI_SPI.c **** 
 399:.\Generated_Source\PSoC4/SPI_SPI.c ****     /* Set GPIO to drive output pin */
 400:.\Generated_Source\PSoC4/SPI_SPI.c ****     SPI_SET_HSIOM_SEL(SPI_SS1_M_HSIOM_REG, SPI_SS1_M_HSIOM_MASK,
 401:.\Generated_Source\PSoC4/SPI_SPI.c ****                                    SPI_SS1_M_HSIOM_POS, SPI_HSIOM_GPIO_SEL);
 402:.\Generated_Source\PSoC4/SPI_SPI.c **** #endif /* (SPI_SPI_MASTER_SS1_PIN) */
 403:.\Generated_Source\PSoC4/SPI_SPI.c **** 
 404:.\Generated_Source\PSoC4/SPI_SPI.c **** #if (SPI_SPI_MASTER_SS2_PIN)
 405:.\Generated_Source\PSoC4/SPI_SPI.c ****     /* Set output pin state after block is disabled */
 406:.\Generated_Source\PSoC4/SPI_SPI.c ****     SPI_ss2_m_Write(SPI_GET_SPI_SS2_INACTIVE);
 407:.\Generated_Source\PSoC4/SPI_SPI.c **** 
 408:.\Generated_Source\PSoC4/SPI_SPI.c ****     /* Set GPIO to drive output pin */
 409:.\Generated_Source\PSoC4/SPI_SPI.c ****     SPI_SET_HSIOM_SEL(SPI_SS2_M_HSIOM_REG, SPI_SS2_M_HSIOM_MASK,
 410:.\Generated_Source\PSoC4/SPI_SPI.c ****                                    SPI_SS2_M_HSIOM_POS, SPI_HSIOM_GPIO_SEL);
 411:.\Generated_Source\PSoC4/SPI_SPI.c **** #endif /* (SPI_SPI_MASTER_SS2_PIN) */
 412:.\Generated_Source\PSoC4/SPI_SPI.c **** 
 413:.\Generated_Source\PSoC4/SPI_SPI.c **** #if (SPI_SPI_MASTER_SS3_PIN)
 414:.\Generated_Source\PSoC4/SPI_SPI.c ****     /* Set output pin state after block is disabled */
 415:.\Generated_Source\PSoC4/SPI_SPI.c ****     SPI_ss3_m_Write(SPI_GET_SPI_SS3_INACTIVE);
 416:.\Generated_Source\PSoC4/SPI_SPI.c **** 
 417:.\Generated_Source\PSoC4/SPI_SPI.c ****     /* Set GPIO to drive output pin */
 418:.\Generated_Source\PSoC4/SPI_SPI.c ****     SPI_SET_HSIOM_SEL(SPI_SS3_M_HSIOM_REG, SPI_SS3_M_HSIOM_MASK,
 419:.\Generated_Source\PSoC4/SPI_SPI.c ****                                    SPI_SS3_M_HSIOM_POS, SPI_HSIOM_GPIO_SEL);
ARM GAS  C:\Users\Kevin\AppData\Local\Temp\ccOotEeU.s 			page 10


 420:.\Generated_Source\PSoC4/SPI_SPI.c **** #endif /* (SPI_SPI_MASTER_SS3_PIN) */
 421:.\Generated_Source\PSoC4/SPI_SPI.c **** 
 422:.\Generated_Source\PSoC4/SPI_SPI.c **** #endif /* (SPI_SCB_MODE_UNCONFIG_CONST_CFG) */
 423:.\Generated_Source\PSoC4/SPI_SPI.c **** }
  95              		.loc 1 423 0
  96              		@ sp needed
  97 0032 38BD     		pop	{r3, r4, r5, pc}
  98              	.L6:
  99              		.align	2
 100              	.L5:
 101 0034 20002440 		.word	1076101152
 102 0038 00000240 		.word	1073872896
 103 003c FFFFFFF0 		.word	-251658241
 104              		.cfi_endproc
 105              	.LFE4:
 106              		.size	SPI_SpiStop, .-SPI_SpiStop
 107              		.section	.text.SPI_SpiSetActiveSlaveSelect,"ax",%progbits
 108              		.align	2
 109              		.global	SPI_SpiSetActiveSlaveSelect
 110              		.code	16
 111              		.thumb_func
 112              		.type	SPI_SpiSetActiveSlaveSelect, %function
 113              	SPI_SpiSetActiveSlaveSelect:
 114              	.LFB5:
 424:.\Generated_Source\PSoC4/SPI_SPI.c **** 
 425:.\Generated_Source\PSoC4/SPI_SPI.c **** 
 426:.\Generated_Source\PSoC4/SPI_SPI.c **** #if (SPI_SPI_MASTER_CONST)
 427:.\Generated_Source\PSoC4/SPI_SPI.c ****     /*******************************************************************************
 428:.\Generated_Source\PSoC4/SPI_SPI.c ****     * Function Name: SPI_SetActiveSlaveSelect
 429:.\Generated_Source\PSoC4/SPI_SPI.c ****     ********************************************************************************
 430:.\Generated_Source\PSoC4/SPI_SPI.c ****     *
 431:.\Generated_Source\PSoC4/SPI_SPI.c ****     * Summary:
 432:.\Generated_Source\PSoC4/SPI_SPI.c ****     *  Selects one of the four slave select lines to be active during the transfer.
 433:.\Generated_Source\PSoC4/SPI_SPI.c ****     *  After initialization the active slave select line is 0.
 434:.\Generated_Source\PSoC4/SPI_SPI.c ****     *  The component should be in one of the following states to change the active
 435:.\Generated_Source\PSoC4/SPI_SPI.c ****     *  slave select signal source correctly:
 436:.\Generated_Source\PSoC4/SPI_SPI.c ****     *   - The component is disabled
 437:.\Generated_Source\PSoC4/SPI_SPI.c ****     *   - The component has completed transfer (TX FIFO is empty and the
 438:.\Generated_Source\PSoC4/SPI_SPI.c ****     *     SCB_INTR_MASTER_SPI_DONE status is set)
 439:.\Generated_Source\PSoC4/SPI_SPI.c ****     *  This function does not check that these conditions are met.
 440:.\Generated_Source\PSoC4/SPI_SPI.c ****     *  This function is only applicable to SPI Master mode of operation.
 441:.\Generated_Source\PSoC4/SPI_SPI.c ****     *
 442:.\Generated_Source\PSoC4/SPI_SPI.c ****     * Parameters:
 443:.\Generated_Source\PSoC4/SPI_SPI.c ****     *  slaveSelect: slave select line which will be active while the following
 444:.\Generated_Source\PSoC4/SPI_SPI.c ****     *               transfer.
 445:.\Generated_Source\PSoC4/SPI_SPI.c ****     *   SPI_SPI_SLAVE_SELECT0 - Slave select 0
 446:.\Generated_Source\PSoC4/SPI_SPI.c ****     *   SPI_SPI_SLAVE_SELECT1 - Slave select 1
 447:.\Generated_Source\PSoC4/SPI_SPI.c ****     *   SPI_SPI_SLAVE_SELECT2 - Slave select 2
 448:.\Generated_Source\PSoC4/SPI_SPI.c ****     *   SPI_SPI_SLAVE_SELECT3 - Slave select 3
 449:.\Generated_Source\PSoC4/SPI_SPI.c ****     *
 450:.\Generated_Source\PSoC4/SPI_SPI.c ****     * Return:
 451:.\Generated_Source\PSoC4/SPI_SPI.c ****     *  None
 452:.\Generated_Source\PSoC4/SPI_SPI.c ****     *
 453:.\Generated_Source\PSoC4/SPI_SPI.c ****     *******************************************************************************/
 454:.\Generated_Source\PSoC4/SPI_SPI.c ****     void SPI_SpiSetActiveSlaveSelect(uint32 slaveSelect)
 455:.\Generated_Source\PSoC4/SPI_SPI.c ****     {
 115              		.loc 1 455 0
ARM GAS  C:\Users\Kevin\AppData\Local\Temp\ccOotEeU.s 			page 11


 116              		.cfi_startproc
 117              	.LVL2:
 456:.\Generated_Source\PSoC4/SPI_SPI.c ****         uint32 spiCtrl;
 457:.\Generated_Source\PSoC4/SPI_SPI.c **** 
 458:.\Generated_Source\PSoC4/SPI_SPI.c ****         spiCtrl = SPI_SPI_CTRL_REG;
 118              		.loc 1 458 0
 119 0000 0549     		ldr	r1, .L8
 120 0002 0A68     		ldr	r2, [r1]
 121              	.LVL3:
 459:.\Generated_Source\PSoC4/SPI_SPI.c **** 
 460:.\Generated_Source\PSoC4/SPI_SPI.c ****         spiCtrl &= (uint32) ~SPI_SPI_CTRL_SLAVE_SELECT_MASK;
 122              		.loc 1 460 0
 123 0004 054B     		ldr	r3, .L8+4
 124 0006 1340     		and	r3, r2
 125              	.LVL4:
 461:.\Generated_Source\PSoC4/SPI_SPI.c ****         spiCtrl |= (uint32)  SPI_GET_SPI_CTRL_SS(slaveSelect);
 126              		.loc 1 461 0
 127 0008 8006     		lsl	r0, r0, #26
 128              	.LVL5:
 129 000a C022     		mov	r2, #192
 130 000c 1205     		lsl	r2, r2, #20
 131 000e 1040     		and	r0, r2
 132 0010 1843     		orr	r0, r3
 133              	.LVL6:
 462:.\Generated_Source\PSoC4/SPI_SPI.c **** 
 463:.\Generated_Source\PSoC4/SPI_SPI.c ****         SPI_SPI_CTRL_REG = spiCtrl;
 134              		.loc 1 463 0
 135 0012 0860     		str	r0, [r1]
 464:.\Generated_Source\PSoC4/SPI_SPI.c ****     }
 136              		.loc 1 464 0
 137              		@ sp needed
 138 0014 7047     		bx	lr
 139              	.L9:
 140 0016 C046     		.align	2
 141              	.L8:
 142 0018 20002440 		.word	1076101152
 143 001c FFFFFFF3 		.word	-201326593
 144              		.cfi_endproc
 145              	.LFE5:
 146              		.size	SPI_SpiSetActiveSlaveSelect, .-SPI_SpiSetActiveSlaveSelect
 147              		.section	.text.SPI_SpiInit,"ax",%progbits
 148              		.align	2
 149              		.global	SPI_SpiInit
 150              		.code	16
 151              		.thumb_func
 152              		.type	SPI_SpiInit, %function
 153              	SPI_SpiInit:
 154              	.LFB2:
 172:.\Generated_Source\PSoC4/SPI_SPI.c ****         /* Configure SPI interface */
 155              		.loc 1 172 0
 156              		.cfi_startproc
 157 0000 08B5     		push	{r3, lr}
 158              		.cfi_def_cfa_offset 8
 159              		.cfi_offset 3, -8
 160              		.cfi_offset 14, -4
 174:.\Generated_Source\PSoC4/SPI_SPI.c ****         SPI_SPI_CTRL_REG = SPI_SPI_DEFAULT_SPI_CTRL;
 161              		.loc 1 174 0
ARM GAS  C:\Users\Kevin\AppData\Local\Temp\ccOotEeU.s 			page 12


 162 0002 104A     		ldr	r2, .L11
 163 0004 104B     		ldr	r3, .L11+4
 164 0006 1A60     		str	r2, [r3]
 175:.\Generated_Source\PSoC4/SPI_SPI.c **** 
 165              		.loc 1 175 0
 166 0008 104A     		ldr	r2, .L11+8
 167 000a 114B     		ldr	r3, .L11+12
 168 000c 1A60     		str	r2, [r3]
 178:.\Generated_Source\PSoC4/SPI_SPI.c ****         SPI_RX_FIFO_CTRL_REG = SPI_SPI_DEFAULT_RX_FIFO_CTRL;
 169              		.loc 1 178 0
 170 000e 114B     		ldr	r3, .L11+16
 171 0010 114A     		ldr	r2, .L11+20
 172 0012 1360     		str	r3, [r2]
 179:.\Generated_Source\PSoC4/SPI_SPI.c **** 
 173              		.loc 1 179 0
 174 0014 0721     		mov	r1, #7
 175 0016 114A     		ldr	r2, .L11+24
 176 0018 1160     		str	r1, [r2]
 182:.\Generated_Source\PSoC4/SPI_SPI.c ****         SPI_TX_FIFO_CTRL_REG = SPI_SPI_DEFAULT_TX_FIFO_CTRL;
 177              		.loc 1 182 0
 178 001a 114A     		ldr	r2, .L11+28
 179 001c 1360     		str	r3, [r2]
 183:.\Generated_Source\PSoC4/SPI_SPI.c **** 
 180              		.loc 1 183 0
 181 001e 0023     		mov	r3, #0
 182 0020 104A     		ldr	r2, .L11+32
 183 0022 1360     		str	r3, [r2]
 193:.\Generated_Source\PSoC4/SPI_SPI.c ****         SPI_INTR_SPI_EC_MASK_REG = SPI_SPI_DEFAULT_INTR_SPI_EC_MASK;
 184              		.loc 1 193 0
 185 0024 104A     		ldr	r2, .L11+36
 186 0026 1360     		str	r3, [r2]
 194:.\Generated_Source\PSoC4/SPI_SPI.c ****         SPI_INTR_SLAVE_MASK_REG  = SPI_SPI_DEFAULT_INTR_SLAVE_MASK;
 187              		.loc 1 194 0
 188 0028 104A     		ldr	r2, .L11+40
 189 002a 1360     		str	r3, [r2]
 195:.\Generated_Source\PSoC4/SPI_SPI.c ****         SPI_INTR_MASTER_MASK_REG = SPI_SPI_DEFAULT_INTR_MASTER_MASK;
 190              		.loc 1 195 0
 191 002c 104A     		ldr	r2, .L11+44
 192 002e 1360     		str	r3, [r2]
 196:.\Generated_Source\PSoC4/SPI_SPI.c ****         SPI_INTR_RX_MASK_REG     = SPI_SPI_DEFAULT_INTR_RX_MASK;
 193              		.loc 1 196 0
 194 0030 104A     		ldr	r2, .L11+48
 195 0032 1360     		str	r3, [r2]
 197:.\Generated_Source\PSoC4/SPI_SPI.c ****         SPI_INTR_TX_MASK_REG     = SPI_SPI_DEFAULT_INTR_TX_MASK;
 196              		.loc 1 197 0
 197 0034 104A     		ldr	r2, .L11+52
 198 0036 1360     		str	r3, [r2]
 198:.\Generated_Source\PSoC4/SPI_SPI.c **** 
 199              		.loc 1 198 0
 200 0038 104A     		ldr	r2, .L11+56
 201 003a 1360     		str	r3, [r2]
 202:.\Generated_Source\PSoC4/SPI_SPI.c ****     #endif /* (SPI_SPI_MASTER_CONST) */
 202              		.loc 1 202 0
 203 003c 0020     		mov	r0, #0
 204 003e FFF7FEFF 		bl	SPI_SpiSetActiveSlaveSelect
 205              	.LVL7:
 215:.\Generated_Source\PSoC4/SPI_SPI.c **** #endif /* (SPI_SCB_MODE_UNCONFIG_CONST_CFG) */
ARM GAS  C:\Users\Kevin\AppData\Local\Temp\ccOotEeU.s 			page 13


 206              		.loc 1 215 0
 207              		@ sp needed
 208 0042 08BD     		pop	{r3, pc}
 209              	.L12:
 210              		.align	2
 211              	.L11:
 212 0044 0F000001 		.word	16777231
 213 0048 00002440 		.word	1076101120
 214 004c 01000080 		.word	-2147483647
 215 0050 20002440 		.word	1076101152
 216 0054 07010080 		.word	-2147483385
 217 0058 00032440 		.word	1076101888
 218 005c 04032440 		.word	1076101892
 219 0060 00022440 		.word	1076101632
 220 0064 04022440 		.word	1076101636
 221 0068 880E2440 		.word	1076104840
 222 006c C80E2440 		.word	1076104904
 223 0070 480F2440 		.word	1076105032
 224 0074 080F2440 		.word	1076104968
 225 0078 C80F2440 		.word	1076105160
 226 007c 880F2440 		.word	1076105096
 227              		.cfi_endproc
 228              	.LFE2:
 229              		.size	SPI_SpiInit, .-SPI_SpiInit
 230              		.section	.text.SPI_SpiSetSlaveSelectPolarity,"ax",%progbits
 231              		.align	2
 232              		.global	SPI_SpiSetSlaveSelectPolarity
 233              		.code	16
 234              		.thumb_func
 235              		.type	SPI_SpiSetSlaveSelectPolarity, %function
 236              	SPI_SpiSetSlaveSelectPolarity:
 237              	.LFB6:
 465:.\Generated_Source\PSoC4/SPI_SPI.c **** #endif /* (SPI_SPI_MASTER_CONST) */
 466:.\Generated_Source\PSoC4/SPI_SPI.c **** 
 467:.\Generated_Source\PSoC4/SPI_SPI.c **** 
 468:.\Generated_Source\PSoC4/SPI_SPI.c **** #if !(SPI_CY_SCBIP_V0 || SPI_CY_SCBIP_V1)
 469:.\Generated_Source\PSoC4/SPI_SPI.c ****     /*******************************************************************************
 470:.\Generated_Source\PSoC4/SPI_SPI.c ****     * Function Name: SPI_SpiSetSlaveSelectPolarity
 471:.\Generated_Source\PSoC4/SPI_SPI.c ****     ********************************************************************************
 472:.\Generated_Source\PSoC4/SPI_SPI.c ****     *
 473:.\Generated_Source\PSoC4/SPI_SPI.c ****     * Summary:
 474:.\Generated_Source\PSoC4/SPI_SPI.c ****     *  Sets active polarity for slave select line.
 475:.\Generated_Source\PSoC4/SPI_SPI.c ****     *  The component should be in one of the following states to change the active
 476:.\Generated_Source\PSoC4/SPI_SPI.c ****     *  slave select signal source correctly:
 477:.\Generated_Source\PSoC4/SPI_SPI.c ****     *   - The component is disabled.
 478:.\Generated_Source\PSoC4/SPI_SPI.c ****     *   - The component has completed transfer.
 479:.\Generated_Source\PSoC4/SPI_SPI.c ****     *  This function does not check that these conditions are met.
 480:.\Generated_Source\PSoC4/SPI_SPI.c ****     *
 481:.\Generated_Source\PSoC4/SPI_SPI.c ****     * Parameters:
 482:.\Generated_Source\PSoC4/SPI_SPI.c ****     *  slaveSelect: slave select line to change active polarity.
 483:.\Generated_Source\PSoC4/SPI_SPI.c ****     *   SPI_SPI_SLAVE_SELECT0 - Slave select 0
 484:.\Generated_Source\PSoC4/SPI_SPI.c ****     *   SPI_SPI_SLAVE_SELECT1 - Slave select 1
 485:.\Generated_Source\PSoC4/SPI_SPI.c ****     *   SPI_SPI_SLAVE_SELECT2 - Slave select 2
 486:.\Generated_Source\PSoC4/SPI_SPI.c ****     *   SPI_SPI_SLAVE_SELECT3 - Slave select 3
 487:.\Generated_Source\PSoC4/SPI_SPI.c ****     *
 488:.\Generated_Source\PSoC4/SPI_SPI.c ****     *  polarity: active polarity of slave select line.
 489:.\Generated_Source\PSoC4/SPI_SPI.c ****     *   SPI_SPI_SS_ACTIVE_LOW  - Slave select is active low
ARM GAS  C:\Users\Kevin\AppData\Local\Temp\ccOotEeU.s 			page 14


 490:.\Generated_Source\PSoC4/SPI_SPI.c ****     *   SPI_SPI_SS_ACTIVE_HIGH - Slave select is active high
 491:.\Generated_Source\PSoC4/SPI_SPI.c ****     *
 492:.\Generated_Source\PSoC4/SPI_SPI.c ****     * Return:
 493:.\Generated_Source\PSoC4/SPI_SPI.c ****     *  None
 494:.\Generated_Source\PSoC4/SPI_SPI.c ****     *
 495:.\Generated_Source\PSoC4/SPI_SPI.c ****     *******************************************************************************/
 496:.\Generated_Source\PSoC4/SPI_SPI.c ****     void SPI_SpiSetSlaveSelectPolarity(uint32 slaveSelect, uint32 polarity)
 497:.\Generated_Source\PSoC4/SPI_SPI.c ****     {
 238              		.loc 1 497 0
 239              		.cfi_startproc
 240              	.LVL8:
 498:.\Generated_Source\PSoC4/SPI_SPI.c ****         uint32 ssPolarity;
 499:.\Generated_Source\PSoC4/SPI_SPI.c **** 
 500:.\Generated_Source\PSoC4/SPI_SPI.c ****         /* Get position of the polarity bit associated with slave select line */
 501:.\Generated_Source\PSoC4/SPI_SPI.c ****         ssPolarity = SPI_GET_SPI_CTRL_SSEL_POLARITY((uint32) 1u << slaveSelect);
 241              		.loc 1 501 0
 242 0000 8023     		mov	r3, #128
 243 0002 5B00     		lsl	r3, r3, #1
 244 0004 8340     		lsl	r3, r3, r0
 245 0006 181C     		mov	r0, r3
 246              	.LVL9:
 247 0008 F023     		mov	r3, #240
 248 000a 1B01     		lsl	r3, r3, #4
 249 000c 1840     		and	r0, r3
 250              	.LVL10:
 502:.\Generated_Source\PSoC4/SPI_SPI.c **** 
 503:.\Generated_Source\PSoC4/SPI_SPI.c ****         if (0u != polarity)
 251              		.loc 1 503 0
 252 000e 0029     		cmp	r1, #0
 253 0010 04D0     		beq	.L14
 504:.\Generated_Source\PSoC4/SPI_SPI.c ****         {
 505:.\Generated_Source\PSoC4/SPI_SPI.c ****             SPI_SPI_CTRL_REG |= (uint32)  ssPolarity;
 254              		.loc 1 505 0
 255 0012 054B     		ldr	r3, .L16
 256 0014 1A68     		ldr	r2, [r3]
 257 0016 1043     		orr	r0, r2
 258              	.LVL11:
 259 0018 1860     		str	r0, [r3]
 260 001a 03E0     		b	.L13
 261              	.LVL12:
 262              	.L14:
 506:.\Generated_Source\PSoC4/SPI_SPI.c ****         }
 507:.\Generated_Source\PSoC4/SPI_SPI.c ****         else
 508:.\Generated_Source\PSoC4/SPI_SPI.c ****         {
 509:.\Generated_Source\PSoC4/SPI_SPI.c ****             SPI_SPI_CTRL_REG &= (uint32) ~ssPolarity;
 263              		.loc 1 509 0
 264 001c 024A     		ldr	r2, .L16
 265 001e 1368     		ldr	r3, [r2]
 266 0020 8343     		bic	r3, r0
 267 0022 1360     		str	r3, [r2]
 268              	.LVL13:
 269              	.L13:
 510:.\Generated_Source\PSoC4/SPI_SPI.c ****         }
 511:.\Generated_Source\PSoC4/SPI_SPI.c ****     }
 270              		.loc 1 511 0
 271              		@ sp needed
 272 0024 7047     		bx	lr
ARM GAS  C:\Users\Kevin\AppData\Local\Temp\ccOotEeU.s 			page 15


 273              	.L17:
 274 0026 C046     		.align	2
 275              	.L16:
 276 0028 20002440 		.word	1076101152
 277              		.cfi_endproc
 278              	.LFE6:
 279              		.size	SPI_SpiSetSlaveSelectPolarity, .-SPI_SpiSetSlaveSelectPolarity
 280              		.text
 281              	.Letext0:
 282              		.file 2 "Generated_Source\\PSoC4/cytypes.h"
 283              		.file 3 ".\\Generated_Source\\PSoC4\\SPI_sclk_m.h"
 284              		.file 4 ".\\Generated_Source\\PSoC4\\SPI_ss0_m.h"
 285              		.section	.debug_info,"",%progbits
 286              	.Ldebug_info0:
 287 0000 A4010000 		.4byte	0x1a4
 288 0004 0400     		.2byte	0x4
 289 0006 00000000 		.4byte	.Ldebug_abbrev0
 290 000a 04       		.byte	0x4
 291 000b 01       		.uleb128 0x1
 292 000c 54010000 		.4byte	.LASF24
 293 0010 01       		.byte	0x1
 294 0011 E2010000 		.4byte	.LASF25
 295 0015 E8000000 		.4byte	.LASF26
 296 0019 00000000 		.4byte	.Ldebug_ranges0+0
 297 001d 00000000 		.4byte	0
 298 0021 00000000 		.4byte	.Ldebug_line0
 299 0025 02       		.uleb128 0x2
 300 0026 01       		.byte	0x1
 301 0027 06       		.byte	0x6
 302 0028 43020000 		.4byte	.LASF0
 303 002c 02       		.uleb128 0x2
 304 002d 01       		.byte	0x1
 305 002e 08       		.byte	0x8
 306 002f 68000000 		.4byte	.LASF1
 307 0033 02       		.uleb128 0x2
 308 0034 02       		.byte	0x2
 309 0035 05       		.byte	0x5
 310 0036 A7000000 		.4byte	.LASF2
 311 003a 02       		.uleb128 0x2
 312 003b 02       		.byte	0x2
 313 003c 07       		.byte	0x7
 314 003d 1C000000 		.4byte	.LASF3
 315 0041 02       		.uleb128 0x2
 316 0042 04       		.byte	0x4
 317 0043 05       		.byte	0x5
 318 0044 34020000 		.4byte	.LASF4
 319 0048 02       		.uleb128 0x2
 320 0049 04       		.byte	0x4
 321 004a 07       		.byte	0x7
 322 004b 76000000 		.4byte	.LASF5
 323 004f 02       		.uleb128 0x2
 324 0050 08       		.byte	0x8
 325 0051 05       		.byte	0x5
 326 0052 39010000 		.4byte	.LASF6
 327 0056 02       		.uleb128 0x2
 328 0057 08       		.byte	0x8
 329 0058 07       		.byte	0x7
ARM GAS  C:\Users\Kevin\AppData\Local\Temp\ccOotEeU.s 			page 16


 330 0059 D1000000 		.4byte	.LASF7
 331 005d 03       		.uleb128 0x3
 332 005e 04       		.byte	0x4
 333 005f 05       		.byte	0x5
 334 0060 696E7400 		.ascii	"int\000"
 335 0064 02       		.uleb128 0x2
 336 0065 04       		.byte	0x4
 337 0066 07       		.byte	0x7
 338 0067 C4000000 		.4byte	.LASF8
 339 006b 04       		.uleb128 0x4
 340 006c 9A000000 		.4byte	.LASF9
 341 0070 02       		.byte	0x2
 342 0071 C2       		.byte	0xc2
 343 0072 2C000000 		.4byte	0x2c
 344 0076 04       		.uleb128 0x4
 345 0077 BD000000 		.4byte	.LASF10
 346 007b 02       		.byte	0x2
 347 007c C4       		.byte	0xc4
 348 007d 48000000 		.4byte	0x48
 349 0081 02       		.uleb128 0x2
 350 0082 04       		.byte	0x4
 351 0083 04       		.byte	0x4
 352 0084 62000000 		.4byte	.LASF11
 353 0088 02       		.uleb128 0x2
 354 0089 08       		.byte	0x8
 355 008a 04       		.byte	0x4
 356 008b A0000000 		.4byte	.LASF12
 357 008f 02       		.uleb128 0x2
 358 0090 01       		.byte	0x1
 359 0091 08       		.byte	0x8
 360 0092 47010000 		.4byte	.LASF13
 361 0096 05       		.uleb128 0x5
 362 0097 3D020000 		.4byte	.LASF14
 363 009b 02       		.byte	0x2
 364 009c 6E01     		.2byte	0x16e
 365 009e A2000000 		.4byte	0xa2
 366 00a2 06       		.uleb128 0x6
 367 00a3 76000000 		.4byte	0x76
 368 00a7 02       		.uleb128 0x2
 369 00a8 04       		.byte	0x4
 370 00a9 07       		.byte	0x7
 371 00aa 30010000 		.4byte	.LASF15
 372 00ae 07       		.uleb128 0x7
 373 00af 88000000 		.4byte	.LASF27
 374 00b3 01       		.byte	0x1
 375 00b4 EA       		.byte	0xea
 376 00b5 00000000 		.4byte	.LFB3
 377 00b9 1C000000 		.4byte	.LFE3-.LFB3
 378 00bd 01       		.uleb128 0x1
 379 00be 9C       		.byte	0x9c
 380 00bf 08       		.uleb128 0x8
 381 00c0 B1000000 		.4byte	.LASF16
 382 00c4 01       		.byte	0x1
 383 00c5 4301     		.2byte	0x143
 384 00c7 00000000 		.4byte	.LFB4
 385 00cb 40000000 		.4byte	.LFE4-.LFB4
 386 00cf 01       		.uleb128 0x1
ARM GAS  C:\Users\Kevin\AppData\Local\Temp\ccOotEeU.s 			page 17


 387 00d0 9C       		.byte	0x9c
 388 00d1 E8000000 		.4byte	0xe8
 389 00d5 09       		.uleb128 0x9
 390 00d6 0E000000 		.4byte	.LVL0
 391 00da 89010000 		.4byte	0x189
 392 00de 09       		.uleb128 0x9
 393 00df 2A000000 		.4byte	.LVL1
 394 00e3 9A010000 		.4byte	0x19a
 395 00e7 00       		.byte	0
 396 00e8 08       		.uleb128 0x8
 397 00e9 46000000 		.4byte	.LASF17
 398 00ed 01       		.byte	0x1
 399 00ee C601     		.2byte	0x1c6
 400 00f0 00000000 		.4byte	.LFB5
 401 00f4 20000000 		.4byte	.LFE5-.LFB5
 402 00f8 01       		.uleb128 0x1
 403 00f9 9C       		.byte	0x9c
 404 00fa 1F010000 		.4byte	0x11f
 405 00fe 0A       		.uleb128 0xa
 406 00ff 10000000 		.4byte	.LASF20
 407 0103 01       		.byte	0x1
 408 0104 C601     		.2byte	0x1c6
 409 0106 76000000 		.4byte	0x76
 410 010a 00000000 		.4byte	.LLST0
 411 010e 0B       		.uleb128 0xb
 412 010f 4C010000 		.4byte	.LASF22
 413 0113 01       		.byte	0x1
 414 0114 C801     		.2byte	0x1c8
 415 0116 76000000 		.4byte	0x76
 416 011a 21000000 		.4byte	.LLST1
 417 011e 00       		.byte	0
 418 011f 0C       		.uleb128 0xc
 419 0120 2F000000 		.4byte	.LASF18
 420 0124 01       		.byte	0x1
 421 0125 AB       		.byte	0xab
 422 0126 00000000 		.4byte	.LFB2
 423 012a 80000000 		.4byte	.LFE2-.LFB2
 424 012e 01       		.uleb128 0x1
 425 012f 9C       		.byte	0x9c
 426 0130 44010000 		.4byte	0x144
 427 0134 0D       		.uleb128 0xd
 428 0135 42000000 		.4byte	.LVL7
 429 0139 E8000000 		.4byte	0xe8
 430 013d 0E       		.uleb128 0xe
 431 013e 01       		.uleb128 0x1
 432 013f 50       		.byte	0x50
 433 0140 01       		.uleb128 0x1
 434 0141 30       		.byte	0x30
 435 0142 00       		.byte	0
 436 0143 00       		.byte	0
 437 0144 08       		.uleb128 0x8
 438 0145 16020000 		.4byte	.LASF19
 439 0149 01       		.byte	0x1
 440 014a F001     		.2byte	0x1f0
 441 014c 00000000 		.4byte	.LFB6
 442 0150 2C000000 		.4byte	.LFE6-.LFB6
 443 0154 01       		.uleb128 0x1
ARM GAS  C:\Users\Kevin\AppData\Local\Temp\ccOotEeU.s 			page 18


 444 0155 9C       		.byte	0x9c
 445 0156 89010000 		.4byte	0x189
 446 015a 0A       		.uleb128 0xa
 447 015b 10000000 		.4byte	.LASF20
 448 015f 01       		.byte	0x1
 449 0160 F001     		.2byte	0x1f0
 450 0162 76000000 		.4byte	0x76
 451 0166 4A000000 		.4byte	.LLST2
 452 016a 0F       		.uleb128 0xf
 453 016b 27010000 		.4byte	.LASF21
 454 016f 01       		.byte	0x1
 455 0170 F001     		.2byte	0x1f0
 456 0172 76000000 		.4byte	0x76
 457 0176 01       		.uleb128 0x1
 458 0177 51       		.byte	0x51
 459 0178 0B       		.uleb128 0xb
 460 0179 3B000000 		.4byte	.LASF23
 461 017d 01       		.byte	0x1
 462 017e F201     		.2byte	0x1f2
 463 0180 76000000 		.4byte	0x76
 464 0184 6B000000 		.4byte	.LLST3
 465 0188 00       		.byte	0
 466 0189 10       		.uleb128 0x10
 467 018a 05020000 		.4byte	.LASF28
 468 018e 03       		.byte	0x3
 469 018f 1D       		.byte	0x1d
 470 0190 9A010000 		.4byte	0x19a
 471 0194 11       		.uleb128 0x11
 472 0195 6B000000 		.4byte	0x6b
 473 0199 00       		.byte	0
 474 019a 12       		.uleb128 0x12
 475 019b 00000000 		.4byte	.LASF29
 476 019f 04       		.byte	0x4
 477 01a0 1D       		.byte	0x1d
 478 01a1 11       		.uleb128 0x11
 479 01a2 6B000000 		.4byte	0x6b
 480 01a6 00       		.byte	0
 481 01a7 00       		.byte	0
 482              		.section	.debug_abbrev,"",%progbits
 483              	.Ldebug_abbrev0:
 484 0000 01       		.uleb128 0x1
 485 0001 11       		.uleb128 0x11
 486 0002 01       		.byte	0x1
 487 0003 25       		.uleb128 0x25
 488 0004 0E       		.uleb128 0xe
 489 0005 13       		.uleb128 0x13
 490 0006 0B       		.uleb128 0xb
 491 0007 03       		.uleb128 0x3
 492 0008 0E       		.uleb128 0xe
 493 0009 1B       		.uleb128 0x1b
 494 000a 0E       		.uleb128 0xe
 495 000b 55       		.uleb128 0x55
 496 000c 17       		.uleb128 0x17
 497 000d 11       		.uleb128 0x11
 498 000e 01       		.uleb128 0x1
 499 000f 10       		.uleb128 0x10
 500 0010 17       		.uleb128 0x17
ARM GAS  C:\Users\Kevin\AppData\Local\Temp\ccOotEeU.s 			page 19


 501 0011 00       		.byte	0
 502 0012 00       		.byte	0
 503 0013 02       		.uleb128 0x2
 504 0014 24       		.uleb128 0x24
 505 0015 00       		.byte	0
 506 0016 0B       		.uleb128 0xb
 507 0017 0B       		.uleb128 0xb
 508 0018 3E       		.uleb128 0x3e
 509 0019 0B       		.uleb128 0xb
 510 001a 03       		.uleb128 0x3
 511 001b 0E       		.uleb128 0xe
 512 001c 00       		.byte	0
 513 001d 00       		.byte	0
 514 001e 03       		.uleb128 0x3
 515 001f 24       		.uleb128 0x24
 516 0020 00       		.byte	0
 517 0021 0B       		.uleb128 0xb
 518 0022 0B       		.uleb128 0xb
 519 0023 3E       		.uleb128 0x3e
 520 0024 0B       		.uleb128 0xb
 521 0025 03       		.uleb128 0x3
 522 0026 08       		.uleb128 0x8
 523 0027 00       		.byte	0
 524 0028 00       		.byte	0
 525 0029 04       		.uleb128 0x4
 526 002a 16       		.uleb128 0x16
 527 002b 00       		.byte	0
 528 002c 03       		.uleb128 0x3
 529 002d 0E       		.uleb128 0xe
 530 002e 3A       		.uleb128 0x3a
 531 002f 0B       		.uleb128 0xb
 532 0030 3B       		.uleb128 0x3b
 533 0031 0B       		.uleb128 0xb
 534 0032 49       		.uleb128 0x49
 535 0033 13       		.uleb128 0x13
 536 0034 00       		.byte	0
 537 0035 00       		.byte	0
 538 0036 05       		.uleb128 0x5
 539 0037 16       		.uleb128 0x16
 540 0038 00       		.byte	0
 541 0039 03       		.uleb128 0x3
 542 003a 0E       		.uleb128 0xe
 543 003b 3A       		.uleb128 0x3a
 544 003c 0B       		.uleb128 0xb
 545 003d 3B       		.uleb128 0x3b
 546 003e 05       		.uleb128 0x5
 547 003f 49       		.uleb128 0x49
 548 0040 13       		.uleb128 0x13
 549 0041 00       		.byte	0
 550 0042 00       		.byte	0
 551 0043 06       		.uleb128 0x6
 552 0044 35       		.uleb128 0x35
 553 0045 00       		.byte	0
 554 0046 49       		.uleb128 0x49
 555 0047 13       		.uleb128 0x13
 556 0048 00       		.byte	0
 557 0049 00       		.byte	0
ARM GAS  C:\Users\Kevin\AppData\Local\Temp\ccOotEeU.s 			page 20


 558 004a 07       		.uleb128 0x7
 559 004b 2E       		.uleb128 0x2e
 560 004c 00       		.byte	0
 561 004d 3F       		.uleb128 0x3f
 562 004e 19       		.uleb128 0x19
 563 004f 03       		.uleb128 0x3
 564 0050 0E       		.uleb128 0xe
 565 0051 3A       		.uleb128 0x3a
 566 0052 0B       		.uleb128 0xb
 567 0053 3B       		.uleb128 0x3b
 568 0054 0B       		.uleb128 0xb
 569 0055 27       		.uleb128 0x27
 570 0056 19       		.uleb128 0x19
 571 0057 11       		.uleb128 0x11
 572 0058 01       		.uleb128 0x1
 573 0059 12       		.uleb128 0x12
 574 005a 06       		.uleb128 0x6
 575 005b 40       		.uleb128 0x40
 576 005c 18       		.uleb128 0x18
 577 005d 9742     		.uleb128 0x2117
 578 005f 19       		.uleb128 0x19
 579 0060 00       		.byte	0
 580 0061 00       		.byte	0
 581 0062 08       		.uleb128 0x8
 582 0063 2E       		.uleb128 0x2e
 583 0064 01       		.byte	0x1
 584 0065 3F       		.uleb128 0x3f
 585 0066 19       		.uleb128 0x19
 586 0067 03       		.uleb128 0x3
 587 0068 0E       		.uleb128 0xe
 588 0069 3A       		.uleb128 0x3a
 589 006a 0B       		.uleb128 0xb
 590 006b 3B       		.uleb128 0x3b
 591 006c 05       		.uleb128 0x5
 592 006d 27       		.uleb128 0x27
 593 006e 19       		.uleb128 0x19
 594 006f 11       		.uleb128 0x11
 595 0070 01       		.uleb128 0x1
 596 0071 12       		.uleb128 0x12
 597 0072 06       		.uleb128 0x6
 598 0073 40       		.uleb128 0x40
 599 0074 18       		.uleb128 0x18
 600 0075 9742     		.uleb128 0x2117
 601 0077 19       		.uleb128 0x19
 602 0078 01       		.uleb128 0x1
 603 0079 13       		.uleb128 0x13
 604 007a 00       		.byte	0
 605 007b 00       		.byte	0
 606 007c 09       		.uleb128 0x9
 607 007d 898201   		.uleb128 0x4109
 608 0080 00       		.byte	0
 609 0081 11       		.uleb128 0x11
 610 0082 01       		.uleb128 0x1
 611 0083 31       		.uleb128 0x31
 612 0084 13       		.uleb128 0x13
 613 0085 00       		.byte	0
 614 0086 00       		.byte	0
ARM GAS  C:\Users\Kevin\AppData\Local\Temp\ccOotEeU.s 			page 21


 615 0087 0A       		.uleb128 0xa
 616 0088 05       		.uleb128 0x5
 617 0089 00       		.byte	0
 618 008a 03       		.uleb128 0x3
 619 008b 0E       		.uleb128 0xe
 620 008c 3A       		.uleb128 0x3a
 621 008d 0B       		.uleb128 0xb
 622 008e 3B       		.uleb128 0x3b
 623 008f 05       		.uleb128 0x5
 624 0090 49       		.uleb128 0x49
 625 0091 13       		.uleb128 0x13
 626 0092 02       		.uleb128 0x2
 627 0093 17       		.uleb128 0x17
 628 0094 00       		.byte	0
 629 0095 00       		.byte	0
 630 0096 0B       		.uleb128 0xb
 631 0097 34       		.uleb128 0x34
 632 0098 00       		.byte	0
 633 0099 03       		.uleb128 0x3
 634 009a 0E       		.uleb128 0xe
 635 009b 3A       		.uleb128 0x3a
 636 009c 0B       		.uleb128 0xb
 637 009d 3B       		.uleb128 0x3b
 638 009e 05       		.uleb128 0x5
 639 009f 49       		.uleb128 0x49
 640 00a0 13       		.uleb128 0x13
 641 00a1 02       		.uleb128 0x2
 642 00a2 17       		.uleb128 0x17
 643 00a3 00       		.byte	0
 644 00a4 00       		.byte	0
 645 00a5 0C       		.uleb128 0xc
 646 00a6 2E       		.uleb128 0x2e
 647 00a7 01       		.byte	0x1
 648 00a8 3F       		.uleb128 0x3f
 649 00a9 19       		.uleb128 0x19
 650 00aa 03       		.uleb128 0x3
 651 00ab 0E       		.uleb128 0xe
 652 00ac 3A       		.uleb128 0x3a
 653 00ad 0B       		.uleb128 0xb
 654 00ae 3B       		.uleb128 0x3b
 655 00af 0B       		.uleb128 0xb
 656 00b0 27       		.uleb128 0x27
 657 00b1 19       		.uleb128 0x19
 658 00b2 11       		.uleb128 0x11
 659 00b3 01       		.uleb128 0x1
 660 00b4 12       		.uleb128 0x12
 661 00b5 06       		.uleb128 0x6
 662 00b6 40       		.uleb128 0x40
 663 00b7 18       		.uleb128 0x18
 664 00b8 9742     		.uleb128 0x2117
 665 00ba 19       		.uleb128 0x19
 666 00bb 01       		.uleb128 0x1
 667 00bc 13       		.uleb128 0x13
 668 00bd 00       		.byte	0
 669 00be 00       		.byte	0
 670 00bf 0D       		.uleb128 0xd
 671 00c0 898201   		.uleb128 0x4109
ARM GAS  C:\Users\Kevin\AppData\Local\Temp\ccOotEeU.s 			page 22


 672 00c3 01       		.byte	0x1
 673 00c4 11       		.uleb128 0x11
 674 00c5 01       		.uleb128 0x1
 675 00c6 31       		.uleb128 0x31
 676 00c7 13       		.uleb128 0x13
 677 00c8 00       		.byte	0
 678 00c9 00       		.byte	0
 679 00ca 0E       		.uleb128 0xe
 680 00cb 8A8201   		.uleb128 0x410a
 681 00ce 00       		.byte	0
 682 00cf 02       		.uleb128 0x2
 683 00d0 18       		.uleb128 0x18
 684 00d1 9142     		.uleb128 0x2111
 685 00d3 18       		.uleb128 0x18
 686 00d4 00       		.byte	0
 687 00d5 00       		.byte	0
 688 00d6 0F       		.uleb128 0xf
 689 00d7 05       		.uleb128 0x5
 690 00d8 00       		.byte	0
 691 00d9 03       		.uleb128 0x3
 692 00da 0E       		.uleb128 0xe
 693 00db 3A       		.uleb128 0x3a
 694 00dc 0B       		.uleb128 0xb
 695 00dd 3B       		.uleb128 0x3b
 696 00de 05       		.uleb128 0x5
 697 00df 49       		.uleb128 0x49
 698 00e0 13       		.uleb128 0x13
 699 00e1 02       		.uleb128 0x2
 700 00e2 18       		.uleb128 0x18
 701 00e3 00       		.byte	0
 702 00e4 00       		.byte	0
 703 00e5 10       		.uleb128 0x10
 704 00e6 2E       		.uleb128 0x2e
 705 00e7 01       		.byte	0x1
 706 00e8 3F       		.uleb128 0x3f
 707 00e9 19       		.uleb128 0x19
 708 00ea 03       		.uleb128 0x3
 709 00eb 0E       		.uleb128 0xe
 710 00ec 3A       		.uleb128 0x3a
 711 00ed 0B       		.uleb128 0xb
 712 00ee 3B       		.uleb128 0x3b
 713 00ef 0B       		.uleb128 0xb
 714 00f0 27       		.uleb128 0x27
 715 00f1 19       		.uleb128 0x19
 716 00f2 3C       		.uleb128 0x3c
 717 00f3 19       		.uleb128 0x19
 718 00f4 01       		.uleb128 0x1
 719 00f5 13       		.uleb128 0x13
 720 00f6 00       		.byte	0
 721 00f7 00       		.byte	0
 722 00f8 11       		.uleb128 0x11
 723 00f9 05       		.uleb128 0x5
 724 00fa 00       		.byte	0
 725 00fb 49       		.uleb128 0x49
 726 00fc 13       		.uleb128 0x13
 727 00fd 00       		.byte	0
 728 00fe 00       		.byte	0
ARM GAS  C:\Users\Kevin\AppData\Local\Temp\ccOotEeU.s 			page 23


 729 00ff 12       		.uleb128 0x12
 730 0100 2E       		.uleb128 0x2e
 731 0101 01       		.byte	0x1
 732 0102 3F       		.uleb128 0x3f
 733 0103 19       		.uleb128 0x19
 734 0104 03       		.uleb128 0x3
 735 0105 0E       		.uleb128 0xe
 736 0106 3A       		.uleb128 0x3a
 737 0107 0B       		.uleb128 0xb
 738 0108 3B       		.uleb128 0x3b
 739 0109 0B       		.uleb128 0xb
 740 010a 27       		.uleb128 0x27
 741 010b 19       		.uleb128 0x19
 742 010c 3C       		.uleb128 0x3c
 743 010d 19       		.uleb128 0x19
 744 010e 00       		.byte	0
 745 010f 00       		.byte	0
 746 0110 00       		.byte	0
 747              		.section	.debug_loc,"",%progbits
 748              	.Ldebug_loc0:
 749              	.LLST0:
 750 0000 00000000 		.4byte	.LVL2
 751 0004 0A000000 		.4byte	.LVL5
 752 0008 0100     		.2byte	0x1
 753 000a 50       		.byte	0x50
 754 000b 0A000000 		.4byte	.LVL5
 755 000f 20000000 		.4byte	.LFE5
 756 0013 0400     		.2byte	0x4
 757 0015 F3       		.byte	0xf3
 758 0016 01       		.uleb128 0x1
 759 0017 50       		.byte	0x50
 760 0018 9F       		.byte	0x9f
 761 0019 00000000 		.4byte	0
 762 001d 00000000 		.4byte	0
 763              	.LLST1:
 764 0021 04000000 		.4byte	.LVL3
 765 0025 08000000 		.4byte	.LVL4
 766 0029 0100     		.2byte	0x1
 767 002b 52       		.byte	0x52
 768 002c 08000000 		.4byte	.LVL4
 769 0030 12000000 		.4byte	.LVL6
 770 0034 0100     		.2byte	0x1
 771 0036 53       		.byte	0x53
 772 0037 12000000 		.4byte	.LVL6
 773 003b 20000000 		.4byte	.LFE5
 774 003f 0100     		.2byte	0x1
 775 0041 50       		.byte	0x50
 776 0042 00000000 		.4byte	0
 777 0046 00000000 		.4byte	0
 778              	.LLST2:
 779 004a 00000000 		.4byte	.LVL8
 780 004e 08000000 		.4byte	.LVL9
 781 0052 0100     		.2byte	0x1
 782 0054 50       		.byte	0x50
 783 0055 08000000 		.4byte	.LVL9
 784 0059 2C000000 		.4byte	.LFE6
 785 005d 0400     		.2byte	0x4
ARM GAS  C:\Users\Kevin\AppData\Local\Temp\ccOotEeU.s 			page 24


 786 005f F3       		.byte	0xf3
 787 0060 01       		.uleb128 0x1
 788 0061 50       		.byte	0x50
 789 0062 9F       		.byte	0x9f
 790 0063 00000000 		.4byte	0
 791 0067 00000000 		.4byte	0
 792              	.LLST3:
 793 006b 0E000000 		.4byte	.LVL10
 794 006f 18000000 		.4byte	.LVL11
 795 0073 0100     		.2byte	0x1
 796 0075 50       		.byte	0x50
 797 0076 18000000 		.4byte	.LVL11
 798 007a 1C000000 		.4byte	.LVL12
 799 007e 0C00     		.2byte	0xc
 800 0080 0A       		.byte	0xa
 801 0081 0001     		.2byte	0x100
 802 0083 F3       		.byte	0xf3
 803 0084 01       		.uleb128 0x1
 804 0085 50       		.byte	0x50
 805 0086 24       		.byte	0x24
 806 0087 0A       		.byte	0xa
 807 0088 000F     		.2byte	0xf00
 808 008a 1A       		.byte	0x1a
 809 008b 9F       		.byte	0x9f
 810 008c 1C000000 		.4byte	.LVL12
 811 0090 24000000 		.4byte	.LVL13
 812 0094 0100     		.2byte	0x1
 813 0096 50       		.byte	0x50
 814 0097 24000000 		.4byte	.LVL13
 815 009b 2C000000 		.4byte	.LFE6
 816 009f 0C00     		.2byte	0xc
 817 00a1 0A       		.byte	0xa
 818 00a2 0001     		.2byte	0x100
 819 00a4 F3       		.byte	0xf3
 820 00a5 01       		.uleb128 0x1
 821 00a6 50       		.byte	0x50
 822 00a7 24       		.byte	0x24
 823 00a8 0A       		.byte	0xa
 824 00a9 000F     		.2byte	0xf00
 825 00ab 1A       		.byte	0x1a
 826 00ac 9F       		.byte	0x9f
 827 00ad 00000000 		.4byte	0
 828 00b1 00000000 		.4byte	0
 829              		.section	.debug_aranges,"",%progbits
 830 0000 3C000000 		.4byte	0x3c
 831 0004 0200     		.2byte	0x2
 832 0006 00000000 		.4byte	.Ldebug_info0
 833 000a 04       		.byte	0x4
 834 000b 00       		.byte	0
 835 000c 0000     		.2byte	0
 836 000e 0000     		.2byte	0
 837 0010 00000000 		.4byte	.LFB3
 838 0014 1C000000 		.4byte	.LFE3-.LFB3
 839 0018 00000000 		.4byte	.LFB4
 840 001c 40000000 		.4byte	.LFE4-.LFB4
 841 0020 00000000 		.4byte	.LFB5
 842 0024 20000000 		.4byte	.LFE5-.LFB5
ARM GAS  C:\Users\Kevin\AppData\Local\Temp\ccOotEeU.s 			page 25


 843 0028 00000000 		.4byte	.LFB2
 844 002c 80000000 		.4byte	.LFE2-.LFB2
 845 0030 00000000 		.4byte	.LFB6
 846 0034 2C000000 		.4byte	.LFE6-.LFB6
 847 0038 00000000 		.4byte	0
 848 003c 00000000 		.4byte	0
 849              		.section	.debug_ranges,"",%progbits
 850              	.Ldebug_ranges0:
 851 0000 00000000 		.4byte	.LFB3
 852 0004 1C000000 		.4byte	.LFE3
 853 0008 00000000 		.4byte	.LFB4
 854 000c 40000000 		.4byte	.LFE4
 855 0010 00000000 		.4byte	.LFB5
 856 0014 20000000 		.4byte	.LFE5
 857 0018 00000000 		.4byte	.LFB2
 858 001c 80000000 		.4byte	.LFE2
 859 0020 00000000 		.4byte	.LFB6
 860 0024 2C000000 		.4byte	.LFE6
 861 0028 00000000 		.4byte	0
 862 002c 00000000 		.4byte	0
 863              		.section	.debug_line,"",%progbits
 864              	.Ldebug_line0:
 865 0000 FE000000 		.section	.debug_str,"MS",%progbits,1
 865      02007C00 
 865      00000201 
 865      FB0E0D00 
 865      01010101 
 866              	.LASF29:
 867 0000 5350495F 		.ascii	"SPI_ss0_m_Write\000"
 867      7373305F 
 867      6D5F5772 
 867      69746500 
 868              	.LASF20:
 869 0010 736C6176 		.ascii	"slaveSelect\000"
 869      6553656C 
 869      65637400 
 870              	.LASF3:
 871 001c 73686F72 		.ascii	"short unsigned int\000"
 871      7420756E 
 871      7369676E 
 871      65642069 
 871      6E7400
 872              	.LASF18:
 873 002f 5350495F 		.ascii	"SPI_SpiInit\000"
 873      53706949 
 873      6E697400 
 874              	.LASF23:
 875 003b 7373506F 		.ascii	"ssPolarity\000"
 875      6C617269 
 875      747900
 876              	.LASF17:
 877 0046 5350495F 		.ascii	"SPI_SpiSetActiveSlaveSelect\000"
 877      53706953 
 877      65744163 
 877      74697665 
 877      536C6176 
 878              	.LASF11:
ARM GAS  C:\Users\Kevin\AppData\Local\Temp\ccOotEeU.s 			page 26


 879 0062 666C6F61 		.ascii	"float\000"
 879      7400
 880              	.LASF1:
 881 0068 756E7369 		.ascii	"unsigned char\000"
 881      676E6564 
 881      20636861 
 881      7200
 882              	.LASF5:
 883 0076 6C6F6E67 		.ascii	"long unsigned int\000"
 883      20756E73 
 883      69676E65 
 883      6420696E 
 883      7400
 884              	.LASF27:
 885 0088 5350495F 		.ascii	"SPI_SpiPostEnable\000"
 885      53706950 
 885      6F737445 
 885      6E61626C 
 885      6500
 886              	.LASF9:
 887 009a 75696E74 		.ascii	"uint8\000"
 887      3800
 888              	.LASF12:
 889 00a0 646F7562 		.ascii	"double\000"
 889      6C6500
 890              	.LASF2:
 891 00a7 73686F72 		.ascii	"short int\000"
 891      7420696E 
 891      7400
 892              	.LASF16:
 893 00b1 5350495F 		.ascii	"SPI_SpiStop\000"
 893      53706953 
 893      746F7000 
 894              	.LASF10:
 895 00bd 75696E74 		.ascii	"uint32\000"
 895      333200
 896              	.LASF8:
 897 00c4 756E7369 		.ascii	"unsigned int\000"
 897      676E6564 
 897      20696E74 
 897      00
 898              	.LASF7:
 899 00d1 6C6F6E67 		.ascii	"long long unsigned int\000"
 899      206C6F6E 
 899      6720756E 
 899      7369676E 
 899      65642069 
 900              	.LASF26:
 901 00e8 433A5C55 		.ascii	"C:\\Users\\Kevin\\Documents\\GitHub\\EZtimer\\Firmw"
 901      73657273 
 901      5C4B6576 
 901      696E5C44 
 901      6F63756D 
 902 0115 6172655C 		.ascii	"are\\EZtimer.cydsn\000"
 902      455A7469 
 902      6D65722E 
 902      63796473 
ARM GAS  C:\Users\Kevin\AppData\Local\Temp\ccOotEeU.s 			page 27


 902      6E00
 903              	.LASF21:
 904 0127 706F6C61 		.ascii	"polarity\000"
 904      72697479 
 904      00
 905              	.LASF15:
 906 0130 73697A65 		.ascii	"sizetype\000"
 906      74797065 
 906      00
 907              	.LASF6:
 908 0139 6C6F6E67 		.ascii	"long long int\000"
 908      206C6F6E 
 908      6720696E 
 908      7400
 909              	.LASF13:
 910 0147 63686172 		.ascii	"char\000"
 910      00
 911              	.LASF22:
 912 014c 73706943 		.ascii	"spiCtrl\000"
 912      74726C00 
 913              	.LASF24:
 914 0154 474E5520 		.ascii	"GNU C 4.9.3 20150303 (release) [ARM/embedded-4_9-br"
 914      4320342E 
 914      392E3320 
 914      32303135 
 914      30333033 
 915 0187 616E6368 		.ascii	"anch revision 221220] -mcpu=cortex-m0 -mthumb -g -O"
 915      20726576 
 915      6973696F 
 915      6E203232 
 915      31323230 
 916 01ba 67202D66 		.ascii	"g -ffunction-sections -ffat-lto-objects\000"
 916      66756E63 
 916      74696F6E 
 916      2D736563 
 916      74696F6E 
 917              	.LASF25:
 918 01e2 2E5C4765 		.ascii	".\\Generated_Source\\PSoC4\\SPI_SPI.c\000"
 918      6E657261 
 918      7465645F 
 918      536F7572 
 918      63655C50 
 919              	.LASF28:
 920 0205 5350495F 		.ascii	"SPI_sclk_m_Write\000"
 920      73636C6B 
 920      5F6D5F57 
 920      72697465 
 920      00
 921              	.LASF19:
 922 0216 5350495F 		.ascii	"SPI_SpiSetSlaveSelectPolarity\000"
 922      53706953 
 922      6574536C 
 922      61766553 
 922      656C6563 
 923              	.LASF4:
 924 0234 6C6F6E67 		.ascii	"long int\000"
 924      20696E74 
ARM GAS  C:\Users\Kevin\AppData\Local\Temp\ccOotEeU.s 			page 28


 924      00
 925              	.LASF14:
 926 023d 72656733 		.ascii	"reg32\000"
 926      3200
 927              	.LASF0:
 928 0243 7369676E 		.ascii	"signed char\000"
 928      65642063 
 928      68617200 
 929              		.ident	"GCC: (GNU Tools for ARM Embedded Processors) 4.9.3 20150303 (release) [ARM/embedded-4_9-br
